[epoch 001] backbone=titantpp seed=42 train=1.76537257 nll=1.08551436 time_nll=0.94271287 qty_mae=1.77073340 mark_acc=0.94791679
[epoch 002] backbone=titantpp seed=42 train=0.78555960 nll=0.38161561 time_nll=0.26356838 qty_mae=1.00301905 mark_acc=0.95531089
[epoch 003] backbone=titantpp seed=42 train=0.28561322 nll=0.22750669 time_nll=0.11641708 qty_mae=1.05825670 mark_acc=0.95723475
[epoch 004] backbone=titantpp seed=42 train=0.02131893 nll=-0.35633558 time_nll=-0.46677755 qty_mae=0.82649545 mark_acc=0.95638871
[epoch 005] backbone=titantpp seed=42 train=-0.73121841 nll=-1.06905798 time_nll=-1.18595748 qty_mae=0.77423524 mark_acc=0.95389697
[epoch 006] backbone=titantpp seed=42 train=-1.13859392 nll=-1.32769309 time_nll=-1.42848346 qty_mae=1.01351016 mark_acc=0.95978444
[epoch 007] backbone=titantpp seed=42 train=-1.35553825 nll=-1.52010820 time_nll=-1.62364498 qty_mae=0.72962770 mark_acc=0.95910065
[epoch 008] backbone=titantpp seed=42 train=-1.53769287 nll=-1.68546215 time_nll=-1.78629938 qty_mae=0.70916089 mark_acc=0.95870661
[epoch 009] backbone=titantpp seed=42 train=-1.68979687 nll=-1.80981666 time_nll=-1.92394019 qty_mae=0.64864020 mark_acc=0.95248305
[epoch 010] backbone=titantpp seed=42 train=-1.81941670 nll=-1.93005431 time_nll=-2.04238750 qty_mae=0.77782917 mark_acc=0.95099959
[epoch 011] backbone=titantpp seed=42 train=-1.93199706 nll=-2.04273806 time_nll=-2.14599850 qty_mae=0.69519009 mark_acc=0.95824303
[epoch 012] backbone=titantpp seed=42 train=-2.03026113 nll=-2.14201851 time_nll=-2.23762077 qty_mae=0.84442013 mark_acc=0.95987715
[epoch 013] backbone=titantpp seed=42 train=-2.11878062 nll=-2.21297372 time_nll=-2.31937056 qty_mae=1.22753661 mark_acc=0.95531089
[epoch 014] backbone=titantpp seed=42 train=-2.19711154 nll=-2.29723298 time_nll=-2.39306150 qty_mae=0.64842339 mark_acc=0.96159240
[epoch 015] backbone=titantpp seed=42 train=-2.26825382 nll=-2.36050887 time_nll=-2.46007185 qty_mae=0.72004931 mark_acc=0.95738541
[epoch 016] backbone=titantpp seed=42 train=-2.33269225 nll=-2.42277535 time_nll=-2.52107034 qty_mae=0.74216342 mark_acc=0.96008576
[epoch 017] backbone=titantpp seed=42 train=-2.39253576 nll=-2.47652328 time_nll=-2.57701319 qty_mae=0.66019978 mark_acc=0.95869502
[epoch 018] backbone=titantpp seed=42 train=-2.44650350 nll=-2.53272849 time_nll=-2.62860439 qty_mae=0.70071041 mark_acc=0.96009735
[epoch 019] backbone=titantpp seed=42 train=-2.49700367 nll=-2.58591977 time_nll=-2.67621650 qty_mae=0.78601601 mark_acc=0.96291360
[epoch 020] backbone=titantpp seed=42 train=-2.54326934 nll=-2.62717539 time_nll=-2.72049822 qty_mae=0.70053539 mark_acc=0.96047981
[epoch 021] backbone=titantpp seed=42 train=-2.58589461 nll=-2.67094605 time_nll=-2.76157611 qty_mae=0.66285874 mark_acc=0.96195167
[epoch 022] backbone=titantpp seed=42 train=-2.62669756 nll=-2.70802684 time_nll=-2.80011055 qty_mae=0.94679998 mark_acc=0.96278612
[epoch 023] backbone=titantpp seed=42 train=-2.66411300 nll=-2.73984137 time_nll=-2.83607891 qty_mae=0.71147151 mark_acc=0.95992351
[epoch 024] backbone=titantpp seed=42 train=-2.69935097 nll=-2.77757911 time_nll=-2.86957148 qty_mae=0.64659374 mark_acc=0.96190531
[epoch 025] backbone=titantpp seed=42 train=-2.73220501 nll=-2.80001426 time_nll=-2.90139323 qty_mae=0.69253213 mark_acc=0.95819667
[epoch 026] backbone=titantpp seed=42 train=-2.76318827 nll=-2.83467845 time_nll=-2.93137560 qty_mae=0.76911798 mark_acc=0.95991192
[epoch 027] backbone=titantpp seed=42 train=-2.79247859 nll=-2.86175780 time_nll=-2.95931153 qty_mae=0.65885608 mark_acc=0.95972649
[epoch 028] backbone=titantpp seed=42 train=-2.82033325 nll=-2.88899727 time_nll=-2.98603976 qty_mae=0.70867483 mark_acc=0.96093180
[epoch 029] backbone=titantpp seed=42 train=-2.84665787 nll=-2.91194319 time_nll=-3.01117105 qty_mae=0.70513440 mark_acc=0.95910065
[epoch 030] backbone=titantpp seed=42 train=-2.87071513 nll=-2.93925149 time_nll=-3.03503772 qty_mae=0.74296580 mark_acc=0.96133743
[epoch 031] backbone=titantpp seed=42 train=-2.89459656 nll=-2.96107767 time_nll=-3.05742918 qty_mae=0.64216215 mark_acc=0.95995828
[epoch 032] backbone=titantpp seed=42 train=-2.91711369 nll=-2.98896081 time_nll=-3.07903530 qty_mae=0.69545211 mark_acc=0.96159240
[epoch 033] backbone=titantpp seed=42 train=-2.93832174 nll=-3.00057881 time_nll=-3.09933962 qty_mae=0.74107813 mark_acc=0.95966854
[epoch 034] backbone=titantpp seed=42 train=-2.95792939 nll=-3.02920790 time_nll=-3.11866583 qty_mae=0.70115378 mark_acc=0.96291360
[epoch 035] backbone=titantpp seed=42 train=-2.97756265 nll=-3.03936538 time_nll=-3.13723618 qty_mae=0.76168686 mark_acc=0.95866025
[epoch 036] backbone=titantpp seed=42 train=-2.99587351 nll=-3.05739032 time_nll=-3.15480760 qty_mae=0.75021075 mark_acc=0.96067683
[epoch 037] backbone=titantpp seed=42 train=-3.01253251 nll=-3.07416475 time_nll=-3.17166223 qty_mae=0.73207314 mark_acc=0.96054934
[epoch 038] backbone=titantpp seed=42 train=-3.02952392 nll=-3.09178382 time_nll=-3.18768969 qty_mae=0.66368987 mark_acc=0.96074636
[epoch 039] backbone=titantpp seed=42 train=-3.04541699 nll=-3.10977834 time_nll=-3.20289506 qty_mae=0.73299782 mark_acc=0.96155763
[epoch 040] backbone=titantpp seed=42 train=-3.06081344 nll=-3.12193365 time_nll=-3.21757030 qty_mae=0.73511332 mark_acc=0.96030596
[epoch 041] backbone=titantpp seed=42 train=-3.07538231 nll=-3.12996376 time_nll=-3.23170338 qty_mae=0.70447862 mark_acc=0.95882251
[epoch 042] backbone=titantpp seed=42 train=-3.08889323 nll=-3.14744515 time_nll=-3.24501904 qty_mae=0.69463694 mark_acc=0.95935562
[epoch 043] backbone=titantpp seed=42 train=-3.10185994 nll=-3.16419562 time_nll=-3.25802238 qty_mae=0.62484435 mark_acc=0.96151127
[epoch 044] backbone=titantpp seed=42 train=-3.11506531 nll=-3.16852013 time_nll=-3.27018344 qty_mae=0.73045609 mark_acc=0.95808078
[epoch 045] backbone=titantpp seed=42 train=-3.12692736 nll=-3.18711190 time_nll=-3.28208603 qty_mae=0.67212867 mark_acc=0.96036391
[epoch 046] backbone=titantpp seed=42 train=-3.13875753 nll=-3.18889385 time_nll=-3.29345537 qty_mae=0.65764151 mark_acc=0.95672481
[epoch 047] backbone=titantpp seed=42 train=-3.14977181 nll=-3.20881092 time_nll=-3.30432330 qty_mae=0.74118108 mark_acc=0.96075795
[epoch 048] backbone=titantpp seed=42 train=-3.16103828 nll=-3.21711110 time_nll=-3.31468601 qty_mae=0.64461946 mark_acc=0.96052616
[epoch 049] backbone=titantpp seed=42 train=-3.17078344 nll=-3.22034828 time_nll=-3.32472255 qty_mae=0.74382455 mark_acc=0.95818508
[epoch 050] backbone=titantpp seed=42 train=-3.18058829 nll=-3.23864535 time_nll=-3.33434081 qty_mae=0.68922226 mark_acc=0.96000464
[epoch 051] backbone=titantpp seed=42 train=-3.19069282 nll=-3.24841220 time_nll=-3.34355442 qty_mae=0.68898699 mark_acc=0.96002781
[epoch 052] backbone=titantpp seed=42 train=-3.19966973 nll=-3.25556924 time_nll=-3.35235416 qty_mae=0.67621151 mark_acc=0.95839370
[epoch 053] backbone=titantpp seed=42 train=-3.20869821 nll=-3.25621440 time_nll=-3.36085145 qty_mae=0.77288602 mark_acc=0.95569334
[epoch 054] backbone=titantpp seed=42 train=-3.21694537 nll=-3.27104693 time_nll=-3.36909932 qty_mae=0.72751079 mark_acc=0.95818508
[epoch 055] backbone=titantpp seed=42 train=-3.22509563 nll=-3.27585269 time_nll=-3.37704362 qty_mae=0.73027568 mark_acc=0.95871820
[epoch 056] backbone=titantpp seed=42 train=-3.23332723 nll=-3.28308009 time_nll=-3.38460906 qty_mae=0.67526741 mark_acc=0.96041027
[epoch 057] backbone=titantpp seed=42 train=-3.24084619 nll=-3.28686475 time_nll=-3.39187434 qty_mae=0.80178446 mark_acc=0.95747812
[epoch 058] backbone=titantpp seed=42 train=-3.24783245 nll=-3.29900833 time_nll=-3.39880306 qty_mae=0.66764822 mark_acc=0.95979602
[epoch 059] backbone=titantpp seed=42 train=-3.25483284 nll=-3.30790449 time_nll=-3.40559926 qty_mae=0.61765863 mark_acc=0.96120994
[epoch 060] backbone=titantpp seed=42 train=-3.26162704 nll=-3.31885130 time_nll=-3.41204677 qty_mae=0.71778627 mark_acc=0.96044504
[epoch 061] backbone=titantpp seed=42 train=-3.26804430 nll=-3.32071260 time_nll=-3.41845247 qty_mae=0.69520057 mark_acc=0.95923973
[epoch 062] backbone=titantpp seed=42 train=-3.27422315 nll=-3.32212913 time_nll=-3.42447567 qty_mae=0.64819460 mark_acc=0.95978444
[epoch 063] backbone=titantpp seed=42 train=-3.28025295 nll=-3.32482253 time_nll=-3.43031059 qty_mae=0.88626476 mark_acc=0.95804601
[epoch 064] backbone=titantpp seed=42 train=-3.28610367 nll=-3.32604171 time_nll=-3.43589264 qty_mae=0.66758369 mark_acc=0.95483572
[epoch 065] backbone=titantpp seed=42 train=-3.29174825 nll=-3.33949091 time_nll=-3.44143723 qty_mae=0.69612970 mark_acc=0.95795329
[epoch 066] backbone=titantpp seed=42 train=-3.29743739 nll=-3.34449401 time_nll=-3.44660178 qty_mae=0.68685369 mark_acc=0.95854436
[epoch 067] backbone=titantpp seed=42 train=-3.30209434 nll=-3.35071493 time_nll=-3.45166967 qty_mae=0.72263473 mark_acc=0.95956423
[epoch 068] backbone=titantpp seed=42 train=-3.30754749 nll=-3.35014920 time_nll=-3.45647896 qty_mae=0.62966820 mark_acc=0.95565857
[epoch 069] backbone=titantpp seed=42 train=-3.31232475 nll=-3.34742913 time_nll=-3.46114217 qty_mae=0.82659187 mark_acc=0.95466188
[epoch 070] backbone=titantpp seed=42 train=-3.31750440 nll=-3.36074137 time_nll=-3.46574557 qty_mae=0.62557272 mark_acc=0.95560063
[epoch 071] backbone=titantpp seed=42 train=-3.32160948 nll=-3.36869317 time_nll=-3.47014944 qty_mae=0.76825351 mark_acc=0.95736223
[epoch 072] backbone=titantpp seed=42 train=-3.32539801 nll=-3.37674490 time_nll=-3.47429243 qty_mae=0.62133469 mark_acc=0.95971490
[epoch 073] backbone=titantpp seed=42 train=-3.33021678 nll=-3.38333929 time_nll=-3.47848019 qty_mae=0.72788942 mark_acc=0.96079272
[epoch 074] backbone=titantpp seed=42 train=-3.33446677 nll=-3.38116019 time_nll=-3.48237392 qty_mae=0.64284984 mark_acc=0.95983079
[epoch 075] backbone=titantpp seed=42 train=-3.33811908 nll=-3.37892204 time_nll=-3.48629737 qty_mae=0.67091674 mark_acc=0.95660891
[epoch 076] backbone=titantpp seed=42 train=-3.34213204 nll=-3.39183272 time_nll=-3.48984919 qty_mae=0.62487793 mark_acc=0.95917019
[epoch 077] backbone=titantpp seed=42 train=-3.34537044 nll=-3.39228835 time_nll=-3.49347045 qty_mae=0.85190978 mark_acc=0.95706090
[epoch 078] backbone=titantpp seed=42 train=-3.34925630 nll=-3.39539545 time_nll=-3.49682406 qty_mae=0.63464939 mark_acc=0.95984238
[epoch 079] backbone=titantpp seed=42 train=-3.35267013 nll=-3.39675007 time_nll=-3.50025677 qty_mae=0.88189733 mark_acc=0.95799965
[epoch 080] backbone=titantpp seed=42 train=-3.35603841 nll=-3.40430312 time_nll=-3.50350849 qty_mae=0.72525022 mark_acc=0.95925132
[epoch 081] backbone=titantpp seed=42 train=-3.35991865 nll=-3.40340191 time_nll=-3.50657117 qty_mae=0.63759844 mark_acc=0.95750130
[epoch 082] backbone=titantpp seed=42 train=-3.36282601 nll=-3.40551578 time_nll=-3.50965550 qty_mae=0.77411532 mark_acc=0.95830098
[epoch 083] backbone=titantpp seed=42 train=-3.36556751 nll=-3.39207080 time_nll=-3.51255053 qty_mae=0.80380807 mark_acc=0.95178768
[epoch 084] backbone=titantpp seed=42 train=-3.36829489 nll=-3.41385798 time_nll=-3.51532489 qty_mae=0.63701538 mark_acc=0.95896158
[epoch 085] backbone=titantpp seed=42 train=-3.37127633 nll=-3.41375702 time_nll=-3.51810744 qty_mae=0.66354458 mark_acc=0.95728110
[epoch 086] backbone=titantpp seed=42 train=-3.37417373 nll=-3.41626056 time_nll=-3.52077073 qty_mae=0.72637778 mark_acc=0.95703772
[epoch 087] backbone=titantpp seed=42 train=-3.37681235 nll=-3.42092118 time_nll=-3.52326623 qty_mae=0.76532678 mark_acc=0.95707249
[epoch 088] backbone=titantpp seed=42 train=-3.37947722 nll=-3.42367261 time_nll=-3.52577895 qty_mae=0.60343082 mark_acc=0.95905430
[epoch 089] backbone=titantpp seed=42 train=-3.38155001 nll=-3.42964124 time_nll=-3.52825986 qty_mae=0.75916816 mark_acc=0.95840528
[epoch 090] backbone=titantpp seed=42 train=-3.38435710 nll=-3.42394757 time_nll=-3.53053681 qty_mae=0.72456884 mark_acc=0.95633076
[epoch 091] backbone=titantpp seed=42 train=-3.38661373 nll=-3.42644958 time_nll=-3.53277020 qty_mae=0.70246570 mark_acc=0.95620328
[epoch 092] backbone=titantpp seed=42 train=-3.38914510 nll=-3.42693967 time_nll=-3.53503434 qty_mae=0.74495446 mark_acc=0.95679434
[epoch 093] backbone=titantpp seed=42 train=-3.39098708 nll=-3.43550257 time_nll=-3.53709430 qty_mae=0.62642569 mark_acc=0.95845164
[epoch 094] backbone=titantpp seed=42 train=-3.39356121 nll=-3.43978817 time_nll=-3.53908320 qty_mae=0.62905654 mark_acc=0.95898476
[epoch 095] backbone=titantpp seed=42 train=-3.39526449 nll=-3.42925801 time_nll=-3.54098949 qty_mae=0.68568949 mark_acc=0.95544996
[epoch 096] backbone=titantpp seed=42 train=-3.39736508 nll=-3.43925058 time_nll=-3.54310513 qty_mae=0.63663848 mark_acc=0.95762879
[epoch 097] backbone=titantpp seed=42 train=-3.39955558 nll=-3.43961104 time_nll=-3.54492420 qty_mae=0.71523711 mark_acc=0.95914701
[epoch 098] backbone=titantpp seed=42 train=-3.40147746 nll=-3.43657212 time_nll=-3.54672173 qty_mae=0.63876977 mark_acc=0.95615692
[epoch 099] backbone=titantpp seed=42 train=-3.40303319 nll=-3.44225097 time_nll=-3.54839083 qty_mae=0.70749254 mark_acc=0.95555427
[epoch 100] backbone=titantpp seed=42 train=-3.40500658 nll=-3.44398788 time_nll=-3.55014880 qty_mae=0.65162139 mark_acc=0.95657414
[epoch 101] backbone=titantpp seed=42 train=-3.40690467 nll=-3.44195145 time_nll=-3.55183431 qty_mae=0.70891396 mark_acc=0.95517181
[epoch 102] backbone=titantpp seed=42 train=-3.40836669 nll=-3.44594920 time_nll=-3.55341168 qty_mae=0.66190236 mark_acc=0.95695660
[epoch 103] backbone=titantpp seed=42 train=-3.41007748 nll=-3.44721123 time_nll=-3.55487456 qty_mae=0.71573966 mark_acc=0.95521817
[epoch 104] backbone=titantpp seed=42 train=-3.41145076 nll=-3.45201816 time_nll=-3.55630957 qty_mae=0.67381178 mark_acc=0.95600626
[epoch 105] backbone=titantpp seed=42 train=-3.41289492 nll=-3.44815743 time_nll=-3.55771982 qty_mae=0.66340235 mark_acc=0.95745495
[epoch 106] backbone=titantpp seed=42 train=-3.41412662 nll=-3.45192103 time_nll=-3.55923750 qty_mae=0.63764455 mark_acc=0.95711885
[epoch 107] backbone=titantpp seed=42 train=-3.41588956 nll=-3.46047995 time_nll=-3.56067070 qty_mae=0.74487635 mark_acc=0.95904271
[epoch 108] backbone=titantpp seed=42 train=-3.41748863 nll=-3.45959980 time_nll=-3.56183650 qty_mae=0.71803973 mark_acc=0.95952947
[epoch 109] backbone=titantpp seed=42 train=-3.41845626 nll=-3.45054520 time_nll=-3.56301252 qty_mae=0.74803363 mark_acc=0.95674799
[epoch 110] backbone=titantpp seed=42 train=-3.41970512 nll=-3.45524562 time_nll=-3.56432175 qty_mae=0.80857267 mark_acc=0.95827780
[epoch 111] backbone=titantpp seed=42 train=-3.42083458 nll=-3.45786782 time_nll=-3.56555548 qty_mae=0.72526957 mark_acc=0.95538043
[epoch 112] backbone=titantpp seed=42 train=-3.42249395 nll=-3.45219921 time_nll=-3.56678144 qty_mae=0.94721997 mark_acc=0.95150953
[epoch 113] backbone=titantpp seed=42 train=-3.42421001 nll=-3.44183150 time_nll=-3.56797345 qty_mae=0.78594008 mark_acc=0.94872805
[epoch 114] backbone=titantpp seed=42 train=-3.42453894 nll=-3.45673599 time_nll=-3.56902831 qty_mae=0.68977445 mark_acc=0.95446485
[epoch 115] backbone=titantpp seed=42 train=-3.42581646 nll=-3.46391998 time_nll=-3.56986330 qty_mae=0.65955526 mark_acc=0.95656255
[epoch 116] backbone=titantpp seed=42 train=-3.42708341 nll=-3.46629309 time_nll=-3.57079684 qty_mae=0.88337182 mark_acc=0.95854436
[epoch 117] backbone=titantpp seed=42 train=-3.42767751 nll=-3.44822022 time_nll=-3.57187159 qty_mae=0.73539968 mark_acc=0.95288868
[epoch 118] backbone=titantpp seed=42 train=-3.42839485 nll=-3.46341340 time_nll=-3.57278048 qty_mae=0.70749308 mark_acc=0.95643507
[epoch 119] backbone=titantpp seed=42 train=-3.42989362 nll=-3.46963297 time_nll=-3.57384372 qty_mae=0.66727629 mark_acc=0.95681752
[epoch 120] backbone=titantpp seed=42 train=-3.43064204 nll=-3.46957155 time_nll=-3.57471880 qty_mae=0.73956792 mark_acc=0.95750130
[epoch 121] backbone=titantpp seed=42 train=-3.43180748 nll=-3.46347056 time_nll=-3.57568727 qty_mae=0.70258628 mark_acc=0.95378107
[epoch 122] backbone=titantpp seed=42 train=-3.43282020 nll=-3.47299502 time_nll=-3.57656703 qty_mae=0.69169574 mark_acc=0.95733905
[epoch 123] backbone=titantpp seed=42 train=-3.43347069 nll=-3.46726403 time_nll=-3.57726533 qty_mae=0.69454043 mark_acc=0.95601785
[epoch 124] backbone=titantpp seed=42 train=-3.43459401 nll=-3.47428605 time_nll=-3.57798921 qty_mae=0.82898093 mark_acc=0.95646984
[epoch 125] backbone=titantpp seed=42 train=-3.43505098 nll=-3.47236894 time_nll=-3.57870345 qty_mae=0.71201322 mark_acc=0.95656255
[epoch 126] backbone=titantpp seed=42 train=-3.43592834 nll=-3.48027914 time_nll=-3.57936779 qty_mae=0.64089179 mark_acc=0.95980761
[epoch 127] backbone=titantpp seed=42 train=-3.43690682 nll=-3.47497857 time_nll=-3.58013122 qty_mae=0.68966758 mark_acc=0.95715362
[epoch 128] backbone=titantpp seed=42 train=-3.43762148 nll=-3.47921188 time_nll=-3.58087320 qty_mae=0.68518399 mark_acc=0.95855595
[epoch 129] backbone=titantpp seed=42 train=-3.43822881 nll=-3.47327648 time_nll=-3.58155075 qty_mae=0.77171982 mark_acc=0.95714203
[epoch 130] backbone=titantpp seed=42 train=-3.43886421 nll=-3.47110407 time_nll=-3.58230886 qty_mae=0.82081934 mark_acc=0.95640030
[epoch 131] backbone=titantpp seed=42 train=-3.43951752 nll=-3.47338985 time_nll=-3.58296957 qty_mae=0.70904440 mark_acc=0.95709567
[epoch 132] backbone=titantpp seed=42 train=-3.44063002 nll=-3.48510817 time_nll=-3.58366916 qty_mae=0.61003109 mark_acc=0.95793012
[epoch 133] backbone=titantpp seed=42 train=-3.44103705 nll=-3.47782831 time_nll=-3.58427227 qty_mae=0.73497924 mark_acc=0.95677117
[epoch 134] backbone=titantpp seed=42 train=-3.44160293 nll=-3.47511394 time_nll=-3.58472042 qty_mae=0.70565785 mark_acc=0.95459234
[epoch 135] backbone=titantpp seed=42 train=-3.44197200 nll=-3.46146422 time_nll=-3.58519436 qty_mae=0.72740538 mark_acc=0.94963203
[epoch 136] backbone=titantpp seed=42 train=-3.44269730 nll=-3.46267337 time_nll=-3.58564941 qty_mae=0.72816865 mark_acc=0.95074463
[epoch 137] backbone=titantpp seed=42 train=-3.44328270 nll=-3.47113619 time_nll=-3.58611164 qty_mae=0.64092499 mark_acc=0.95364200
[epoch 138] backbone=titantpp seed=42 train=-3.44348137 nll=-3.48411542 time_nll=-3.58653547 qty_mae=0.77949324 mark_acc=0.95753607
[epoch 139] backbone=titantpp seed=42 train=-3.44426979 nll=-3.47910870 time_nll=-3.58707926 qty_mae=0.70066278 mark_acc=0.95571652
[epoch 140] backbone=titantpp seed=42 train=-3.44462170 nll=-3.47667891 time_nll=-3.58756015 qty_mae=0.72839081 mark_acc=0.95484731
[epoch 141] backbone=titantpp seed=42 train=-3.44525292 nll=-3.46902203 time_nll=-3.58790498 qty_mae=0.65913853 mark_acc=0.95454598
[epoch 142] backbone=titantpp seed=42 train=-3.44591046 nll=-3.46825459 time_nll=-3.58843841 qty_mae=0.82673091 mark_acc=0.95454598
[epoch 143] backbone=titantpp seed=42 train=-3.44664817 nll=-3.45641315 time_nll=-3.58894735 qty_mae=0.67065390 mark_acc=0.94819494
[epoch 144] backbone=titantpp seed=42 train=-3.44617641 nll=-3.47813114 time_nll=-3.58939416 qty_mae=0.67521678 mark_acc=0.95582083
[epoch 145] backbone=titantpp seed=42 train=-3.44705802 nll=-3.47848231 time_nll=-3.58987965 qty_mae=0.65726735 mark_acc=0.95592513
[epoch 146] backbone=titantpp seed=42 train=-3.44722026 nll=-3.47594455 time_nll=-3.59036596 qty_mae=0.68618570 mark_acc=0.95389697
[epoch 147] backbone=titantpp seed=42 train=-3.44810785 nll=-3.48231240 time_nll=-3.59073971 qty_mae=0.63967607 mark_acc=0.95733905
[epoch 148] backbone=titantpp seed=42 train=-3.44874199 nll=-3.48217799 time_nll=-3.59126973 qty_mae=0.70059561 mark_acc=0.95592513
[epoch 149] backbone=titantpp seed=42 train=-3.44966908 nll=-3.48449739 time_nll=-3.59175580 qty_mae=0.59485937 mark_acc=0.95866025
[epoch 150] backbone=titantpp seed=42 train=-3.44947147 nll=-3.47158814 time_nll=-3.59192505 qty_mae=0.60840552 mark_acc=0.95226285
[epoch 151] backbone=titantpp seed=42 train=-3.44976277 nll=-3.48934023 time_nll=-3.59219353 qty_mae=0.82672936 mark_acc=0.95852118
[epoch 152] backbone=titantpp seed=42 train=-3.45014629 nll=-3.47753533 time_nll=-3.59244262 qty_mae=0.63072985 mark_acc=0.95321319
[epoch 153] backbone=titantpp seed=42 train=-3.45018778 nll=-3.48014940 time_nll=-3.59266987 qty_mae=0.81648750 mark_acc=0.95382743
[epoch 154] backbone=titantpp seed=42 train=-3.45047597 nll=-3.47483929 time_nll=-3.59290470 qty_mae=0.66818347 mark_acc=0.95291186
[epoch 155] backbone=titantpp seed=42 train=-3.45115624 nll=-3.47614872 time_nll=-3.59314251 qty_mae=0.78413374 mark_acc=0.95179927
[epoch 156] backbone=titantpp seed=42 train=-3.45129987 nll=-3.47861592 time_nll=-3.59332500 qty_mae=0.71384908 mark_acc=0.95369995
[epoch 157] backbone=titantpp seed=42 train=-3.45142844 nll=-3.48848506 time_nll=-3.59359135 qty_mae=0.64046672 mark_acc=0.95609897
[epoch 158] backbone=titantpp seed=42 train=-3.45134477 nll=-3.49163433 time_nll=-3.59367570 qty_mae=0.83283180 mark_acc=0.95943675
[epoch 159] backbone=titantpp seed=42 train=-3.45194774 nll=-3.48254634 time_nll=-3.59403164 qty_mae=0.70024730 mark_acc=0.95597149
[epoch 160] backbone=titantpp seed=42 train=-3.45209162 nll=-3.48476745 time_nll=-3.59420094 qty_mae=0.71760134 mark_acc=0.95585559
[epoch 161] backbone=titantpp seed=42 train=-3.45219663 nll=-3.47540243 time_nll=-3.59438041 qty_mae=0.77718773 mark_acc=0.95363041
[epoch 162] backbone=titantpp seed=42 train=-3.45234615 nll=-3.47460280 time_nll=-3.59464480 qty_mae=0.87057667 mark_acc=0.95366518
[epoch 163] backbone=titantpp seed=42 train=-3.45272962 nll=-3.49387235 time_nll=-3.59480978 qty_mae=0.61948571 mark_acc=0.95789535
[epoch 164] backbone=titantpp seed=42 train=-3.45317540 nll=-3.48353983 time_nll=-3.59509335 qty_mae=0.63075061 mark_acc=0.95434896
[epoch 165] backbone=titantpp seed=42 train=-3.45294073 nll=-3.47212141 time_nll=-3.59534265 qty_mae=0.65076755 mark_acc=0.95160225
[epoch 166] backbone=titantpp seed=42 train=-3.45394644 nll=-3.48355712 time_nll=-3.59552777 qty_mae=0.72391580 mark_acc=0.95535725
[epoch 167] backbone=titantpp seed=42 train=-3.45421094 nll=-3.47693390 time_nll=-3.59574136 qty_mae=0.69557850 mark_acc=0.95264530
[epoch 168] backbone=titantpp seed=42 train=-3.45426834 nll=-3.47017087 time_nll=-3.59598760 qty_mae=0.63038852 mark_acc=0.94790520
[epoch 169] backbone=titantpp seed=42 train=-3.45423514 nll=-3.48693784 time_nll=-3.59620209 qty_mae=0.64950196 mark_acc=0.95602944
[epoch 170] backbone=titantpp seed=42 train=-3.45423185 nll=-3.49066786 time_nll=-3.59640740 qty_mae=0.82157907 mark_acc=0.95673640
[epoch 171] backbone=titantpp seed=42 train=-3.45502548 nll=-3.48332278 time_nll=-3.59659445 qty_mae=0.68593759 mark_acc=0.95827780
[epoch 172] backbone=titantpp seed=42 train=-3.45472323 nll=-3.50001315 time_nll=-3.59685525 qty_mae=0.77040865 mark_acc=0.95962218
[epoch 173] backbone=titantpp seed=42 train=-3.45495710 nll=-3.47309748 time_nll=-3.59713413 qty_mae=0.63332015 mark_acc=0.95128933
[epoch 174] backbone=titantpp seed=42 train=-3.45577975 nll=-3.48604823 time_nll=-3.59732097 qty_mae=0.68228712 mark_acc=0.95591354
[epoch 175] backbone=titantpp seed=42 train=-3.45558437 nll=-3.47261843 time_nll=-3.59752059 qty_mae=0.63971064 mark_acc=0.95054760
[epoch 176] backbone=titantpp seed=42 train=-3.45600533 nll=-3.48896323 time_nll=-3.59771252 qty_mae=0.70257413 mark_acc=0.95608738
[epoch 177] backbone=titantpp seed=42 train=-3.45609088 nll=-3.48162678 time_nll=-3.59796213 qty_mae=0.73823745 mark_acc=0.95386220
[epoch 178] backbone=titantpp seed=42 train=-3.45664196 nll=-3.48172022 time_nll=-3.59816898 qty_mae=0.68592494 mark_acc=0.95381584
[epoch 179] backbone=titantpp seed=42 train=-3.45698406 nll=-3.47753019 time_nll=-3.59834361 qty_mae=0.68971317 mark_acc=0.95204265
[epoch 180] backbone=titantpp seed=42 train=-3.45704944 nll=-3.49149944 time_nll=-3.59854294 qty_mae=0.72073712 mark_acc=0.95615692
[epoch 181] backbone=titantpp seed=42 train=-3.45741250 nll=-3.48097401 time_nll=-3.59878319 qty_mae=0.68041080 mark_acc=0.95118503
[epoch 182] backbone=titantpp seed=42 train=-3.45722166 nll=-3.49785728 time_nll=-3.59899895 qty_mae=0.67288412 mark_acc=0.95752448
[epoch 183] backbone=titantpp seed=42 train=-3.45728692 nll=-3.49156898 time_nll=-3.59915411 qty_mae=0.74191186 mark_acc=0.95567016
[epoch 184] backbone=titantpp seed=42 train=-3.45769470 nll=-3.49574007 time_nll=-3.59939923 qty_mae=0.67964585 mark_acc=0.95758243
[epoch 185] backbone=titantpp seed=42 train=-3.45829095 nll=-3.48962533 time_nll=-3.59939453 qty_mae=0.68997579 mark_acc=0.95438373
[epoch 186] backbone=titantpp seed=42 train=-3.45790560 nll=-3.50167770 time_nll=-3.59937623 qty_mae=0.66582831 mark_acc=0.96020166
[epoch 187] backbone=titantpp seed=42 train=-3.45824713 nll=-3.49288464 time_nll=-3.59937337 qty_mae=0.69330603 mark_acc=0.95716521
[epoch 188] backbone=titantpp seed=42 train=-3.45849360 nll=-3.48435135 time_nll=-3.59944669 qty_mae=0.65677763 mark_acc=0.95236716
[epoch 189] backbone=titantpp seed=42 train=-3.45781867 nll=-3.48009187 time_nll=-3.59935233 qty_mae=0.68384828 mark_acc=0.95491685
[epoch 190] backbone=titantpp seed=42 train=-3.45818801 nll=-3.49964343 time_nll=-3.59945895 qty_mae=0.70019653 mark_acc=0.95993510
[epoch 191] backbone=titantpp seed=42 train=-3.45844834 nll=-3.49622567 time_nll=-3.59938044 qty_mae=0.69107521 mark_acc=0.95943675
[epoch 192] backbone=titantpp seed=42 train=-3.45826263 nll=-3.49733824 time_nll=-3.59941429 qty_mae=0.66209670 mark_acc=0.95808078
[epoch 193] backbone=titantpp seed=42 train=-3.45795487 nll=-3.49359650 time_nll=-3.59942170 qty_mae=0.63404747 mark_acc=0.95682911
[epoch 194] backbone=titantpp seed=42 train=-3.45806830 nll=-3.50124607 time_nll=-3.59936779 qty_mae=0.71269851 mark_acc=0.96068842
[epoch 195] backbone=titantpp seed=42 train=-3.45804171 nll=-3.49529581 time_nll=-3.59934208 qty_mae=0.70617333 mark_acc=0.95823144
[epoch 196] backbone=titantpp seed=42 train=-3.45811294 nll=-3.48814133 time_nll=-3.59945299 qty_mae=0.78700700 mark_acc=0.95593672
[epoch 197] backbone=titantpp seed=42 train=-3.45887181 nll=-3.49340666 time_nll=-3.59940088 qty_mae=0.75148080 mark_acc=0.95721157
[epoch 198] backbone=titantpp seed=42 train=-3.45840589 nll=-3.49417794 time_nll=-3.59938718 qty_mae=0.65571253 mark_acc=0.95671322
[epoch 199] backbone=titantpp seed=42 train=-3.45825936 nll=-3.49411513 time_nll=-3.59944718 qty_mae=0.68549564 mark_acc=0.95640030
[epoch 200] backbone=titantpp seed=42 train=-3.45853783 nll=-3.49498649 time_nll=-3.59942050 qty_mae=0.78194451 mark_acc=0.95769833
[epoch 201] backbone=titantpp seed=42 train=-3.45850823 nll=-3.48556703 time_nll=-3.59939123 qty_mae=0.75161441 mark_acc=0.95600626
[epoch 202] backbone=titantpp seed=42 train=-3.45861672 nll=-3.48660063 time_nll=-3.59941892 qty_mae=0.69933550 mark_acc=0.95550791
[epoch 203] backbone=titantpp seed=42 train=-3.45875348 nll=-3.48685136 time_nll=-3.59939416 qty_mae=0.68029100 mark_acc=0.95607580
[epoch 204] backbone=titantpp seed=42 train=-3.45813366 nll=-3.48509475 time_nll=-3.59945802 qty_mae=0.71592050 mark_acc=0.95360723
[epoch 205] backbone=titantpp seed=42 train=-3.45822576 nll=-3.47335548 time_nll=-3.59941992 qty_mae=0.67201857 mark_acc=0.95128933
[epoch 206] backbone=titantpp seed=42 train=-3.45831399 nll=-3.48109447 time_nll=-3.59932268 qty_mae=0.85700091 mark_acc=0.95148635
[epoch 207] backbone=titantpp seed=42 train=-3.45846342 nll=-3.48086454 time_nll=-3.59942070 qty_mae=0.80592683 mark_acc=0.95194993
[epoch 208] backbone=titantpp seed=42 train=-3.45809831 nll=-3.47912537 time_nll=-3.59944304 qty_mae=0.68850196 mark_acc=0.95205424
[epoch 209] backbone=titantpp seed=42 train=-3.45885539 nll=-3.48588638 time_nll=-3.59944714 qty_mae=0.79122118 mark_acc=0.95699137
[epoch 210] backbone=titantpp seed=42 train=-3.45828908 nll=-3.47986339 time_nll=-3.59940921 qty_mae=0.74232720 mark_acc=0.95573970
[epoch 211] backbone=titantpp seed=42 train=-3.45885108 nll=-3.49157504 time_nll=-3.59943038 qty_mae=0.67181737 mark_acc=0.95618010
[epoch 212] backbone=titantpp seed=42 train=-3.45899573 nll=-3.48715249 time_nll=-3.59944106 qty_mae=0.65858147 mark_acc=0.95481254
[epoch 213] backbone=titantpp seed=42 train=-3.45867450 nll=-3.47208905 time_nll=-3.59938781 qty_mae=0.74340743 mark_acc=0.95024628
[epoch 214] backbone=titantpp seed=42 train=-3.45863810 nll=-3.48328925 time_nll=-3.59943220 qty_mae=0.77439824 mark_acc=0.95524135
[epoch 215] backbone=titantpp seed=42 train=-3.45843857 nll=-3.48559903 time_nll=-3.59934054 qty_mae=0.74499577 mark_acc=0.95633076
[epoch 216] backbone=titantpp seed=42 train=-3.45847841 nll=-3.48646230 time_nll=-3.59940453 qty_mae=0.74431712 mark_acc=0.95454598
[epoch 217] backbone=titantpp seed=42 train=-3.45902809 nll=-3.47957132 time_nll=-3.59940122 qty_mae=0.73314500 mark_acc=0.95335226
[epoch 218] backbone=titantpp seed=42 train=-3.45872147 nll=-3.48741809 time_nll=-3.59938225 qty_mae=0.64220231 mark_acc=0.95495161
[epoch 219] backbone=titantpp seed=42 train=-3.45861068 nll=-3.48028573 time_nll=-3.59945405 qty_mae=0.68056961 mark_acc=0.95533407
[epoch 220] backbone=titantpp seed=42 train=-3.45796404 nll=-3.48838534 time_nll=-3.59942380 qty_mae=0.66911194 mark_acc=0.95605262
[epoch 221] backbone=titantpp seed=42 train=-3.45913793 nll=-3.48222550 time_nll=-3.59942356 qty_mae=0.75487759 mark_acc=0.95356087
[epoch 222] backbone=titantpp seed=42 train=-3.45909790 nll=-3.48985541 time_nll=-3.59942941 qty_mae=0.60969564 mark_acc=0.95634235
[epoch 223] backbone=titantpp seed=42 train=-3.45882823 nll=-3.48944052 time_nll=-3.59936169 qty_mae=0.69099669 mark_acc=0.95602944
[epoch 224] backbone=titantpp seed=42 train=-3.45891380 nll=-3.49432645 time_nll=-3.59943378 qty_mae=0.67608015 mark_acc=0.95840528
[epoch 225] backbone=titantpp seed=42 train=-3.45842317 nll=-3.49244443 time_nll=-3.59942177 qty_mae=0.79858563 mark_acc=0.95579765
[epoch 226] backbone=titantpp seed=42 train=-3.45890513 nll=-3.49125793 time_nll=-3.59937782 qty_mae=0.70548388 mark_acc=0.95498638
[early-stop] backbone=titantpp seed=42 current_epoch=226 best_epoch=186
[epoch 001] backbone=titantpp seed=52 train=1.78270674 nll=1.04550977 time_nll=0.91598467 qty_mae=2.22224394 mark_acc=0.95090688
[epoch 002] backbone=titantpp seed=52 train=0.82399905 nll=0.39316593 time_nll=0.26730213 qty_mae=1.05655095 mark_acc=0.95215854
[epoch 003] backbone=titantpp seed=52 train=0.27544841 nll=0.43519786 time_nll=0.30989240 qty_mae=0.92672476 mark_acc=0.95159066
[epoch 004] backbone=titantpp seed=52 train=-0.02803129 nll=-0.27984171 time_nll=-0.39571878 qty_mae=1.00769598 mark_acc=0.95672481
[epoch 005] backbone=titantpp seed=52 train=-0.77804327 nll=-1.09013359 time_nll=-1.20300624 qty_mae=0.74899926 mark_acc=0.95526453
[epoch 006] backbone=titantpp seed=52 train=-1.14986937 nll=-1.31541692 time_nll=-1.43618391 qty_mae=0.92320294 mark_acc=0.95084893
[epoch 007] backbone=titantpp seed=52 train=-1.36283808 nll=-1.49789800 time_nll=-1.62967060 qty_mae=0.95674584 mark_acc=0.94520484
[epoch 008] backbone=titantpp seed=52 train=-1.54349482 nll=-1.65966774 time_nll=-1.79137786 qty_mae=0.70693608 mark_acc=0.94437040
[epoch 009] backbone=titantpp seed=52 train=-1.69445367 nll=-1.81062480 time_nll=-1.92811318 qty_mae=0.78576447 mark_acc=0.95052442
[epoch 010] backbone=titantpp seed=52 train=-1.82310527 nll=-1.92032241 time_nll=-2.04608466 qty_mae=0.72643289 mark_acc=0.95087211
[epoch 011] backbone=titantpp seed=52 train=-1.93486626 nll=-2.04439773 time_nll=-2.14916404 qty_mae=0.65291337 mark_acc=0.95582083
[epoch 012] backbone=titantpp seed=52 train=-2.03320553 nll=-2.13433151 time_nll=-2.23955233 qty_mae=0.90029784 mark_acc=0.95751289
[epoch 013] backbone=titantpp seed=52 train=-2.12116099 nll=-2.21495473 time_nll=-2.32191744 qty_mae=0.70569731 mark_acc=0.95703772
[epoch 014] backbone=titantpp seed=52 train=-2.19915944 nll=-2.28008835 time_nll=-2.39540987 qty_mae=0.70939992 mark_acc=0.95295822
[epoch 015] backbone=titantpp seed=52 train=-2.27046747 nll=-2.34632027 time_nll=-2.46216548 qty_mae=0.76012955 mark_acc=0.95360723
[epoch 016] backbone=titantpp seed=52 train=-2.33511614 nll=-2.41212458 time_nll=-2.52295096 qty_mae=0.74623303 mark_acc=0.95541519
[epoch 017] backbone=titantpp seed=52 train=-2.39383301 nll=-2.47498282 time_nll=-2.57884467 qty_mae=0.65335547 mark_acc=0.95691024
[epoch 018] backbone=titantpp seed=52 train=-2.44811166 nll=-2.52618150 time_nll=-2.63021184 qty_mae=0.76805268 mark_acc=0.95682911
[epoch 019] backbone=titantpp seed=52 train=-2.49805979 nll=-2.55905170 time_nll=-2.67777866 qty_mae=0.84540503 mark_acc=0.95329432
[epoch 020] backbone=titantpp seed=52 train=-2.54488093 nll=-2.62043637 time_nll=-2.72189334 qty_mae=0.69445773 mark_acc=0.95920496
[epoch 021] backbone=titantpp seed=52 train=-2.58735476 nll=-2.65212572 time_nll=-2.76301802 qty_mae=0.79407645 mark_acc=0.95452280
[epoch 022] backbone=titantpp seed=52 train=-2.62808694 nll=-2.69730794 time_nll=-2.80128696 qty_mae=0.68715454 mark_acc=0.95593672
[epoch 023] backbone=titantpp seed=52 train=-2.66526639 nll=-2.71840711 time_nll=-2.83712081 qty_mae=0.74899081 mark_acc=0.95120821
[epoch 024] backbone=titantpp seed=52 train=-2.69984791 nll=-2.75746733 time_nll=-2.87081913 qty_mae=0.64552720 mark_acc=0.95692183
[epoch 025] backbone=titantpp seed=52 train=-2.73377761 nll=-2.79686018 time_nll=-2.90246155 qty_mae=0.83616060 mark_acc=0.95893840
[epoch 026] backbone=titantpp seed=52 train=-2.76443117 nll=-2.82759409 time_nll=-2.93226616 qty_mae=0.61682790 mark_acc=0.95850959
[epoch 027] backbone=titantpp seed=52 train=-2.79344074 nll=-2.85347207 time_nll=-2.96031256 qty_mae=0.71266023 mark_acc=0.95748971
[epoch 028] backbone=titantpp seed=52 train=-2.82091594 nll=-2.87602583 time_nll=-2.98672111 qty_mae=0.69247865 mark_acc=0.95803442
[epoch 029] backbone=titantpp seed=52 train=-2.84738304 nll=-2.90999283 time_nll=-3.01178928 qty_mae=0.68112442 mark_acc=0.95941357
[epoch 030] backbone=titantpp seed=52 train=-2.87206893 nll=-2.93229785 time_nll=-3.03573659 qty_mae=0.72429085 mark_acc=0.95783740
[epoch 031] backbone=titantpp seed=52 train=-2.89547616 nll=-2.95469533 time_nll=-3.05824533 qty_mae=0.67794057 mark_acc=0.95820826
[epoch 032] backbone=titantpp seed=52 train=-2.91793193 nll=-2.97408538 time_nll=-3.07968423 qty_mae=0.73190672 mark_acc=0.95786058
[epoch 033] backbone=titantpp seed=52 train=-2.93843242 nll=-2.99925408 time_nll=-3.09998518 qty_mae=0.66931727 mark_acc=0.95809237
[epoch 034] backbone=titantpp seed=52 train=-2.95942707 nll=-3.01880502 time_nll=-3.11939816 qty_mae=0.74944225 mark_acc=0.95950629
[epoch 035] backbone=titantpp seed=52 train=-2.97764283 nll=-3.03102809 time_nll=-3.13778257 qty_mae=0.70549560 mark_acc=0.95803442
[epoch 036] backbone=titantpp seed=52 train=-2.99599903 nll=-3.05149253 time_nll=-3.15540370 qty_mae=0.68524547 mark_acc=0.95769833
[epoch 037] backbone=titantpp seed=52 train=-3.01337772 nll=-3.06243592 time_nll=-3.17214672 qty_mae=0.67610783 mark_acc=0.95641189
[epoch 038] backbone=titantpp seed=52 train=-3.03028313 nll=-3.07627606 time_nll=-3.18808633 qty_mae=0.66492841 mark_acc=0.95240192
[epoch 039] backbone=titantpp seed=52 train=-3.04620963 nll=-3.09587547 time_nll=-3.20338345 qty_mae=0.73094011 mark_acc=0.95788376
[epoch 040] backbone=titantpp seed=52 train=-3.06106658 nll=-3.11462649 time_nll=-3.21804070 qty_mae=0.83853600 mark_acc=0.95665527
[epoch 041] backbone=titantpp seed=52 train=-3.07606276 nll=-3.13007622 time_nll=-3.23213621 qty_mae=0.81370156 mark_acc=0.95793012
[epoch 042] backbone=titantpp seed=52 train=-3.08956898 nll=-3.13770426 time_nll=-3.24551064 qty_mae=0.67849023 mark_acc=0.95644666
[epoch 043] backbone=titantpp seed=52 train=-3.10284591 nll=-3.15448260 time_nll=-3.25838072 qty_mae=0.81604165 mark_acc=0.95659732
[epoch 044] backbone=titantpp seed=52 train=-3.11576944 nll=-3.16915760 time_nll=-3.27057933 qty_mae=0.68078881 mark_acc=0.95671322
[epoch 045] backbone=titantpp seed=52 train=-3.12773086 nll=-3.17682142 time_nll=-3.28233036 qty_mae=0.80606019 mark_acc=0.95697978
[epoch 046] backbone=titantpp seed=52 train=-3.13943497 nll=-3.19227455 time_nll=-3.29370527 qty_mae=0.67030447 mark_acc=0.96028278
[epoch 047] backbone=titantpp seed=52 train=-3.15059771 nll=-3.19101132 time_nll=-3.30440440 qty_mae=0.66481388 mark_acc=0.95558904
[epoch 048] backbone=titantpp seed=52 train=-3.16133423 nll=-3.21249930 time_nll=-3.31492477 qty_mae=0.69127855 mark_acc=0.95849800
[epoch 049] backbone=titantpp seed=52 train=-3.17166775 nll=-3.21860153 time_nll=-3.32480286 qty_mae=0.72690504 mark_acc=0.95679434
[epoch 050] backbone=titantpp seed=52 train=-3.18158040 nll=-3.22642944 time_nll=-3.33444601 qty_mae=0.69356411 mark_acc=0.95870661
[epoch 051] backbone=titantpp seed=52 train=-3.19119422 nll=-3.23537851 time_nll=-3.34364591 qty_mae=0.79459350 mark_acc=0.95567016
[epoch 052] backbone=titantpp seed=52 train=-3.20050520 nll=-3.23870611 time_nll=-3.35252881 qty_mae=0.83347427 mark_acc=0.95302776
[epoch 053] backbone=titantpp seed=52 train=-3.20917555 nll=-3.25084242 time_nll=-3.36088697 qty_mae=0.85530572 mark_acc=0.95525294
[epoch 054] backbone=titantpp seed=52 train=-3.21748784 nll=-3.25669652 time_nll=-3.36911269 qty_mae=0.67564092 mark_acc=0.95469664
[epoch 055] backbone=titantpp seed=52 train=-3.22558603 nll=-3.26555565 time_nll=-3.37701370 qty_mae=0.83563620 mark_acc=0.95655096
[epoch 056] backbone=titantpp seed=52 train=-3.23330780 nll=-3.27382927 time_nll=-3.38434847 qty_mae=0.84482061 mark_acc=0.95467347
[epoch 057] backbone=titantpp seed=52 train=-3.24099323 nll=-3.28034214 time_nll=-3.39181083 qty_mae=0.66114130 mark_acc=0.95642348
[epoch 058] backbone=titantpp seed=52 train=-3.24819430 nll=-3.28616059 time_nll=-3.39882758 qty_mae=0.69208643 mark_acc=0.95504433
[epoch 059] backbone=titantpp seed=52 train=-3.25528490 nll=-3.29625568 time_nll=-3.40555229 qty_mae=0.70049921 mark_acc=0.95491685
[epoch 060] backbone=titantpp seed=52 train=-3.26175741 nll=-3.29387490 time_nll=-3.41201756 qty_mae=0.69067210 mark_acc=0.95446485
[epoch 061] backbone=titantpp seed=52 train=-3.26841429 nll=-3.30364264 time_nll=-3.41835650 qty_mae=0.77110452 mark_acc=0.95404763
[epoch 062] backbone=titantpp seed=52 train=-3.27462090 nll=-3.31691019 time_nll=-3.42443458 qty_mae=0.64898556 mark_acc=0.95569334
[epoch 063] backbone=titantpp seed=52 train=-3.28060808 nll=-3.31426017 time_nll=-3.43019859 qty_mae=0.66953999 mark_acc=0.95375790
[epoch 064] backbone=titantpp seed=52 train=-3.28634565 nll=-3.32876739 time_nll=-3.43582710 qty_mae=0.62134861 mark_acc=0.95609897
[epoch 065] backbone=titantpp seed=52 train=-3.29184811 nll=-3.33919969 time_nll=-3.44126013 qty_mae=0.77234845 mark_acc=0.95838211
[epoch 066] backbone=titantpp seed=52 train=-3.29774408 nll=-3.32975814 time_nll=-3.44648054 qty_mae=0.60617643 mark_acc=0.95366518
[epoch 067] backbone=titantpp seed=52 train=-3.30246374 nll=-3.34147744 time_nll=-3.45154624 qty_mae=0.65913934 mark_acc=0.95576288
[epoch 068] backbone=titantpp seed=52 train=-3.30797710 nll=-3.34803780 time_nll=-3.45637322 qty_mae=0.76750549 mark_acc=0.95821985
[epoch 069] backbone=titantpp seed=52 train=-3.31262266 nll=-3.35570096 time_nll=-3.46108914 qty_mae=0.90196944 mark_acc=0.95652779
[epoch 070] backbone=titantpp seed=52 train=-3.31718380 nll=-3.34927891 time_nll=-3.46567976 qty_mae=0.88426305 mark_acc=0.95119662
[epoch 071] backbone=titantpp seed=52 train=-3.32207487 nll=-3.35640137 time_nll=-3.46999732 qty_mae=0.78218320 mark_acc=0.95314365
[epoch 072] backbone=titantpp seed=52 train=-3.32614201 nll=-3.35795872 time_nll=-3.47433426 qty_mae=0.69383549 mark_acc=0.95270325
[epoch 073] backbone=titantpp seed=52 train=-3.33034467 nll=-3.36096907 time_nll=-3.47834914 qty_mae=0.79793606 mark_acc=0.95234398
[epoch 074] backbone=titantpp seed=52 train=-3.33501264 nll=-3.37996277 time_nll=-3.48238559 qty_mae=0.73752370 mark_acc=0.96006258
[epoch 075] backbone=titantpp seed=52 train=-3.33851505 nll=-3.36883391 time_nll=-3.48628101 qty_mae=1.02132122 mark_acc=0.95373472
[epoch 076] backbone=titantpp seed=52 train=-3.34271992 nll=-3.37268673 time_nll=-3.48995785 qty_mae=0.72461667 mark_acc=0.95286550
[epoch 077] backbone=titantpp seed=52 train=-3.34614814 nll=-3.39087771 time_nll=-3.49363349 qty_mae=0.70116479 mark_acc=0.95897317
[epoch 078] backbone=titantpp seed=52 train=-3.34995436 nll=-3.38642931 time_nll=-3.49706600 qty_mae=0.70768586 mark_acc=0.95571652
[epoch 079] backbone=titantpp seed=52 train=-3.35364412 nll=-3.38621251 time_nll=-3.50026727 qty_mae=0.80411428 mark_acc=0.95430260
[epoch 080] backbone=titantpp seed=52 train=-3.35672124 nll=-3.39009984 time_nll=-3.50363425 qty_mae=0.73479001 mark_acc=0.95526453
[epoch 081] backbone=titantpp seed=52 train=-3.35961252 nll=-3.40055601 time_nll=-3.50659209 qty_mae=0.78113676 mark_acc=0.95927450
[epoch 082] backbone=titantpp seed=52 train=-3.36301888 nll=-3.39282521 time_nll=-3.50976421 qty_mae=0.74691467 mark_acc=0.95161384
[epoch 083] backbone=titantpp seed=52 train=-3.36600211 nll=-3.39626111 time_nll=-3.51264397 qty_mae=0.86343663 mark_acc=0.95380425
[epoch 084] backbone=titantpp seed=52 train=-3.36884334 nll=-3.40478360 time_nll=-3.51542325 qty_mae=0.63593515 mark_acc=0.95612215
[epoch 085] backbone=titantpp seed=52 train=-3.37165592 nll=-3.40964380 time_nll=-3.51819282 qty_mae=0.71661202 mark_acc=0.95665527
[epoch 086] backbone=titantpp seed=52 train=-3.37501856 nll=-3.41167586 time_nll=-3.52087213 qty_mae=0.68579368 mark_acc=0.95955265
[epoch 087] backbone=titantpp seed=52 train=-3.37681794 nll=-3.39668803 time_nll=-3.52337333 qty_mae=0.73468562 mark_acc=0.95075621
[epoch 088] backbone=titantpp seed=52 train=-3.37984474 nll=-3.40518872 time_nll=-3.52584018 qty_mae=0.70334762 mark_acc=0.95542678
[epoch 089] backbone=titantpp seed=52 train=-3.38250384 nll=-3.40978412 time_nll=-3.52807872 qty_mae=0.78551817 mark_acc=0.95301617
[epoch 090] backbone=titantpp seed=52 train=-3.38456047 nll=-3.41977355 time_nll=-3.53047335 qty_mae=0.77036979 mark_acc=0.95477777
[epoch 091] backbone=titantpp seed=52 train=-3.38714281 nll=-3.39477617 time_nll=-3.53278767 qty_mae=0.69037208 mark_acc=0.94651446
[epoch 092] backbone=titantpp seed=52 train=-3.38909219 nll=-3.41106861 time_nll=-3.53500162 qty_mae=0.81559896 mark_acc=0.95013038
[epoch 093] backbone=titantpp seed=52 train=-3.39157694 nll=-3.41706643 time_nll=-3.53708704 qty_mae=0.70998576 mark_acc=0.95622646
[epoch 094] backbone=titantpp seed=52 train=-3.39324376 nll=-3.41143842 time_nll=-3.53889887 qty_mae=0.84384175 mark_acc=0.94787043
[epoch 095] backbone=titantpp seed=52 train=-3.39583717 nll=-3.42800093 time_nll=-3.54083774 qty_mae=0.66716663 mark_acc=0.95379266
[epoch 096] backbone=titantpp seed=52 train=-3.39742231 nll=-3.41833719 time_nll=-3.54288411 qty_mae=0.74220885 mark_acc=0.95072145
[epoch 097] backbone=titantpp seed=52 train=-3.39960240 nll=-3.43020182 time_nll=-3.54473643 qty_mae=0.85410638 mark_acc=0.95492843
[epoch 098] backbone=titantpp seed=52 train=-3.40129307 nll=-3.44120671 time_nll=-3.54647136 qty_mae=0.88895254 mark_acc=0.95644666
[epoch 099] backbone=titantpp seed=52 train=-3.40328340 nll=-3.42963387 time_nll=-3.54817963 qty_mae=0.75745975 mark_acc=0.95330590
[epoch 100] backbone=titantpp seed=52 train=-3.40481282 nll=-3.42587301 time_nll=-3.54973817 qty_mae=0.67450385 mark_acc=0.95374631
[epoch 101] backbone=titantpp seed=52 train=-3.40659150 nll=-3.44158737 time_nll=-3.55158586 qty_mae=0.68039507 mark_acc=0.95605262
[epoch 102] backbone=titantpp seed=52 train=-3.40823954 nll=-3.43244222 time_nll=-3.55310419 qty_mae=0.74730644 mark_acc=0.95278438
[epoch 103] backbone=titantpp seed=52 train=-3.40990043 nll=-3.40049127 time_nll=-3.55448361 qty_mae=0.80401974 mark_acc=0.93879585
[epoch 104] backbone=titantpp seed=52 train=-3.41131418 nll=-3.44160137 time_nll=-3.55594445 qty_mae=0.72105659 mark_acc=0.95263371
[epoch 105] backbone=titantpp seed=52 train=-3.41280636 nll=-3.44794874 time_nll=-3.55739940 qty_mae=0.63410174 mark_acc=0.95691024
[epoch 106] backbone=titantpp seed=52 train=-3.41471141 nll=-3.42462531 time_nll=-3.55879854 qty_mae=0.71907343 mark_acc=0.94376775
[epoch 107] backbone=titantpp seed=52 train=-3.41568922 nll=-3.45000283 time_nll=-3.56021913 qty_mae=0.68634002 mark_acc=0.95652779
[epoch 108] backbone=titantpp seed=52 train=-3.41735523 nll=-3.45427895 time_nll=-3.56140528 qty_mae=0.69575211 mark_acc=0.95606421
[epoch 109] backbone=titantpp seed=52 train=-3.41802642 nll=-3.44518657 time_nll=-3.56255013 qty_mae=0.74381666 mark_acc=0.95276120
[epoch 110] backbone=titantpp seed=52 train=-3.41948649 nll=-3.44367570 time_nll=-3.56359049 qty_mae=0.71839073 mark_acc=0.95032740
[epoch 111] backbone=titantpp seed=52 train=-3.42052626 nll=-3.42881387 time_nll=-3.56485647 qty_mae=0.63994969 mark_acc=0.94710552
[epoch 112] backbone=titantpp seed=52 train=-3.42169173 nll=-3.44172224 time_nll=-3.56598175 qty_mae=0.72586208 mark_acc=0.94940024
[epoch 113] backbone=titantpp seed=52 train=-3.42318939 nll=-3.45118220 time_nll=-3.56717482 qty_mae=0.65858751 mark_acc=0.95516022
[epoch 114] backbone=titantpp seed=52 train=-3.42404580 nll=-3.43890808 time_nll=-3.56823629 qty_mae=0.83296003 mark_acc=0.94609724
[epoch 115] backbone=titantpp seed=52 train=-3.42546880 nll=-3.45228859 time_nll=-3.56923805 qty_mae=0.66843293 mark_acc=0.95453439
[epoch 116] backbone=titantpp seed=52 train=-3.42625256 nll=-3.44442461 time_nll=-3.57000169 qty_mae=0.66579352 mark_acc=0.94798632
[epoch 117] backbone=titantpp seed=52 train=-3.42715346 nll=-3.45589867 time_nll=-3.57106126 qty_mae=0.66051337 mark_acc=0.95411717
[epoch 118] backbone=titantpp seed=52 train=-3.42876412 nll=-3.44729780 time_nll=-3.57187397 qty_mae=0.71570922 mark_acc=0.95006084
[epoch 119] backbone=titantpp seed=52 train=-3.42909140 nll=-3.45900271 time_nll=-3.57287861 qty_mae=0.83124224 mark_acc=0.95454598
[epoch 120] backbone=titantpp seed=52 train=-3.43005319 nll=-3.41865505 time_nll=-3.57384032 qty_mae=0.73661667 mark_acc=0.93769485
[epoch 121] backbone=titantpp seed=52 train=-3.43083037 nll=-3.45576245 time_nll=-3.57469329 qty_mae=0.76783436 mark_acc=0.94950455
[epoch 122] backbone=titantpp seed=52 train=-3.43216378 nll=-3.45593385 time_nll=-3.57558350 qty_mae=0.65357347 mark_acc=0.95111549
[epoch 123] backbone=titantpp seed=52 train=-3.43260919 nll=-3.43031664 time_nll=-3.57647676 qty_mae=0.76294458 mark_acc=0.94005911
[epoch 124] backbone=titantpp seed=52 train=-3.43411612 nll=-3.46761477 time_nll=-3.57713143 qty_mae=0.64415521 mark_acc=0.95474300
[epoch 125] backbone=titantpp seed=52 train=-3.43445599 nll=-3.46662978 time_nll=-3.57782402 qty_mae=0.74285900 mark_acc=0.95687547
[epoch 126] backbone=titantpp seed=52 train=-3.43497798 nll=-3.42163799 time_nll=-3.57826572 qty_mae=0.81827778 mark_acc=0.94019818
[epoch 127] backbone=titantpp seed=52 train=-3.43580655 nll=-3.46630401 time_nll=-3.57904668 qty_mae=0.67493550 mark_acc=0.95509069
[epoch 128] backbone=titantpp seed=52 train=-3.43661495 nll=-3.46123379 time_nll=-3.57963142 qty_mae=0.70861563 mark_acc=0.95680593
[epoch 129] backbone=titantpp seed=52 train=-3.43727142 nll=-3.46178990 time_nll=-3.58044544 qty_mae=0.69146718 mark_acc=0.95206583
[epoch 130] backbone=titantpp seed=52 train=-3.43827090 nll=-3.46851469 time_nll=-3.58107164 qty_mae=0.62975291 mark_acc=0.95572811
[epoch 131] backbone=titantpp seed=52 train=-3.43851401 nll=-3.47605769 time_nll=-3.58179681 qty_mae=0.63516514 mark_acc=0.95906589
[epoch 132] backbone=titantpp seed=52 train=-3.43948625 nll=-3.46471014 time_nll=-3.58238639 qty_mae=0.76124471 mark_acc=0.95306253
[epoch 133] backbone=titantpp seed=52 train=-3.44023494 nll=-3.47191303 time_nll=-3.58310364 qty_mae=0.63529340 mark_acc=0.95614533
[epoch 134] backbone=titantpp seed=52 train=-3.44094425 nll=-3.45136044 time_nll=-3.58364162 qty_mae=0.72997743 mark_acc=0.94783566
[epoch 135] backbone=titantpp seed=52 train=-3.44182736 nll=-3.47265037 time_nll=-3.58427943 qty_mae=0.66954167 mark_acc=0.95722316
[epoch 136] backbone=titantpp seed=52 train=-3.44164792 nll=-3.46992627 time_nll=-3.58469896 qty_mae=0.66585338 mark_acc=0.95388538
[epoch 137] backbone=titantpp seed=52 train=-3.44264613 nll=-3.46216397 time_nll=-3.58513468 qty_mae=0.70110839 mark_acc=0.95323637
[epoch 138] backbone=titantpp seed=52 train=-3.44272628 nll=-3.44787805 time_nll=-3.58557380 qty_mae=0.84081363 mark_acc=0.94817176
[epoch 139] backbone=titantpp seed=52 train=-3.44330215 nll=-3.45819476 time_nll=-3.58593484 qty_mae=0.73777098 mark_acc=0.94720983
[epoch 140] backbone=titantpp seed=52 train=-3.44413521 nll=-3.46939187 time_nll=-3.58642605 qty_mae=0.70214789 mark_acc=0.95397810
[epoch 141] backbone=titantpp seed=52 train=-3.44426894 nll=-3.46888111 time_nll=-3.58679184 qty_mae=0.71282756 mark_acc=0.95408240
[epoch 142] backbone=titantpp seed=52 train=-3.44504786 nll=-3.46170124 time_nll=-3.58724435 qty_mae=0.69657555 mark_acc=0.95138205
[epoch 143] backbone=titantpp seed=52 train=-3.44502109 nll=-3.45793519 time_nll=-3.58760334 qty_mae=0.75000775 mark_acc=0.94967839
[epoch 144] backbone=titantpp seed=52 train=-3.44592833 nll=-3.47158036 time_nll=-3.58805968 qty_mae=0.68369800 mark_acc=0.95153271
[epoch 145] backbone=titantpp seed=52 train=-3.44597213 nll=-3.43899943 time_nll=-3.58850301 qty_mae=0.72486469 mark_acc=0.93655908
[epoch 146] backbone=titantpp seed=52 train=-3.44607206 nll=-3.46739576 time_nll=-3.58890558 qty_mae=0.75819031 mark_acc=0.95112708
[epoch 147] backbone=titantpp seed=52 train=-3.44720119 nll=-3.43525997 time_nll=-3.58931602 qty_mae=0.71607506 mark_acc=0.93833227
[epoch 148] backbone=titantpp seed=52 train=-3.44688801 nll=-3.46271141 time_nll=-3.58968469 qty_mae=0.68380765 mark_acc=0.94496146
[epoch 149] backbone=titantpp seed=52 train=-3.44838343 nll=-3.46420743 time_nll=-3.59008874 qty_mae=0.73357032 mark_acc=0.95181086
[epoch 150] backbone=titantpp seed=52 train=-3.44805383 nll=-3.48672931 time_nll=-3.59038360 qty_mae=0.63182239 mark_acc=0.95805760
[epoch 151] backbone=titantpp seed=52 train=-3.44834341 nll=-3.45422920 time_nll=-3.59098415 qty_mae=0.63171069 mark_acc=0.94470650
[epoch 152] backbone=titantpp seed=52 train=-3.44910366 nll=-3.47062421 time_nll=-3.59129018 qty_mae=0.91287734 mark_acc=0.95097642
[epoch 153] backbone=titantpp seed=52 train=-3.45003388 nll=-3.45958683 time_nll=-3.59172636 qty_mae=0.66860334 mark_acc=0.94638697
[epoch 154] backbone=titantpp seed=52 train=-3.44980865 nll=-3.46960162 time_nll=-3.59196261 qty_mae=0.72622454 mark_acc=0.95327114
[epoch 155] backbone=titantpp seed=52 train=-3.45014428 nll=-3.45321836 time_nll=-3.59207590 qty_mae=0.74994267 mark_acc=0.94688532
[epoch 156] backbone=titantpp seed=52 train=-3.45061518 nll=-3.45861549 time_nll=-3.59236288 qty_mae=0.73229868 mark_acc=0.94711711
[epoch 157] backbone=titantpp seed=52 train=-3.45038439 nll=-3.47380564 time_nll=-3.59251199 qty_mae=0.67433042 mark_acc=0.95044330
[epoch 158] backbone=titantpp seed=52 train=-3.45043341 nll=-3.45761280 time_nll=-3.59261831 qty_mae=0.70262617 mark_acc=0.94696645
[epoch 159] backbone=titantpp seed=52 train=-3.45060983 nll=-3.47030313 time_nll=-3.59283225 qty_mae=0.60604321 mark_acc=0.95109231
[epoch 160] backbone=titantpp seed=52 train=-3.45097088 nll=-3.46375793 time_nll=-3.59303016 qty_mae=0.65648694 mark_acc=0.94834560
[epoch 161] backbone=titantpp seed=52 train=-3.45086544 nll=-3.47801432 time_nll=-3.59315585 qty_mae=0.77292996 mark_acc=0.95571652
[epoch 162] backbone=titantpp seed=52 train=-3.45163796 nll=-3.47566636 time_nll=-3.59327992 qty_mae=0.70478822 mark_acc=0.95590195
[epoch 163] backbone=titantpp seed=52 train=-3.45191263 nll=-3.47940573 time_nll=-3.59353530 qty_mae=0.70994845 mark_acc=0.95346816
[epoch 164] backbone=titantpp seed=52 train=-3.45165741 nll=-3.47440743 time_nll=-3.59354516 qty_mae=0.65902607 mark_acc=0.95300458
[epoch 165] backbone=titantpp seed=52 train=-3.45244704 nll=-3.47098180 time_nll=-3.59386605 qty_mae=0.74313079 mark_acc=0.95200788
[epoch 166] backbone=titantpp seed=52 train=-3.45257966 nll=-3.48182073 time_nll=-3.59413072 qty_mae=0.88351048 mark_acc=0.95344498
[epoch 167] backbone=titantpp seed=52 train=-3.45278415 nll=-3.48125591 time_nll=-3.59428707 qty_mae=0.72288905 mark_acc=0.95730428
[epoch 168] backbone=titantpp seed=52 train=-3.45292173 nll=-3.48141996 time_nll=-3.59450268 qty_mae=0.80956736 mark_acc=0.95634235
[epoch 169] backbone=titantpp seed=52 train=-3.45290504 nll=-3.47199852 time_nll=-3.59469686 qty_mae=0.80494072 mark_acc=0.95334067
[epoch 170] backbone=titantpp seed=52 train=-3.45349662 nll=-3.47298379 time_nll=-3.59483115 qty_mae=0.71416898 mark_acc=0.95075621
[epoch 171] backbone=titantpp seed=52 train=-3.45350700 nll=-3.47680152 time_nll=-3.59509488 qty_mae=0.64932555 mark_acc=0.95228603
[epoch 172] backbone=titantpp seed=52 train=-3.45389795 nll=-3.46246914 time_nll=-3.59521739 qty_mae=0.69877399 mark_acc=0.94719824
[epoch 173] backbone=titantpp seed=52 train=-3.45386588 nll=-3.47910881 time_nll=-3.59537418 qty_mae=0.72184638 mark_acc=0.95337544
[epoch 174] backbone=titantpp seed=52 train=-3.45411321 nll=-3.48220555 time_nll=-3.59552743 qty_mae=0.69140210 mark_acc=0.95443009
[epoch 175] backbone=titantpp seed=52 train=-3.45442153 nll=-3.46794777 time_nll=-3.59562824 qty_mae=0.87199685 mark_acc=0.94877441
[epoch 176] backbone=titantpp seed=52 train=-3.45451149 nll=-3.46543994 time_nll=-3.59588161 qty_mae=0.75369842 mark_acc=0.94717506
[epoch 177] backbone=titantpp seed=52 train=-3.45474419 nll=-3.46516865 time_nll=-3.59606532 qty_mae=0.69891310 mark_acc=0.94685055
[epoch 178] backbone=titantpp seed=52 train=-3.45496955 nll=-3.48001962 time_nll=-3.59623210 qty_mae=0.69816575 mark_acc=0.95394333
[epoch 179] backbone=titantpp seed=52 train=-3.45518667 nll=-3.47049031 time_nll=-3.59640858 qty_mae=0.61348804 mark_acc=0.95050125
[epoch 180] backbone=titantpp seed=52 train=-3.45534957 nll=-3.48189461 time_nll=-3.59660618 qty_mae=0.61463214 mark_acc=0.95483572
[epoch 181] backbone=titantpp seed=52 train=-3.45577558 nll=-3.48286681 time_nll=-3.59668106 qty_mae=0.75534136 mark_acc=0.95503274
[epoch 182] backbone=titantpp seed=52 train=-3.45587471 nll=-3.44449844 time_nll=-3.59688322 qty_mae=0.70468130 mark_acc=0.94286377
[epoch 183] backbone=titantpp seed=52 train=-3.45615740 nll=-3.46417735 time_nll=-3.59696357 qty_mae=0.76965165 mark_acc=0.94535551
[epoch 184] backbone=titantpp seed=52 train=-3.45623774 nll=-3.43530476 time_nll=-3.59711145 qty_mae=0.71298797 mark_acc=0.94029090
[epoch 185] backbone=titantpp seed=52 train=-3.45639354 nll=-3.47973574 time_nll=-3.59750730 qty_mae=0.76453723 mark_acc=0.95502115
[epoch 186] backbone=titantpp seed=52 train=-3.45663297 nll=-3.46070523 time_nll=-3.59764825 qty_mae=0.85590857 mark_acc=0.94667671
[epoch 187] backbone=titantpp seed=52 train=-3.45629619 nll=-3.47213199 time_nll=-3.59775901 qty_mae=0.61152944 mark_acc=0.95277279
[epoch 188] backbone=titantpp seed=52 train=-3.45696437 nll=-3.46464445 time_nll=-3.59792310 qty_mae=0.90667115 mark_acc=0.94572637
[epoch 189] backbone=titantpp seed=52 train=-3.45692918 nll=-3.45799670 time_nll=-3.59816417 qty_mae=0.71782588 mark_acc=0.94608565
[epoch 190] backbone=titantpp seed=52 train=-3.45757962 nll=-3.46109368 time_nll=-3.59829036 qty_mae=0.66261126 mark_acc=0.94634062
[early-stop] backbone=titantpp seed=52 current_epoch=190 best_epoch=150
[epoch 001] backbone=titantpp seed=62 train=1.76134530 nll=1.01256484 time_nll=0.88359200 qty_mae=1.24140582 mark_acc=0.95498638
[epoch 002] backbone=titantpp seed=62 train=0.78695663 nll=0.39148875 time_nll=0.27459033 qty_mae=1.46700783 mark_acc=0.95553109
[epoch 003] backbone=titantpp seed=62 train=0.28252486 nll=0.69240390 time_nll=0.58045285 qty_mae=1.01083759 mark_acc=0.95789535
[epoch 004] backbone=titantpp seed=62 train=-0.00471661 nll=-0.38784115 time_nll=-0.50157225 qty_mae=1.26821964 mark_acc=0.95582083
[epoch 005] backbone=titantpp seed=62 train=-0.75259085 nll=-1.08166366 time_nll=-1.19164986 qty_mae=0.91264507 mark_acc=0.95522976
[epoch 006] backbone=titantpp seed=62 train=-1.14223456 nll=-1.32267295 time_nll=-1.43010712 qty_mae=0.88252479 mark_acc=0.95628441
[epoch 007] backbone=titantpp seed=62 train=-1.35671758 nll=-1.52172429 time_nll=-1.62465566 qty_mae=0.78769846 mark_acc=0.95826621
[epoch 008] backbone=titantpp seed=62 train=-1.53833843 nll=-1.68351342 time_nll=-1.78717733 qty_mae=1.00712578 mark_acc=0.95897317
[epoch 009] backbone=titantpp seed=62 train=-1.69062097 nll=-1.82095009 time_nll=-1.92456487 qty_mae=0.86349539 mark_acc=0.95877615
[epoch 010] backbone=titantpp seed=62 train=-1.82057638 nll=-1.94239116 time_nll=-2.04296463 qty_mae=0.65062636 mark_acc=0.95754766
[epoch 011] backbone=titantpp seed=62 train=-1.93245850 nll=-2.04612005 time_nll=-2.14636301 qty_mae=0.70335397 mark_acc=0.95799965
[epoch 012] backbone=titantpp seed=62 train=-2.03160685 nll=-2.13696665 time_nll=-2.23805247 qty_mae=0.82430007 mark_acc=0.95882251
[epoch 013] backbone=titantpp seed=62 train=-2.11884834 nll=-2.22415801 time_nll=-2.31968202 qty_mae=0.73525108 mark_acc=0.96090862
[epoch 014] backbone=titantpp seed=62 train=-2.19793427 nll=-2.29489810 time_nll=-2.39348966 qty_mae=0.65852451 mark_acc=0.96079272
[epoch 015] backbone=titantpp seed=62 train=-2.26865884 nll=-2.35020062 time_nll=-2.46027267 qty_mae=0.63151625 mark_acc=0.95415194
[epoch 016] backbone=titantpp seed=62 train=-2.33409633 nll=-2.42185416 time_nll=-2.52129049 qty_mae=0.69740832 mark_acc=0.96064206
[epoch 017] backbone=titantpp seed=62 train=-2.39292661 nll=-2.46038300 time_nll=-2.57728109 qty_mae=0.76107825 mark_acc=0.95059396
[epoch 018] backbone=titantpp seed=62 train=-2.44713284 nll=-2.52766168 time_nll=-2.62887230 qty_mae=0.75969274 mark_acc=0.95714203
[epoch 019] backbone=titantpp seed=62 train=-2.49762822 nll=-2.57980286 time_nll=-2.67651141 qty_mae=0.68689148 mark_acc=0.95993510
[epoch 020] backbone=titantpp seed=62 train=-2.54403358 nll=-2.62708204 time_nll=-2.72066341 qty_mae=0.66343874 mark_acc=0.96212551
[epoch 021] backbone=titantpp seed=62 train=-2.58652572 nll=-2.67037510 time_nll=-2.76185586 qty_mae=0.68156940 mark_acc=0.96232254
[epoch 022] backbone=titantpp seed=62 train=-2.62717604 nll=-2.69845116 time_nll=-2.80027922 qty_mae=0.68150642 mark_acc=0.95897317
[epoch 023] backbone=titantpp seed=62 train=-2.66483349 nll=-2.73802055 time_nll=-2.83623169 qty_mae=0.65268410 mark_acc=0.96050298
[epoch 024] backbone=titantpp seed=62 train=-2.69972231 nll=-2.77440121 time_nll=-2.86998095 qty_mae=0.70288541 mark_acc=0.96060729
[epoch 025] backbone=titantpp seed=62 train=-2.73316112 nll=-2.79896878 time_nll=-2.90164327 qty_mae=0.66773412 mark_acc=0.95824303
[epoch 026] backbone=titantpp seed=62 train=-2.76402418 nll=-2.83783691 time_nll=-2.93143325 qty_mae=0.65739542 mark_acc=0.96176624
[epoch 027] backbone=titantpp seed=62 train=-2.79366348 nll=-2.85340765 time_nll=-2.95969014 qty_mae=0.66052516 mark_acc=0.95781422
[epoch 028] backbone=titantpp seed=62 train=-2.82130599 nll=-2.88343945 time_nll=-2.98614999 qty_mae=0.88342273 mark_acc=0.96014371
[epoch 029] backbone=titantpp seed=62 train=-2.84684429 nll=-2.91881425 time_nll=-3.01124468 qty_mae=0.77580421 mark_acc=0.96245002
[epoch 030] backbone=titantpp seed=62 train=-2.87183801 nll=-2.94229235 time_nll=-3.03501806 qty_mae=0.71890910 mark_acc=0.96171988
[epoch 031] backbone=titantpp seed=62 train=-2.89489689 nll=-2.96294622 time_nll=-3.05764804 qty_mae=0.64810212 mark_acc=0.96133743
[epoch 032] backbone=titantpp seed=62 train=-2.91749714 nll=-2.96825699 time_nll=-3.07896049 qty_mae=0.66788238 mark_acc=0.95680593
[epoch 033] backbone=titantpp seed=62 train=-2.93877210 nll=-3.00450890 time_nll=-3.09951437 qty_mae=0.60849986 mark_acc=0.96126789
[epoch 034] backbone=titantpp seed=62 train=-2.95867650 nll=-3.01533961 time_nll=-3.11882031 qty_mae=0.71353288 mark_acc=0.95776786
[epoch 035] backbone=titantpp seed=62 train=-2.97822926 nll=-3.02164135 time_nll=-3.13729455 qty_mae=0.67593408 mark_acc=0.95247146
[epoch 036] backbone=titantpp seed=62 train=-2.99608504 nll=-3.04547762 time_nll=-3.15482594 qty_mae=0.83201534 mark_acc=0.95635394
[epoch 037] backbone=titantpp seed=62 train=-3.01371950 nll=-3.06966838 time_nll=-3.17154592 qty_mae=0.63917268 mark_acc=0.95892681
[epoch 038] backbone=titantpp seed=62 train=-3.02986793 nll=-3.08619042 time_nll=-3.18766879 qty_mae=0.68901832 mark_acc=0.95802283
[epoch 039] backbone=titantpp seed=62 train=-3.04605627 nll=-3.10562600 time_nll=-3.20287853 qty_mae=0.64140159 mark_acc=0.96008576
[epoch 040] backbone=titantpp seed=62 train=-3.06106295 nll=-3.11702594 time_nll=-3.21760575 qty_mae=0.65007039 mark_acc=0.95922814
[epoch 041] backbone=titantpp seed=62 train=-3.07609118 nll=-3.13145999 time_nll=-3.23176799 qty_mae=0.58005461 mark_acc=0.95783740
[epoch 042] backbone=titantpp seed=62 train=-3.08958162 nll=-3.14082668 time_nll=-3.24508797 qty_mae=0.68220627 mark_acc=0.95768674
[epoch 043] backbone=titantpp seed=62 train=-3.10288632 nll=-3.15800197 time_nll=-3.25789508 qty_mae=0.81490218 mark_acc=0.95893840
[epoch 044] backbone=titantpp seed=62 train=-3.11529756 nll=-3.17174117 time_nll=-3.27028920 qty_mae=0.64726329 mark_acc=0.95906589
[epoch 045] backbone=titantpp seed=62 train=-3.12751216 nll=-3.18488793 time_nll=-3.28212314 qty_mae=0.77140464 mark_acc=0.95996987
[epoch 046] backbone=titantpp seed=62 train=-3.13945334 nll=-3.19753639 time_nll=-3.29323827 qty_mae=0.75599539 mark_acc=0.96005099
[epoch 047] backbone=titantpp seed=62 train=-3.15043097 nll=-3.19218953 time_nll=-3.30420744 qty_mae=0.65553491 mark_acc=0.95467347
[epoch 048] backbone=titantpp seed=62 train=-3.16138847 nll=-3.21208306 time_nll=-3.31461872 qty_mae=0.66813986 mark_acc=0.95794170
[epoch 049] backbone=titantpp seed=62 train=-3.17167870 nll=-3.22280421 time_nll=-3.32466239 qty_mae=0.69294712 mark_acc=0.96031755
[epoch 050] backbone=titantpp seed=62 train=-3.18145983 nll=-3.23778016 time_nll=-3.33427627 qty_mae=0.63470582 mark_acc=0.95987715
[epoch 051] backbone=titantpp seed=62 train=-3.19113475 nll=-3.24536911 time_nll=-3.34344708 qty_mae=0.79576027 mark_acc=0.95981920
[epoch 052] backbone=titantpp seed=62 train=-3.20040244 nll=-3.25346952 time_nll=-3.35224954 qty_mae=0.74503230 mark_acc=0.95970331
[epoch 053] backbone=titantpp seed=62 train=-3.20884555 nll=-3.25925209 time_nll=-3.36083285 qty_mae=0.74694081 mark_acc=0.95689865
[epoch 054] backbone=titantpp seed=62 train=-3.21780192 nll=-3.26813617 time_nll=-3.36907445 qty_mae=0.64686468 mark_acc=0.95876456
[epoch 055] backbone=titantpp seed=62 train=-3.22577881 nll=-3.27447353 time_nll=-3.37697011 qty_mae=0.58883136 mark_acc=0.95685229
[epoch 056] backbone=titantpp seed=62 train=-3.23366359 nll=-3.28676764 time_nll=-3.38450271 qty_mae=0.79170405 mark_acc=0.96008576
[epoch 057] backbone=titantpp seed=62 train=-3.24083320 nll=-3.29010296 time_nll=-3.39173598 qty_mae=0.83625413 mark_acc=0.95750130
[epoch 058] backbone=titantpp seed=62 train=-3.24847294 nll=-3.27924878 time_nll=-3.39868193 qty_mae=0.75948826 mark_acc=0.95134728
[epoch 059] backbone=titantpp seed=62 train=-3.25457776 nll=-3.30611585 time_nll=-3.40562800 qty_mae=0.70938138 mark_acc=0.95929768
[epoch 060] backbone=titantpp seed=62 train=-3.26197558 nll=-3.30702492 time_nll=-3.41202711 qty_mae=0.74219196 mark_acc=0.95755925
[epoch 061] backbone=titantpp seed=62 train=-3.26814987 nll=-3.32125492 time_nll=-3.41834105 qty_mae=0.70239443 mark_acc=0.95904271
[epoch 062] backbone=titantpp seed=62 train=-3.27461774 nll=-3.31984819 time_nll=-3.42440715 qty_mae=0.65001695 mark_acc=0.95717680
[epoch 063] backbone=titantpp seed=62 train=-3.28061340 nll=-3.33432716 time_nll=-3.43017701 qty_mae=0.67383604 mark_acc=0.95948311
[epoch 064] backbone=titantpp seed=62 train=-3.28657370 nll=-3.33804958 time_nll=-3.43588929 qty_mae=0.63158345 mark_acc=0.96082749
[epoch 065] backbone=titantpp seed=62 train=-3.29169780 nll=-3.33498993 time_nll=-3.44131846 qty_mae=0.62731794 mark_acc=0.95697978
[epoch 066] backbone=titantpp seed=62 train=-3.29749774 nll=-3.34475146 time_nll=-3.44652835 qty_mae=0.72442478 mark_acc=0.95934403
[epoch 067] backbone=titantpp seed=62 train=-3.30310590 nll=-3.35323940 time_nll=-3.45157531 qty_mae=0.66202025 mark_acc=0.95910065
[epoch 068] backbone=titantpp seed=62 train=-3.30769891 nll=-3.35416936 time_nll=-3.45643645 qty_mae=0.65511164 mark_acc=0.95613374
[epoch 069] backbone=titantpp seed=62 train=-3.31283779 nll=-3.36189868 time_nll=-3.46116139 qty_mae=0.85731050 mark_acc=0.96132584
[epoch 070] backbone=titantpp seed=62 train=-3.31739898 nll=-3.35919250 time_nll=-3.46565388 qty_mae=0.70859721 mark_acc=0.95713044
[epoch 071] backbone=titantpp seed=62 train=-3.32143596 nll=-3.36999323 time_nll=-3.46996320 qty_mae=0.69748617 mark_acc=0.95932086
[epoch 072] backbone=titantpp seed=62 train=-3.32613773 nll=-3.37410559 time_nll=-3.47433178 qty_mae=0.66892316 mark_acc=0.95943675
[epoch 073] backbone=titantpp seed=62 train=-3.33057715 nll=-3.38075876 time_nll=-3.47842327 qty_mae=0.74466195 mark_acc=0.96057252
[epoch 074] backbone=titantpp seed=62 train=-3.33443918 nll=-3.38433720 time_nll=-3.48241597 qty_mae=0.73813824 mark_acc=0.95937880
[epoch 075] backbone=titantpp seed=62 train=-3.33849973 nll=-3.39011697 time_nll=-3.48628246 qty_mae=0.73074641 mark_acc=0.96112882
[epoch 076] backbone=titantpp seed=62 train=-3.34249336 nll=-3.38340283 time_nll=-3.48980577 qty_mae=0.66022112 mark_acc=0.95776786
[epoch 077] backbone=titantpp seed=62 train=-3.34650353 nll=-3.39464949 time_nll=-3.49353374 qty_mae=0.75972504 mark_acc=0.95919337
[epoch 078] backbone=titantpp seed=62 train=-3.35009299 nll=-3.40248486 time_nll=-3.49697609 qty_mae=0.70504549 mark_acc=0.96059570
[epoch 079] backbone=titantpp seed=62 train=-3.35342788 nll=-3.40358123 time_nll=-3.50027139 qty_mae=0.63451333 mark_acc=0.95850959
[epoch 080] backbone=titantpp seed=62 train=-3.35656776 nll=-3.39866975 time_nll=-3.50351410 qty_mae=0.71911694 mark_acc=0.95651620
[epoch 081] backbone=titantpp seed=62 train=-3.36004562 nll=-3.40995547 time_nll=-3.50663356 qty_mae=0.62556220 mark_acc=0.96088544
[epoch 082] backbone=titantpp seed=62 train=-3.36298134 nll=-3.40699300 time_nll=-3.50962170 qty_mae=0.78120174 mark_acc=0.95789535
[epoch 083] backbone=titantpp seed=62 train=-3.36630748 nll=-3.39743414 time_nll=-3.51246668 qty_mae=0.70706383 mark_acc=0.95429101
[epoch 084] backbone=titantpp seed=62 train=-3.36870925 nll=-3.40911145 time_nll=-3.51535221 qty_mae=0.80268114 mark_acc=0.95748971
[epoch 085] backbone=titantpp seed=62 train=-3.37215400 nll=-3.42190094 time_nll=-3.51818375 qty_mae=0.64779450 mark_acc=0.96061888
[epoch 086] backbone=titantpp seed=62 train=-3.37533457 nll=-3.42197387 time_nll=-3.52088056 qty_mae=0.68590500 mark_acc=0.96088544
[epoch 087] backbone=titantpp seed=62 train=-3.37734316 nll=-3.42760383 time_nll=-3.52339024 qty_mae=0.66350028 mark_acc=0.96094339
[epoch 088] backbone=titantpp seed=62 train=-3.37987446 nll=-3.42148773 time_nll=-3.52571707 qty_mae=0.65097264 mark_acc=0.95837052
[epoch 089] backbone=titantpp seed=62 train=-3.38204834 nll=-3.42788072 time_nll=-3.52831606 qty_mae=0.65655612 mark_acc=0.95944834
[epoch 090] backbone=titantpp seed=62 train=-3.38462494 nll=-3.42815735 time_nll=-3.53056964 qty_mae=0.63795825 mark_acc=0.95845164
[epoch 091] backbone=titantpp seed=62 train=-3.38680934 nll=-3.42747981 time_nll=-3.53284383 qty_mae=0.66001456 mark_acc=0.95894999
[epoch 092] backbone=titantpp seed=62 train=-3.38933178 nll=-3.43732123 time_nll=-3.53505584 qty_mae=0.60335041 mark_acc=0.96111723
[epoch 093] backbone=titantpp seed=62 train=-3.39132116 nll=-3.42679344 time_nll=-3.53712331 qty_mae=0.67003188 mark_acc=0.95773309
[epoch 094] backbone=titantpp seed=62 train=-3.39338566 nll=-3.43403447 time_nll=-3.53920000 qty_mae=0.63912592 mark_acc=0.95854436
[epoch 095] backbone=titantpp seed=62 train=-3.39568854 nll=-3.43597642 time_nll=-3.54111633 qty_mae=0.80953486 mark_acc=0.95692183
[epoch 096] backbone=titantpp seed=62 train=-3.39765800 nll=-3.44295753 time_nll=-3.54311354 qty_mae=0.66863738 mark_acc=0.95905430
[epoch 097] backbone=titantpp seed=62 train=-3.39959511 nll=-3.43852467 time_nll=-3.54501060 qty_mae=0.60540836 mark_acc=0.95806919
[epoch 098] backbone=titantpp seed=62 train=-3.40148273 nll=-3.44721417 time_nll=-3.54677584 qty_mae=0.66747307 mark_acc=0.96038709
[epoch 099] backbone=titantpp seed=62 train=-3.40349025 nll=-3.44559312 time_nll=-3.54844540 qty_mae=0.75442209 mark_acc=0.95790694
[epoch 100] backbone=titantpp seed=62 train=-3.40512665 nll=-3.45490549 time_nll=-3.55011061 qty_mae=0.64508297 mark_acc=0.96086226
[epoch 101] backbone=titantpp seed=62 train=-3.40668454 nll=-3.44964968 time_nll=-3.55188189 qty_mae=0.75998900 mark_acc=0.95919337
[epoch 102] backbone=titantpp seed=62 train=-3.40892350 nll=-3.45259306 time_nll=-3.55341902 qty_mae=0.69179004 mark_acc=0.95793012
[epoch 103] backbone=titantpp seed=62 train=-3.40977726 nll=-3.45229215 time_nll=-3.55488009 qty_mae=0.75712478 mark_acc=0.96030596
[epoch 104] backbone=titantpp seed=62 train=-3.41181873 nll=-3.45004963 time_nll=-3.55637732 qty_mae=0.63587728 mark_acc=0.95921655
[epoch 105] backbone=titantpp seed=62 train=-3.41286016 nll=-3.45902629 time_nll=-3.55784469 qty_mae=0.71061901 mark_acc=0.96068842
[epoch 106] backbone=titantpp seed=62 train=-3.41441782 nll=-3.44469353 time_nll=-3.55932580 qty_mae=0.74087424 mark_acc=0.95288868
[epoch 107] backbone=titantpp seed=62 train=-3.41578855 nll=-3.46541601 time_nll=-3.56065356 qty_mae=0.70604897 mark_acc=0.96112882
[epoch 108] backbone=titantpp seed=62 train=-3.41725614 nll=-3.45792720 time_nll=-3.56187762 qty_mae=0.68767004 mark_acc=0.95840528
[epoch 109] backbone=titantpp seed=62 train=-3.41862944 nll=-3.46056171 time_nll=-3.56312585 qty_mae=0.77559595 mark_acc=0.96024802
[epoch 110] backbone=titantpp seed=62 train=-3.42014572 nll=-3.45268690 time_nll=-3.56425674 qty_mae=0.80336570 mark_acc=0.95520658
[epoch 111] backbone=titantpp seed=62 train=-3.42113706 nll=-3.45696191 time_nll=-3.56550996 qty_mae=0.64751827 mark_acc=0.95499797
[epoch 112] backbone=titantpp seed=62 train=-3.42262090 nll=-3.46655155 time_nll=-3.56673117 qty_mae=0.74824560 mark_acc=0.95973808
[epoch 113] backbone=titantpp seed=62 train=-3.42358786 nll=-3.46470180 time_nll=-3.56799500 qty_mae=0.61403600 mark_acc=0.95805760
[epoch 114] backbone=titantpp seed=62 train=-3.42477592 nll=-3.46309715 time_nll=-3.56891374 qty_mae=0.78737500 mark_acc=0.95796488
[epoch 115] backbone=titantpp seed=62 train=-3.42628546 nll=-3.47420817 time_nll=-3.56985004 qty_mae=0.67437798 mark_acc=0.96132584
[epoch 116] backbone=titantpp seed=62 train=-3.42695931 nll=-3.47633009 time_nll=-3.57093759 qty_mae=0.63174863 mark_acc=0.96086226
[epoch 117] backbone=titantpp seed=62 train=-3.42765953 nll=-3.46495654 time_nll=-3.57191655 qty_mae=0.71629209 mark_acc=0.95815032
[epoch 118] backbone=titantpp seed=62 train=-3.42934892 nll=-3.46525297 time_nll=-3.57284589 qty_mae=0.91774182 mark_acc=0.95888045
[epoch 119] backbone=titantpp seed=62 train=-3.43010714 nll=-3.46981811 time_nll=-3.57386108 qty_mae=0.63363943 mark_acc=0.95665527
[epoch 120] backbone=titantpp seed=62 train=-3.43067475 nll=-3.47140332 time_nll=-3.57480872 qty_mae=0.66436320 mark_acc=0.95854436
[epoch 121] backbone=titantpp seed=62 train=-3.43176226 nll=-3.47702868 time_nll=-3.57575295 qty_mae=0.66423807 mark_acc=0.95852118
[epoch 122] backbone=titantpp seed=62 train=-3.43303228 nll=-3.47186830 time_nll=-3.57661136 qty_mae=0.71598273 mark_acc=0.95776786
[epoch 123] backbone=titantpp seed=62 train=-3.43338951 nll=-3.47128714 time_nll=-3.57718320 qty_mae=0.60530445 mark_acc=0.95904271
[epoch 124] backbone=titantpp seed=62 train=-3.43456533 nll=-3.48247515 time_nll=-3.57799018 qty_mae=0.70276983 mark_acc=0.96162717
[epoch 125] backbone=titantpp seed=62 train=-3.43510804 nll=-3.46678572 time_nll=-3.57874053 qty_mae=0.76752614 mark_acc=0.95682911
[epoch 126] backbone=titantpp seed=62 train=-3.43625460 nll=-3.47139486 time_nll=-3.57948912 qty_mae=0.63987007 mark_acc=0.95637712
[epoch 127] backbone=titantpp seed=62 train=-3.43712365 nll=-3.48393814 time_nll=-3.58014505 qty_mae=0.70863514 mark_acc=0.96070001
[epoch 128] backbone=titantpp seed=62 train=-3.43749117 nll=-3.47831375 time_nll=-3.58090821 qty_mae=0.68010717 mark_acc=0.95795329
[epoch 129] backbone=titantpp seed=62 train=-3.43836160 nll=-3.47668627 time_nll=-3.58163490 qty_mae=0.79266667 mark_acc=0.95494002
[epoch 130] backbone=titantpp seed=62 train=-3.43870671 nll=-3.48221526 time_nll=-3.58230076 qty_mae=0.70741940 mark_acc=0.95932086
[epoch 131] backbone=titantpp seed=62 train=-3.43987705 nll=-3.48376260 time_nll=-3.58300050 qty_mae=0.74813772 mark_acc=0.95925132
[epoch 132] backbone=titantpp seed=62 train=-3.44081321 nll=-3.47484079 time_nll=-3.58373133 qty_mae=0.68031229 mark_acc=0.95367677
[epoch 133] backbone=titantpp seed=62 train=-3.44135086 nll=-3.48537509 time_nll=-3.58428797 qty_mae=0.70727113 mark_acc=0.95952947
[epoch 134] backbone=titantpp seed=62 train=-3.44174630 nll=-3.48321517 time_nll=-3.58477125 qty_mae=0.60608596 mark_acc=0.96012053
[epoch 135] backbone=titantpp seed=62 train=-3.44241069 nll=-3.48370927 time_nll=-3.58527473 qty_mae=0.79237479 mark_acc=0.95990033
[epoch 136] backbone=titantpp seed=62 train=-3.44317278 nll=-3.48304898 time_nll=-3.58574261 qty_mae=0.69578735 mark_acc=0.95846323
[epoch 137] backbone=titantpp seed=62 train=-3.44306127 nll=-3.47335991 time_nll=-3.58616290 qty_mae=0.60979391 mark_acc=0.95529930
[epoch 138] backbone=titantpp seed=62 train=-3.44382092 nll=-3.48429798 time_nll=-3.58670674 qty_mae=0.66126449 mark_acc=0.95908907
[epoch 139] backbone=titantpp seed=62 train=-3.44437515 nll=-3.48305859 time_nll=-3.58714657 qty_mae=0.71433324 mark_acc=0.95742018
[epoch 140] backbone=titantpp seed=62 train=-3.44474225 nll=-3.48318186 time_nll=-3.58763559 qty_mae=0.68558446 mark_acc=0.95702613
[epoch 141] backbone=titantpp seed=62 train=-3.44580853 nll=-3.48634229 time_nll=-3.58811069 qty_mae=0.65420539 mark_acc=0.95972649
[epoch 142] backbone=titantpp seed=62 train=-3.44571527 nll=-3.47988890 time_nll=-3.58860886 qty_mae=0.66592336 mark_acc=0.95585559
[epoch 143] backbone=titantpp seed=62 train=-3.44641929 nll=-3.47793532 time_nll=-3.58902454 qty_mae=0.68287780 mark_acc=0.95624964
[epoch 144] backbone=titantpp seed=62 train=-3.44684701 nll=-3.47771258 time_nll=-3.58947509 qty_mae=0.82013264 mark_acc=0.95506751
[epoch 145] backbone=titantpp seed=62 train=-3.44719447 nll=-3.48247526 time_nll=-3.59001531 qty_mae=0.65365019 mark_acc=0.95618010
[epoch 146] backbone=titantpp seed=62 train=-3.44811345 nll=-3.48671736 time_nll=-3.59049970 qty_mae=0.68599641 mark_acc=0.95828939
[epoch 147] backbone=titantpp seed=62 train=-3.44874670 nll=-3.49241915 time_nll=-3.59091420 qty_mae=0.65815670 mark_acc=0.96059570
[epoch 148] backbone=titantpp seed=62 train=-3.44902523 nll=-3.48448911 time_nll=-3.59136608 qty_mae=0.90457347 mark_acc=0.95760561
[epoch 149] backbone=titantpp seed=62 train=-3.44943731 nll=-3.47657031 time_nll=-3.59177328 qty_mae=0.70456099 mark_acc=0.95372313
[epoch 150] backbone=titantpp seed=62 train=-3.44934310 nll=-3.47819788 time_nll=-3.59201580 qty_mae=0.77614552 mark_acc=0.95174132
[epoch 151] backbone=titantpp seed=62 train=-3.45009833 nll=-3.49103931 time_nll=-3.59221261 qty_mae=0.68530048 mark_acc=0.95959900
[epoch 152] backbone=titantpp seed=62 train=-3.45011550 nll=-3.49253762 time_nll=-3.59248869 qty_mae=0.64299054 mark_acc=0.96000464
[epoch 153] backbone=titantpp seed=62 train=-3.45062859 nll=-3.48557953 time_nll=-3.59272226 qty_mae=0.65652442 mark_acc=0.95744336
[epoch 154] backbone=titantpp seed=62 train=-3.45061657 nll=-3.49090173 time_nll=-3.59293281 qty_mae=0.66448124 mark_acc=0.95786058
[epoch 155] backbone=titantpp seed=62 train=-3.45094102 nll=-3.49066121 time_nll=-3.59313723 qty_mae=0.73127426 mark_acc=0.95984238
[epoch 156] backbone=titantpp seed=62 train=-3.45115048 nll=-3.49184627 time_nll=-3.59340331 qty_mae=0.65934463 mark_acc=0.95962218
[epoch 157] backbone=titantpp seed=62 train=-3.45136837 nll=-3.48956213 time_nll=-3.59366203 qty_mae=0.70624677 mark_acc=0.95703772
[epoch 158] backbone=titantpp seed=62 train=-3.45173139 nll=-3.49039292 time_nll=-3.59390099 qty_mae=0.72881607 mark_acc=0.95709567
[epoch 159] backbone=titantpp seed=62 train=-3.45222353 nll=-3.49279718 time_nll=-3.59409040 qty_mae=0.65097294 mark_acc=0.95738541
[epoch 160] backbone=titantpp seed=62 train=-3.45242775 nll=-3.48385611 time_nll=-3.59432304 qty_mae=0.63418533 mark_acc=0.95783740
[epoch 161] backbone=titantpp seed=62 train=-3.45263594 nll=-3.48847533 time_nll=-3.59459451 qty_mae=0.74530305 mark_acc=0.95601785
[epoch 162] backbone=titantpp seed=62 train=-3.45295818 nll=-3.48534925 time_nll=-3.59481843 qty_mae=0.60667152 mark_acc=0.95694501
[epoch 163] backbone=titantpp seed=62 train=-3.45324189 nll=-3.47335933 time_nll=-3.59508487 qty_mae=0.70247605 mark_acc=0.95287709
[epoch 164] backbone=titantpp seed=62 train=-3.45303599 nll=-3.49465488 time_nll=-3.59531479 qty_mae=0.65222867 mark_acc=0.95928609
[epoch 165] backbone=titantpp seed=62 train=-3.45403985 nll=-3.49060013 time_nll=-3.59554572 qty_mae=0.75097436 mark_acc=0.95748971
[epoch 166] backbone=titantpp seed=62 train=-3.45362453 nll=-3.48920188 time_nll=-3.59576552 qty_mae=0.66764929 mark_acc=0.95704931
[epoch 167] backbone=titantpp seed=62 train=-3.45463294 nll=-3.47594948 time_nll=-3.59597701 qty_mae=0.71093309 mark_acc=0.95232080
[epoch 168] backbone=titantpp seed=62 train=-3.45450617 nll=-3.48651750 time_nll=-3.59623025 qty_mae=0.69615329 mark_acc=0.95504433
[epoch 169] backbone=titantpp seed=62 train=-3.45461022 nll=-3.48302508 time_nll=-3.59640381 qty_mae=0.67815582 mark_acc=0.95462711
[epoch 170] backbone=titantpp seed=62 train=-3.45512675 nll=-3.49480712 time_nll=-3.59656071 qty_mae=0.73887081 mark_acc=0.95819667
[epoch 171] backbone=titantpp seed=62 train=-3.45509295 nll=-3.46859589 time_nll=-3.59683172 qty_mae=0.76518995 mark_acc=0.94708234
[epoch 172] backbone=titantpp seed=62 train=-3.45577957 nll=-3.48746517 time_nll=-3.59706740 qty_mae=0.70048637 mark_acc=0.95510228
[epoch 173] backbone=titantpp seed=62 train=-3.45540008 nll=-3.49407249 time_nll=-3.59724615 qty_mae=0.72992369 mark_acc=0.95752448
[epoch 174] backbone=titantpp seed=62 train=-3.45593406 nll=-3.48475560 time_nll=-3.59749415 qty_mae=0.67684913 mark_acc=0.95616851
[epoch 175] backbone=titantpp seed=62 train=-3.45635367 nll=-3.48740674 time_nll=-3.59772031 qty_mae=0.71344828 mark_acc=0.95612215
[epoch 176] backbone=titantpp seed=62 train=-3.45673009 nll=-3.48207148 time_nll=-3.59796888 qty_mae=0.71375658 mark_acc=0.95213537
[epoch 177] backbone=titantpp seed=62 train=-3.45681196 nll=-3.49396269 time_nll=-3.59818153 qty_mae=0.63317412 mark_acc=0.95817349
[epoch 178] backbone=titantpp seed=62 train=-3.45671267 nll=-3.49734975 time_nll=-3.59839102 qty_mae=0.66041833 mark_acc=0.95872979
[epoch 179] backbone=titantpp seed=62 train=-3.45712916 nll=-3.49828292 time_nll=-3.59861948 qty_mae=0.64189506 mark_acc=0.95908907
[epoch 180] backbone=titantpp seed=62 train=-3.45719624 nll=-3.48949949 time_nll=-3.59885964 qty_mae=0.73647412 mark_acc=0.95777945
[epoch 181] backbone=titantpp seed=62 train=-3.45777038 nll=-3.48979849 time_nll=-3.59903961 qty_mae=0.70684366 mark_acc=0.95554268
[epoch 182] backbone=titantpp seed=62 train=-3.45814601 nll=-3.49084703 time_nll=-3.59928048 qty_mae=0.77559578 mark_acc=0.95381584
[epoch 183] backbone=titantpp seed=62 train=-3.45844082 nll=-3.48694163 time_nll=-3.59942661 qty_mae=0.70415968 mark_acc=0.95492843
[epoch 184] backbone=titantpp seed=62 train=-3.45818394 nll=-3.47131587 time_nll=-3.59944197 qty_mae=0.69861050 mark_acc=0.94858898
[epoch 185] backbone=titantpp seed=62 train=-3.45891170 nll=-3.48453578 time_nll=-3.59934439 qty_mae=0.68738677 mark_acc=0.95279597
[epoch 186] backbone=titantpp seed=62 train=-3.45831344 nll=-3.48807411 time_nll=-3.59942281 qty_mae=0.66050476 mark_acc=0.95342180
[epoch 187] backbone=titantpp seed=62 train=-3.45865979 nll=-3.48515673 time_nll=-3.59943741 qty_mae=0.63975183 mark_acc=0.95484731
[epoch 188] backbone=titantpp seed=62 train=-3.45789858 nll=-3.48858947 time_nll=-3.59941593 qty_mae=0.61425549 mark_acc=0.95441850
[epoch 189] backbone=titantpp seed=62 train=-3.45874631 nll=-3.49184990 time_nll=-3.59937201 qty_mae=0.64993275 mark_acc=0.95804601
[epoch 190] backbone=titantpp seed=62 train=-3.45851058 nll=-3.49233175 time_nll=-3.59945421 qty_mae=0.69770928 mark_acc=0.95651620
[epoch 191] backbone=titantpp seed=62 train=-3.45871027 nll=-3.49341479 time_nll=-3.59941690 qty_mae=0.74305800 mark_acc=0.95611056
[epoch 192] backbone=titantpp seed=62 train=-3.45835479 nll=-3.47954567 time_nll=-3.59945767 qty_mae=0.72175699 mark_acc=0.95300458
[epoch 193] backbone=titantpp seed=62 train=-3.45865842 nll=-3.49882443 time_nll=-3.59943848 qty_mae=0.65169334 mark_acc=0.95830098
[epoch 194] backbone=titantpp seed=62 train=-3.45900365 nll=-3.49456952 time_nll=-3.59941525 qty_mae=0.65906073 mark_acc=0.95768674
[epoch 195] backbone=titantpp seed=62 train=-3.45829848 nll=-3.49507505 time_nll=-3.59945691 qty_mae=0.74755951 mark_acc=0.95637712
[epoch 196] backbone=titantpp seed=62 train=-3.45888730 nll=-3.49276109 time_nll=-3.59944560 qty_mae=0.65011515 mark_acc=0.95525294
[epoch 197] backbone=titantpp seed=62 train=-3.45834113 nll=-3.49712785 time_nll=-3.59944801 qty_mae=0.68784059 mark_acc=0.95942516
[epoch 198] backbone=titantpp seed=62 train=-3.45868596 nll=-3.48688020 time_nll=-3.59933524 qty_mae=0.66792686 mark_acc=0.95594831
[epoch 199] backbone=titantpp seed=62 train=-3.45892235 nll=-3.48633817 time_nll=-3.59941113 qty_mae=0.68338969 mark_acc=0.95666686
[epoch 200] backbone=titantpp seed=62 train=-3.45834607 nll=-3.49278418 time_nll=-3.59945040 qty_mae=0.64673688 mark_acc=0.95620328
[epoch 201] backbone=titantpp seed=62 train=-3.45862973 nll=-3.48116641 time_nll=-3.59945471 qty_mae=0.75609203 mark_acc=0.94999131
[epoch 202] backbone=titantpp seed=62 train=-3.45857912 nll=-3.49116826 time_nll=-3.59939005 qty_mae=0.64612273 mark_acc=0.95519499
[epoch 203] backbone=titantpp seed=62 train=-3.45891858 nll=-3.49507861 time_nll=-3.59946172 qty_mae=0.67013318 mark_acc=0.95765197
[epoch 204] backbone=titantpp seed=62 train=-3.45883476 nll=-3.49568584 time_nll=-3.59943435 qty_mae=0.70000171 mark_acc=0.95768674
[epoch 205] backbone=titantpp seed=62 train=-3.45850574 nll=-3.49212569 time_nll=-3.59937902 qty_mae=0.64386581 mark_acc=0.95729269
[epoch 206] backbone=titantpp seed=62 train=-3.45862425 nll=-3.49795415 time_nll=-3.59943040 qty_mae=0.69117339 mark_acc=0.95831257
[epoch 207] backbone=titantpp seed=62 train=-3.45871614 nll=-3.49276480 time_nll=-3.59943490 qty_mae=0.65996836 mark_acc=0.95657414
[epoch 208] backbone=titantpp seed=62 train=-3.45876922 nll=-3.48485319 time_nll=-3.59940859 qty_mae=0.74586424 mark_acc=0.95283074
[epoch 209] backbone=titantpp seed=62 train=-3.45872232 nll=-3.49719657 time_nll=-3.59939716 qty_mae=0.71395469 mark_acc=0.95764038
[epoch 210] backbone=titantpp seed=62 train=-3.45935430 nll=-3.47899521 time_nll=-3.59944245 qty_mae=0.73073328 mark_acc=0.95044330
[epoch 211] backbone=titantpp seed=62 train=-3.45928074 nll=-3.48518269 time_nll=-3.59941687 qty_mae=0.68888184 mark_acc=0.95437214
[epoch 212] backbone=titantpp seed=62 train=-3.45880717 nll=-3.49043228 time_nll=-3.59943155 qty_mae=0.65204818 mark_acc=0.95558904
[epoch 213] backbone=titantpp seed=62 train=-3.45887330 nll=-3.48320261 time_nll=-3.59937555 qty_mae=0.66440656 mark_acc=0.95207742
[epoch 214] backbone=titantpp seed=62 train=-3.45883284 nll=-3.49048748 time_nll=-3.59946977 qty_mae=0.64658083 mark_acc=0.95772150
[epoch 215] backbone=titantpp seed=62 train=-3.45892254 nll=-3.49431218 time_nll=-3.59937243 qty_mae=0.74359656 mark_acc=0.95658573
[epoch 216] backbone=titantpp seed=62 train=-3.45927126 nll=-3.49067110 time_nll=-3.59945980 qty_mae=0.63624354 mark_acc=0.95678275
[epoch 217] backbone=titantpp seed=62 train=-3.45924216 nll=-3.49448834 time_nll=-3.59945179 qty_mae=0.75793683 mark_acc=0.95820826
[epoch 218] backbone=titantpp seed=62 train=-3.45942443 nll=-3.47309062 time_nll=-3.59939482 qty_mae=0.71253400 mark_acc=0.95190358
[epoch 219] backbone=titantpp seed=62 train=-3.45906059 nll=-3.48037855 time_nll=-3.59943975 qty_mae=0.69472252 mark_acc=0.95099959
[epoch 220] backbone=titantpp seed=62 train=-3.45926218 nll=-3.48064888 time_nll=-3.59944901 qty_mae=0.60181813 mark_acc=0.95305094
[epoch 221] backbone=titantpp seed=62 train=-3.45930580 nll=-3.49922372 time_nll=-3.59947353 qty_mae=0.61872714 mark_acc=0.95816191
[epoch 222] backbone=titantpp seed=62 train=-3.45938180 nll=-3.48587560 time_nll=-3.59944575 qty_mae=0.65829710 mark_acc=0.95386220
[epoch 223] backbone=titantpp seed=62 train=-3.45907664 nll=-3.48372537 time_nll=-3.59942869 qty_mae=0.67220440 mark_acc=0.95400127
[epoch 224] backbone=titantpp seed=62 train=-3.45924587 nll=-3.49110158 time_nll=-3.59947502 qty_mae=0.67099973 mark_acc=0.95793012
[epoch 225] backbone=titantpp seed=62 train=-3.45889601 nll=-3.48921074 time_nll=-3.59944215 qty_mae=0.73888923 mark_acc=0.95475459
[epoch 226] backbone=titantpp seed=62 train=-3.45963964 nll=-3.48915861 time_nll=-3.59945647 qty_mae=0.68579220 mark_acc=0.95445327
[epoch 227] backbone=titantpp seed=62 train=-3.45964768 nll=-3.46424088 time_nll=-3.59942250 qty_mae=0.69368698 mark_acc=0.94309556
[epoch 228] backbone=titantpp seed=62 train=-3.45932297 nll=-3.47786515 time_nll=-3.59945290 qty_mae=0.68916669 mark_acc=0.95040853
[epoch 229] backbone=titantpp seed=62 train=-3.45968324 nll=-3.48488214 time_nll=-3.59938301 qty_mae=0.61147038 mark_acc=0.95524135
[epoch 230] backbone=titantpp seed=62 train=-3.45925561 nll=-3.49822400 time_nll=-3.59941145 qty_mae=0.73784007 mark_acc=0.95979602
[epoch 231] backbone=titantpp seed=62 train=-3.45910784 nll=-3.48257615 time_nll=-3.59940684 qty_mae=0.72739071 mark_acc=0.95519499
[epoch 232] backbone=titantpp seed=62 train=-3.45954026 nll=-3.49486531 time_nll=-3.59943561 qty_mae=0.69203067 mark_acc=0.95729269
[epoch 233] backbone=titantpp seed=62 train=-3.45979314 nll=-3.48377927 time_nll=-3.59943075 qty_mae=0.61506482 mark_acc=0.95349134
[epoch 234] backbone=titantpp seed=62 train=-3.45904683 nll=-3.48269184 time_nll=-3.59944423 qty_mae=0.66616540 mark_acc=0.95364200
[epoch 235] backbone=titantpp seed=62 train=-3.45919493 nll=-3.48826043 time_nll=-3.59945826 qty_mae=0.71192756 mark_acc=0.95686388
[epoch 236] backbone=titantpp seed=62 train=-3.45943506 nll=-3.48582127 time_nll=-3.59941710 qty_mae=0.73609073 mark_acc=0.95514864
[epoch 237] backbone=titantpp seed=62 train=-3.45949928 nll=-3.48648676 time_nll=-3.59948687 qty_mae=0.64263264 mark_acc=0.95729269
[epoch 238] backbone=titantpp seed=62 train=-3.45956041 nll=-3.46485375 time_nll=-3.59942950 qty_mae=0.69765873 mark_acc=0.94975952
[epoch 239] backbone=titantpp seed=62 train=-3.45926149 nll=-3.48461359 time_nll=-3.59941502 qty_mae=0.67252658 mark_acc=0.95535725
[epoch 240] backbone=titantpp seed=62 train=-3.45916504 nll=-3.48288431 time_nll=-3.59943260 qty_mae=0.66418714 mark_acc=0.95424465
[epoch 241] backbone=titantpp seed=62 train=-3.45977477 nll=-3.49047648 time_nll=-3.59945280 qty_mae=0.74365436 mark_acc=0.95684070
[epoch 242] backbone=titantpp seed=62 train=-3.45958718 nll=-3.47947073 time_nll=-3.59944012 qty_mae=0.68087602 mark_acc=0.95220490
[epoch 243] backbone=titantpp seed=62 train=-3.45961347 nll=-3.48882371 time_nll=-3.59941155 qty_mae=0.66164483 mark_acc=0.95646984
[epoch 244] backbone=titantpp seed=62 train=-3.45943922 nll=-3.47862484 time_nll=-3.59945603 qty_mae=0.66234917 mark_acc=0.95050125
[epoch 245] backbone=titantpp seed=62 train=-3.45996994 nll=-3.49491843 time_nll=-3.59943259 qty_mae=0.74594622 mark_acc=0.95826621
[epoch 246] backbone=titantpp seed=62 train=-3.45947037 nll=-3.47915319 time_nll=-3.59945518 qty_mae=0.66148068 mark_acc=0.95427942
[epoch 247] backbone=titantpp seed=62 train=-3.45961998 nll=-3.47860786 time_nll=-3.59943686 qty_mae=0.68112771 mark_acc=0.95032740
[epoch 248] backbone=titantpp seed=62 train=-3.45987823 nll=-3.48507814 time_nll=-3.59945118 qty_mae=0.70117103 mark_acc=0.95575129
[epoch 249] backbone=titantpp seed=62 train=-3.45975759 nll=-3.49085619 time_nll=-3.59948167 qty_mae=0.70187987 mark_acc=0.95723475
[epoch 250] backbone=titantpp seed=62 train=-3.45963633 nll=-3.49055760 time_nll=-3.59947358 qty_mae=0.64644404 mark_acc=0.95550791
[epoch 251] backbone=titantpp seed=62 train=-3.45949860 nll=-3.49028322 time_nll=-3.59940458 qty_mae=0.69095524 mark_acc=0.95721157
[epoch 252] backbone=titantpp seed=62 train=-3.45935255 nll=-3.49113015 time_nll=-3.59943689 qty_mae=0.64904049 mark_acc=0.95736223
[epoch 253] backbone=titantpp seed=62 train=-3.45978590 nll=-3.47555977 time_nll=-3.59943668 qty_mae=0.66262267 mark_acc=0.95203106
[epoch 254] backbone=titantpp seed=62 train=-3.45992615 nll=-3.48821282 time_nll=-3.59944063 qty_mae=0.75727509 mark_acc=0.95402445
[epoch 255] backbone=titantpp seed=62 train=-3.46000810 nll=-3.48924048 time_nll=-3.59941375 qty_mae=0.68163507 mark_acc=0.95451121
[epoch 256] backbone=titantpp seed=62 train=-3.45980608 nll=-3.49372824 time_nll=-3.59933248 qty_mae=0.68581838 mark_acc=0.95846323
[epoch 257] backbone=titantpp seed=62 train=-3.45988804 nll=-3.48415794 time_nll=-3.59939190 qty_mae=0.74702329 mark_acc=0.95575129
[epoch 258] backbone=titantpp seed=62 train=-3.45972865 nll=-3.49066953 time_nll=-3.59944512 qty_mae=0.87478935 mark_acc=0.95635394
[epoch 259] backbone=titantpp seed=62 train=-3.45992722 nll=-3.48272752 time_nll=-3.59940886 qty_mae=0.63447888 mark_acc=0.95324796
[epoch 260] backbone=titantpp seed=62 train=-3.45965003 nll=-3.46255459 time_nll=-3.59944167 qty_mae=0.68819348 mark_acc=0.94635220
[epoch 261] backbone=titantpp seed=62 train=-3.45979175 nll=-3.49373754 time_nll=-3.59942666 qty_mae=0.66158787 mark_acc=0.95758243
[early-stop] backbone=titantpp seed=62 current_epoch=261 best_epoch=221
[complete] output_dir=/home/leekwanhyeong/workspace/paper_research/search_artifacts/intermittent_log_backbone_control_e300_20260811 runs=3
