/opt/miniconda3/envs/ai_env/lib/python3.12/site-packages/torch/autograd/graph.py:869: UserWarning: Memory Efficient attention defaults to a non-deterministic algorithm. To explicitly enable determinism call torch.use_deterministic_algorithms(True, warn_only=False). (Triggered internally at /pytorch/aten/src/ATen/native/transformers/cuda/attention_backward.cu:900.)
  return Variable._execution_engine.run_backward(  # Calls into the C++ engine to run the backward pass
[epoch 001] backbone=thp seed=42 train=2.11190920 nll=1.64177610 qty_mae=95.38200355 mark_acc=0.90336236
[epoch 002] backbone=thp seed=42 train=1.75043088 nll=1.66773466 qty_mae=43.52925987 mark_acc=0.91291727
[epoch 003] backbone=thp seed=42 train=1.71262553 nll=1.61248670 qty_mae=51.48834815 mark_acc=0.91473149
[epoch 004] backbone=thp seed=42 train=1.69307438 nll=1.65920720 qty_mae=68.69625693 mark_acc=0.90977262
[epoch 005] backbone=thp seed=42 train=1.66899390 nll=1.70556712 qty_mae=87.28663172 mark_acc=0.90396710
[epoch 006] backbone=thp seed=42 train=1.68354946 nll=1.62529454 qty_mae=67.55922576 mark_acc=0.90940977
[epoch 007] backbone=thp seed=42 train=1.66528013 nll=1.64349715 qty_mae=46.18130110 mark_acc=0.90735365
[epoch 008] backbone=thp seed=42 train=1.64763965 nll=1.63618574 qty_mae=96.28467475 mark_acc=0.91134494
[epoch 009] backbone=thp seed=42 train=1.64973303 nll=1.64234498 qty_mae=65.06364130 mark_acc=0.91473149
[epoch 010] backbone=thp seed=42 train=1.63370660 nll=1.63909657 qty_mae=48.20817057 mark_acc=0.90928882
[epoch 011] backbone=thp seed=42 train=1.63066072 nll=1.63955157 qty_mae=63.78333560 mark_acc=0.91291727
[epoch 012] backbone=thp seed=42 train=1.62474695 nll=1.64008486 qty_mae=63.59779126 mark_acc=0.91340106
[epoch 013] backbone=thp seed=42 train=1.62597542 nll=1.66762652 qty_mae=89.01551601 mark_acc=0.91303822
[epoch 014] backbone=thp seed=42 train=1.61770624 nll=1.64498704 qty_mae=72.76283479 mark_acc=0.91727141
[epoch 015] backbone=thp seed=42 train=1.61374060 nll=1.67337190 qty_mae=37.34890647 mark_acc=0.91219158
[epoch 016] backbone=thp seed=42 train=1.60778277 nll=1.69797791 qty_mae=80.39763639 mark_acc=0.90578133
[epoch 017] backbone=thp seed=42 train=1.60394642 nll=1.65435768 qty_mae=59.58552125 mark_acc=0.91521529
[epoch 018] backbone=thp seed=42 train=1.59818952 nll=1.66801241 qty_mae=68.75127455 mark_acc=0.91291727
[epoch 019] backbone=thp seed=42 train=1.59884091 nll=1.67510816 qty_mae=57.85735976 mark_acc=0.91618287
[epoch 020] backbone=thp seed=42 train=1.59699332 nll=1.69260514 qty_mae=76.71931552 mark_acc=0.91037736
[epoch 021] backbone=thp seed=42 train=1.59154356 nll=1.68769065 qty_mae=59.33828175 mark_acc=0.91255443
[epoch 022] backbone=thp seed=42 train=1.58635067 nll=1.69293172 qty_mae=57.09724086 mark_acc=0.91497339
[epoch 023] backbone=thp seed=42 train=1.58661634 nll=1.71068855 qty_mae=32.81169158 mark_acc=0.91400581
[epoch 024] backbone=thp seed=42 train=1.57856074 nll=1.68232166 qty_mae=76.01805537 mark_acc=0.91412675
[epoch 025] backbone=thp seed=42 train=1.57810429 nll=1.69114603 qty_mae=51.91917932 mark_acc=0.91448960
[epoch 026] backbone=thp seed=42 train=1.58037453 nll=1.69545415 qty_mae=69.70522717 mark_acc=0.91315917
[epoch 027] backbone=thp seed=42 train=1.57070599 nll=1.69178314 qty_mae=71.08147808 mark_acc=0.91884373
[epoch 028] backbone=thp seed=42 train=1.57456324 nll=1.67969363 qty_mae=68.42538312 mark_acc=0.91775520
[epoch 029] backbone=thp seed=42 train=1.56581198 nll=1.71062479 qty_mae=49.02604176 mark_acc=0.91448960
[epoch 030] backbone=thp seed=42 train=1.60021341 nll=1.70804340 qty_mae=84.13867474 mark_acc=0.91678761
[epoch 031] backbone=thp seed=42 train=1.56052398 nll=1.72707759 qty_mae=59.45887168 mark_acc=0.91618287
[epoch 032] backbone=thp seed=42 train=1.56238985 nll=1.82683126 qty_mae=40.96453485 mark_acc=0.91352201
[epoch 033] backbone=thp seed=42 train=1.55840930 nll=1.74207672 qty_mae=36.66781272 mark_acc=0.91521529
[epoch 034] backbone=thp seed=42 train=1.55433627 nll=1.77717721 qty_mae=77.83810566 mark_acc=0.91412675
[epoch 035] backbone=thp seed=42 train=1.55453631 nll=1.77197764 qty_mae=61.09653462 mark_acc=0.91049831
[epoch 036] backbone=thp seed=42 train=1.55100119 nll=1.78467720 qty_mae=54.63650820 mark_acc=0.91364296
[epoch 037] backbone=thp seed=42 train=1.54087409 nll=1.90884061 qty_mae=72.79161307 mark_acc=0.91255443
[epoch 038] backbone=thp seed=42 train=1.54549248 nll=1.90928948 qty_mae=51.05850331 mark_acc=0.91303822
[epoch 039] backbone=thp seed=42 train=1.59972988 nll=2.01174392 qty_mae=123.54211535 mark_acc=0.91473149
[epoch 040] backbone=thp seed=42 train=1.54409968 nll=1.99386542 qty_mae=76.71471733 mark_acc=0.91255443
[epoch 041] backbone=thp seed=42 train=1.53140672 nll=1.99390165 qty_mae=71.43652528 mark_acc=0.91787615
[epoch 042] backbone=thp seed=42 train=1.52835359 nll=2.00972622 qty_mae=79.54236731 mark_acc=0.91787615
[epoch 043] backbone=thp seed=42 train=1.51763389 nll=2.06279041 qty_mae=75.28391514 mark_acc=0.90771650
[epoch 044] backbone=thp seed=42 train=1.60442166 nll=2.24053297 qty_mae=53.02067150 mark_acc=0.91061925
[epoch 045] backbone=thp seed=42 train=1.52881527 nll=2.64983232 qty_mae=68.97364093 mark_acc=0.91122400
[epoch 046] backbone=thp seed=42 train=1.51310695 nll=2.57983129 qty_mae=66.90256376 mark_acc=0.91436865
[epoch 047] backbone=thp seed=42 train=1.51817810 nll=2.97130901 qty_mae=132.24326343 mark_acc=0.91158684
[epoch 048] backbone=thp seed=42 train=1.51211938 nll=3.14894777 qty_mae=58.09356760 mark_acc=0.91424770
[epoch 049] backbone=thp seed=42 train=1.54502292 nll=3.48134442 qty_mae=65.37837747 mark_acc=0.91690856
[epoch 050] backbone=thp seed=42 train=1.78926643 nll=3.48136150 qty_mae=75.15739554 mark_acc=0.90892598
[epoch 051] backbone=thp seed=42 train=1.51318447 nll=4.89626110 qty_mae=53.95625866 mark_acc=0.91533624
[epoch 052] backbone=thp seed=42 train=1.53360699 nll=3.82432252 qty_mae=48.77095278 mark_acc=0.91412675
[epoch 053] backbone=thp seed=42 train=1.49735486 nll=5.29376250 qty_mae=63.50579090 mark_acc=0.91569908
[epoch 054] backbone=thp seed=42 train=1.49948017 nll=5.85661007 qty_mae=50.12496250 mark_acc=0.91049831
[epoch 055] backbone=thp seed=42 train=1.53178479 nll=7.14507917 qty_mae=71.34257935 mark_acc=0.91049831
[epoch 056] backbone=thp seed=42 train=1.50838595 nll=7.04380557 qty_mae=81.69932122 mark_acc=0.90686986
[epoch 057] backbone=thp seed=42 train=1.50090173 nll=6.16282415 qty_mae=61.29114329 mark_acc=0.91219158
[epoch 058] backbone=thp seed=42 train=3.85424596 nll=6.10856072 qty_mae=67.35481239 mark_acc=0.91170779
[epoch 059] backbone=thp seed=42 train=1.79789933 nll=8.01532853 qty_mae=51.06167458 mark_acc=0.91303822
[epoch 060] backbone=thp seed=42 train=1.58232651 nll=7.45505897 qty_mae=89.99964705 mark_acc=0.90892598
[epoch 061] backbone=thp seed=42 train=1.48275036 nll=6.99544367 qty_mae=67.19990215 mark_acc=0.91448960
[epoch 062] backbone=thp seed=42 train=1.61864133 nll=5.94144105 qty_mae=70.46299959 mark_acc=0.90807934
[epoch 063] backbone=thp seed=42 train=1.49113106 nll=9.22337211 qty_mae=68.00413262 mark_acc=0.91037736
[early-stop] backbone=thp seed=42 current_epoch=63 best_epoch=3
[epoch 001] backbone=thp seed=52 train=2.09383000 nll=1.60256451 qty_mae=40.94657635 mark_acc=0.91582003
[epoch 002] backbone=thp seed=52 train=1.75273426 nll=1.62521504 qty_mae=74.80577123 mark_acc=0.90517658
[epoch 003] backbone=thp seed=52 train=1.69583990 nll=1.61946692 qty_mae=65.91401366 mark_acc=0.91219158
[epoch 004] backbone=thp seed=52 train=1.68616957 nll=1.66934396 qty_mae=58.98081334 mark_acc=0.90832124
[epoch 005] backbone=thp seed=52 train=1.67747004 nll=1.62600055 qty_mae=42.02931859 mark_acc=0.91049831
[epoch 006] backbone=thp seed=52 train=1.65828027 nll=1.69838220 qty_mae=62.66675992 mark_acc=0.90553943
[epoch 007] backbone=thp seed=52 train=1.65813872 nll=1.63118497 qty_mae=54.86759469 mark_acc=0.91219158
[epoch 008] backbone=thp seed=52 train=1.64740783 nll=1.66880247 qty_mae=55.82672000 mark_acc=0.91110305
[epoch 009] backbone=thp seed=52 train=1.63425431 nll=1.63062454 qty_mae=39.26059802 mark_acc=0.91255443
[epoch 010] backbone=thp seed=52 train=1.63134082 nll=1.63345719 qty_mae=78.29761635 mark_acc=0.91134494
[epoch 011] backbone=thp seed=52 train=1.62837156 nll=1.69517858 qty_mae=43.42079794 mark_acc=0.90082245
[epoch 012] backbone=thp seed=52 train=1.61991434 nll=1.68413255 qty_mae=90.02795004 mark_acc=0.90783745
[epoch 013] backbone=thp seed=52 train=1.62720674 nll=1.64066694 qty_mae=65.39611067 mark_acc=0.91436865
[epoch 014] backbone=thp seed=52 train=1.61708393 nll=1.62730887 qty_mae=55.33119683 mark_acc=0.91315917
[epoch 015] backbone=thp seed=52 train=1.61020389 nll=1.70124358 qty_mae=46.33641271 mark_acc=0.91279632
[epoch 016] backbone=thp seed=52 train=1.60834868 nll=1.69502560 qty_mae=112.33536500 mark_acc=0.90832124
[epoch 017] backbone=thp seed=52 train=1.60420066 nll=1.69852656 qty_mae=38.80568956 mark_acc=0.91122400
[epoch 018] backbone=thp seed=52 train=1.60852171 nll=1.69381573 qty_mae=83.78443419 mark_acc=0.90747460
[epoch 019] backbone=thp seed=52 train=1.59696688 nll=1.68854119 qty_mae=54.93180741 mark_acc=0.91098210
[epoch 020] backbone=thp seed=52 train=1.59184448 nll=1.71480455 qty_mae=55.35595153 mark_acc=0.90880503
[epoch 021] backbone=thp seed=52 train=1.58960382 nll=1.67223206 qty_mae=78.73707693 mark_acc=0.91606193
[epoch 022] backbone=thp seed=52 train=1.58590874 nll=1.69479598 qty_mae=78.00122127 mark_acc=0.91013546
[epoch 023] backbone=thp seed=52 train=1.58361195 nll=1.67196194 qty_mae=89.03472237 mark_acc=0.91473149
[epoch 024] backbone=thp seed=52 train=1.58050878 nll=1.71031021 qty_mae=52.70878438 mark_acc=0.91364296
[epoch 025] backbone=thp seed=52 train=1.57723613 nll=1.68825106 qty_mae=61.20469390 mark_acc=0.91388486
[epoch 026] backbone=thp seed=52 train=1.57582036 nll=1.71358475 qty_mae=66.75459767 mark_acc=0.91315917
[epoch 027] backbone=thp seed=52 train=1.57222036 nll=1.70984775 qty_mae=93.18605335 mark_acc=0.90856313
[epoch 028] backbone=thp seed=52 train=1.56831715 nll=1.73159143 qty_mae=78.97177157 mark_acc=0.91098210
[epoch 029] backbone=thp seed=52 train=1.58757764 nll=1.76322878 qty_mae=109.60571114 mark_acc=0.91013546
[epoch 030] backbone=thp seed=52 train=1.56703500 nll=1.75647596 qty_mae=64.14527773 mark_acc=0.91315917
[epoch 031] backbone=thp seed=52 train=1.55692368 nll=1.83212431 qty_mae=58.41670395 mark_acc=0.90977262
[epoch 032] backbone=thp seed=52 train=1.55922331 nll=1.72987664 qty_mae=74.83586208 mark_acc=0.91037736
[epoch 033] backbone=thp seed=52 train=1.56664182 nll=1.83602496 qty_mae=61.51753478 mark_acc=0.91521529
[epoch 034] backbone=thp seed=52 train=1.54891573 nll=1.82020723 qty_mae=54.57616070 mark_acc=0.90965167
[epoch 035] backbone=thp seed=52 train=1.54572276 nll=1.82187532 qty_mae=68.99835516 mark_acc=0.91122400
[epoch 036] backbone=thp seed=52 train=1.55698924 nll=1.87150956 qty_mae=80.64607644 mark_acc=0.91461055
[epoch 037] backbone=thp seed=52 train=1.54681786 nll=1.91684992 qty_mae=79.20215920 mark_acc=0.91291727
[epoch 038] backbone=thp seed=52 train=1.78065833 nll=2.05206083 qty_mae=37.15855204 mark_acc=0.91219158
[epoch 039] backbone=thp seed=52 train=1.76891402 nll=1.98489191 qty_mae=47.15496341 mark_acc=0.91340106
[epoch 040] backbone=thp seed=52 train=1.57561870 nll=2.20187122 qty_mae=74.64050344 mark_acc=0.91485244
[epoch 041] backbone=thp seed=52 train=1.67213325 nll=1.94681695 qty_mae=70.55062295 mark_acc=0.91400581
[epoch 042] backbone=thp seed=52 train=1.54000617 nll=1.97936594 qty_mae=73.54290381 mark_acc=0.91086115
[epoch 043] backbone=thp seed=52 train=1.52289652 nll=2.34555578 qty_mae=56.74640049 mark_acc=0.91763425
[epoch 044] backbone=thp seed=52 train=1.53975808 nll=2.79911128 qty_mae=64.36147922 mark_acc=0.91376391
[epoch 045] backbone=thp seed=52 train=1.51379725 nll=2.91567406 qty_mae=62.97977825 mark_acc=0.91061925
[epoch 046] backbone=thp seed=52 train=1.51749769 nll=3.39106358 qty_mae=79.69733063 mark_acc=0.91594098
[epoch 047] backbone=thp seed=52 train=1.52534545 nll=3.31712423 qty_mae=87.49444626 mark_acc=0.91582003
[epoch 048] backbone=thp seed=52 train=1.52744563 nll=3.02753112 qty_mae=95.94825234 mark_acc=0.91388486
[epoch 049] backbone=thp seed=52 train=1.95435853 nll=6.15855126 qty_mae=96.57039328 mark_acc=0.91521529
[epoch 050] backbone=thp seed=52 train=1.50587170 nll=5.92588080 qty_mae=108.38202544 mark_acc=0.91158684
[epoch 051] backbone=thp seed=52 train=1.50902654 nll=6.40338096 qty_mae=78.91109333 mark_acc=0.91194969
[epoch 052] backbone=thp seed=52 train=1.50300451 nll=6.04499040 qty_mae=68.94778122 mark_acc=0.91207063
[epoch 053] backbone=thp seed=52 train=1.51383511 nll=7.20321754 qty_mae=67.99144509 mark_acc=0.91291727
[epoch 054] backbone=thp seed=52 train=1.50676120 nll=6.42952321 qty_mae=74.82012487 mark_acc=0.90711176
[epoch 055] backbone=thp seed=52 train=1.59711700 nll=6.25371184 qty_mae=64.77690357 mark_acc=0.90771650
[epoch 056] backbone=thp seed=52 train=1.52636246 nll=9.89445038 qty_mae=67.71783511 mark_acc=0.90940977
[epoch 057] backbone=thp seed=52 train=1.52239510 nll=10.50847771 qty_mae=66.20127962 mark_acc=0.91388486
[epoch 058] backbone=thp seed=52 train=1.49600154 nll=7.57930924 qty_mae=98.54226138 mark_acc=0.91146589
[epoch 059] backbone=thp seed=52 train=1.48452743 nll=7.61613151 qty_mae=79.53782260 mark_acc=0.91642477
[epoch 060] backbone=thp seed=52 train=1.73569235 nll=7.26211862 qty_mae=63.33466334 mark_acc=0.90965167
[epoch 061] backbone=thp seed=52 train=1.54060555 nll=6.70661491 qty_mae=83.55417313 mark_acc=0.91364296
[early-stop] backbone=thp seed=52 current_epoch=61 best_epoch=1
[epoch 001] backbone=thp seed=62 train=2.12414528 nll=1.64224414 qty_mae=63.88444990 mark_acc=0.90505564
[epoch 002] backbone=thp seed=62 train=1.73490547 nll=1.63747735 qty_mae=68.42177645 mark_acc=0.90989357
[epoch 003] backbone=thp seed=62 train=1.69423431 nll=1.62290209 qty_mae=40.07284689 mark_acc=0.91461055
[epoch 004] backbone=thp seed=62 train=1.67950317 nll=1.65959568 qty_mae=74.29805800 mark_acc=0.90227383
[epoch 005] backbone=thp seed=62 train=1.66817851 nll=1.63154276 qty_mae=39.57512278 mark_acc=0.91158684
[epoch 006] backbone=thp seed=62 train=1.65733099 nll=1.64193715 qty_mae=41.07347562 mark_acc=0.91255443
[epoch 007] backbone=thp seed=62 train=1.65217256 nll=1.67701843 qty_mae=46.42929044 mark_acc=0.90662796
[epoch 008] backbone=thp seed=62 train=1.64615766 nll=1.64497005 qty_mae=112.94093686 mark_acc=0.91037736
[epoch 009] backbone=thp seed=62 train=1.63740657 nll=1.71945085 qty_mae=59.75251933 mark_acc=0.90541848
[epoch 010] backbone=thp seed=62 train=1.63434727 nll=1.66368722 qty_mae=67.71157549 mark_acc=0.91001451
[epoch 011] backbone=thp seed=62 train=1.62430807 nll=1.64065341 qty_mae=61.31477401 mark_acc=0.91424770
[epoch 012] backbone=thp seed=62 train=1.62385873 nll=1.66051541 qty_mae=71.12701790 mark_acc=0.91219158
[epoch 013] backbone=thp seed=62 train=1.61988882 nll=1.68459535 qty_mae=44.33517835 mark_acc=0.91049831
[epoch 014] backbone=thp seed=62 train=1.61768383 nll=1.66433455 qty_mae=53.38952862 mark_acc=0.91037736
[epoch 015] backbone=thp seed=62 train=1.61823198 nll=1.65458985 qty_mae=42.54988180 mark_acc=0.90856313
[epoch 016] backbone=thp seed=62 train=1.60861595 nll=1.67639658 qty_mae=56.62230911 mark_acc=0.90977262
[epoch 017] backbone=thp seed=62 train=1.60610556 nll=1.69040140 qty_mae=41.30408763 mark_acc=0.90892598
[epoch 018] backbone=thp seed=62 train=1.60313480 nll=1.66193037 qty_mae=91.70322078 mark_acc=0.91340106
[epoch 019] backbone=thp seed=62 train=1.59922615 nll=1.69049087 qty_mae=59.17444761 mark_acc=0.91049831
[epoch 020] backbone=thp seed=62 train=1.59799951 nll=1.68193768 qty_mae=71.77633665 mark_acc=0.90880503
[epoch 021] backbone=thp seed=62 train=1.59626348 nll=1.68515844 qty_mae=36.14219437 mark_acc=0.91461055
[epoch 022] backbone=thp seed=62 train=1.59584605 nll=1.65555258 qty_mae=48.21835457 mark_acc=0.91243348
[epoch 023] backbone=thp seed=62 train=1.58828959 nll=1.65428416 qty_mae=48.25096778 mark_acc=0.91473149
[epoch 024] backbone=thp seed=62 train=1.58578732 nll=1.69934161 qty_mae=40.40797055 mark_acc=0.91497339
[epoch 025] backbone=thp seed=62 train=1.58084234 nll=1.64945123 qty_mae=75.86800078 mark_acc=0.91134494
[epoch 026] backbone=thp seed=62 train=1.57609816 nll=1.66254503 qty_mae=48.01020017 mark_acc=0.91473149
[epoch 027] backbone=thp seed=62 train=1.57935116 nll=1.63257285 qty_mae=70.50734239 mark_acc=0.91702951
[epoch 028] backbone=thp seed=62 train=1.57233844 nll=1.68117991 qty_mae=79.71207796 mark_acc=0.91545718
[epoch 029] backbone=thp seed=62 train=1.57276975 nll=1.70377045 qty_mae=64.57045614 mark_acc=0.90892598
[epoch 030] backbone=thp seed=62 train=1.57066138 nll=1.71586847 qty_mae=64.05164120 mark_acc=0.91255443
[epoch 031] backbone=thp seed=62 train=1.56508804 nll=1.73953582 qty_mae=67.83959948 mark_acc=0.90892598
[epoch 032] backbone=thp seed=62 train=1.58176907 nll=1.70283829 qty_mae=46.02664561 mark_acc=0.91352201
[epoch 033] backbone=thp seed=62 train=1.56120600 nll=1.74496776 qty_mae=85.80423314 mark_acc=0.90880503
[epoch 034] backbone=thp seed=62 train=1.56262892 nll=1.73997899 qty_mae=49.23146010 mark_acc=0.91376391
[epoch 035] backbone=thp seed=62 train=1.55214839 nll=1.72539083 qty_mae=101.12768245 mark_acc=0.91303822
[epoch 036] backbone=thp seed=62 train=1.54930795 nll=1.73877326 qty_mae=70.31884771 mark_acc=0.91739236
[epoch 037] backbone=thp seed=62 train=1.60737112 nll=1.76867678 qty_mae=80.57366639 mark_acc=0.91400581
[epoch 038] backbone=thp seed=62 train=1.55233744 nll=1.76805798 qty_mae=51.93274304 mark_acc=0.91545718
[epoch 039] backbone=thp seed=62 train=1.55106281 nll=1.77728811 qty_mae=72.32480004 mark_acc=0.91279632
[epoch 040] backbone=thp seed=62 train=1.54914172 nll=1.76860305 qty_mae=109.23391038 mark_acc=0.91376391
[epoch 041] backbone=thp seed=62 train=1.54584326 nll=1.84865597 qty_mae=60.13918901 mark_acc=0.91606193
[epoch 042] backbone=thp seed=62 train=1.54060078 nll=1.81473247 qty_mae=45.17549468 mark_acc=0.91352201
[epoch 043] backbone=thp seed=62 train=1.53330324 nll=1.88478945 qty_mae=91.69346895 mark_acc=0.91255443
[epoch 044] backbone=thp seed=62 train=1.52547665 nll=1.96938725 qty_mae=71.43929094 mark_acc=0.91243348
[epoch 045] backbone=thp seed=62 train=1.73054086 nll=1.98828535 qty_mae=54.71437592 mark_acc=0.91279632
[epoch 046] backbone=thp seed=62 train=1.52609673 nll=2.00081667 qty_mae=44.45931085 mark_acc=0.91557813
[epoch 047] backbone=thp seed=62 train=1.52265063 nll=2.17272760 qty_mae=64.34316417 mark_acc=0.90916788
[epoch 048] backbone=thp seed=62 train=1.54085761 nll=2.21347038 qty_mae=46.39233945 mark_acc=0.91061925
[epoch 049] backbone=thp seed=62 train=1.51378597 nll=2.44826043 qty_mae=75.86280583 mark_acc=0.90977262
[epoch 050] backbone=thp seed=62 train=1.51134147 nll=2.31333430 qty_mae=62.51659239 mark_acc=0.91279632
[epoch 051] backbone=thp seed=62 train=1.52105429 nll=2.68757575 qty_mae=66.76293469 mark_acc=0.90977262
[epoch 052] backbone=thp seed=62 train=1.50564341 nll=3.12823872 qty_mae=82.31509308 mark_acc=0.90892598
[epoch 053] backbone=thp seed=62 train=1.49964762 nll=2.96377313 qty_mae=77.78463268 mark_acc=0.91376391
[epoch 054] backbone=thp seed=62 train=2.04353954 nll=3.23882196 qty_mae=69.44366883 mark_acc=0.91207063
[epoch 055] backbone=thp seed=62 train=2.32382416 nll=3.36506514 qty_mae=86.56314586 mark_acc=0.91049831
[epoch 056] backbone=thp seed=62 train=1.50207865 nll=3.41309914 qty_mae=71.73378232 mark_acc=0.91231253
[epoch 057] backbone=thp seed=62 train=1.61829408 nll=3.35297079 qty_mae=81.69331272 mark_acc=0.91279632
[epoch 058] backbone=thp seed=62 train=1.56581811 nll=4.58858649 qty_mae=89.83233214 mark_acc=0.91400581
[epoch 059] backbone=thp seed=62 train=1.59976098 nll=6.45352724 qty_mae=70.82101989 mark_acc=0.91279632
[epoch 060] backbone=thp seed=62 train=1.48892045 nll=4.61454241 qty_mae=51.69083368 mark_acc=0.91182874
[epoch 061] backbone=thp seed=62 train=1.51653740 nll=6.37416589 qty_mae=100.01737719 mark_acc=0.91049831
[epoch 062] backbone=thp seed=62 train=2.28075339 nll=7.96217830 qty_mae=69.14022645 mark_acc=0.91025641
[epoch 063] backbone=thp seed=62 train=1.50631617 nll=6.63750465 qty_mae=71.77629461 mark_acc=0.91461055
[early-stop] backbone=thp seed=62 current_epoch=63 best_epoch=3
[epoch 001] backbone=titantpp seed=42 train=2.03750004 nll=1.65229176 qty_mae=184.52901182 mark_acc=0.90541848
[epoch 002] backbone=titantpp seed=42 train=1.75755071 nll=1.62938812 qty_mae=47.47400939 mark_acc=0.91848089
[epoch 003] backbone=titantpp seed=42 train=1.72142076 nll=1.58386970 qty_mae=41.99519106 mark_acc=0.91944848
[epoch 004] backbone=titantpp seed=42 train=1.71127375 nll=1.58122891 qty_mae=36.19900749 mark_acc=0.91400581
[epoch 005] backbone=titantpp seed=42 train=1.69684043 nll=1.64037481 qty_mae=75.54630826 mark_acc=0.91122400
[epoch 006] backbone=titantpp seed=42 train=1.69835415 nll=1.59198437 qty_mae=40.78213908 mark_acc=0.91727141
[epoch 007] backbone=titantpp seed=42 train=1.69149725 nll=1.61991669 qty_mae=46.96319620 mark_acc=0.91146589
[epoch 008] backbone=titantpp seed=42 train=1.68434395 nll=1.61043733 qty_mae=34.37052961 mark_acc=0.91618287
[epoch 009] backbone=titantpp seed=42 train=1.68641890 nll=1.56926878 qty_mae=43.56596413 mark_acc=0.92150460
[epoch 010] backbone=titantpp seed=42 train=1.67548452 nll=1.57342296 qty_mae=41.84899668 mark_acc=0.91969037
[epoch 011] backbone=titantpp seed=42 train=1.66799051 nll=1.56252385 qty_mae=37.12429450 mark_acc=0.92573778
[epoch 012] backbone=titantpp seed=42 train=1.67476935 nll=1.59475444 qty_mae=34.99861747 mark_acc=0.91569908
[epoch 013] backbone=titantpp seed=42 train=1.67392603 nll=1.58742137 qty_mae=36.40858273 mark_acc=0.91582003
[epoch 014] backbone=titantpp seed=42 train=1.67707631 nll=1.57734667 qty_mae=37.06857319 mark_acc=0.92174649
[epoch 015] backbone=titantpp seed=42 train=1.66034688 nll=1.58287566 qty_mae=30.90301736 mark_acc=0.91896468
[epoch 016] backbone=titantpp seed=42 train=1.65388230 nll=1.63926307 qty_mae=41.02889513 mark_acc=0.90880503
[epoch 017] backbone=titantpp seed=42 train=1.66454082 nll=1.63529783 qty_mae=33.55907266 mark_acc=0.90904693
[epoch 018] backbone=titantpp seed=42 train=1.64886185 nll=1.58136896 qty_mae=32.49679871 mark_acc=0.92041606
[epoch 019] backbone=titantpp seed=42 train=1.64661949 nll=1.60137730 qty_mae=47.13046330 mark_acc=0.91521529
[epoch 020] backbone=titantpp seed=42 train=1.64478856 nll=1.58963196 qty_mae=33.69332962 mark_acc=0.91763425
[epoch 021] backbone=titantpp seed=42 train=1.65320537 nll=1.61208222 qty_mae=45.19192924 mark_acc=0.90711176
[epoch 022] backbone=titantpp seed=42 train=1.64477347 nll=1.59150895 qty_mae=32.04700695 mark_acc=0.91835994
[epoch 023] backbone=titantpp seed=42 train=1.65073403 nll=1.59071138 qty_mae=30.27313961 mark_acc=0.91848089
[epoch 024] backbone=titantpp seed=42 train=1.63491532 nll=1.60260359 qty_mae=30.12973026 mark_acc=0.91775520
[epoch 025] backbone=titantpp seed=42 train=1.64092960 nll=1.59848719 qty_mae=30.49192343 mark_acc=0.91473149
[epoch 026] backbone=titantpp seed=42 train=1.63634881 nll=1.60715640 qty_mae=36.18701045 mark_acc=0.91630382
[epoch 027] backbone=titantpp seed=42 train=1.63287750 nll=1.61085701 qty_mae=29.77626947 mark_acc=0.91424770
[epoch 028] backbone=titantpp seed=42 train=1.63684674 nll=1.60696022 qty_mae=69.20749910 mark_acc=0.91448960
[epoch 029] backbone=titantpp seed=42 train=1.63077973 nll=1.61572898 qty_mae=29.82463507 mark_acc=0.91557813
[epoch 030] backbone=titantpp seed=42 train=1.63995546 nll=1.61732810 qty_mae=42.54865980 mark_acc=0.91412675
[epoch 031] backbone=titantpp seed=42 train=1.63679378 nll=1.65223624 qty_mae=33.87430878 mark_acc=0.91328012
[epoch 032] backbone=titantpp seed=42 train=1.63110954 nll=1.62280643 qty_mae=37.90252977 mark_acc=0.91388486
[epoch 033] backbone=titantpp seed=42 train=1.62306921 nll=1.60360779 qty_mae=29.30384406 mark_acc=0.91702951
[epoch 034] backbone=titantpp seed=42 train=1.61677425 nll=1.63004483 qty_mae=36.51807754 mark_acc=0.91412675
[epoch 035] backbone=titantpp seed=42 train=1.63443278 nll=1.63264582 qty_mae=29.90088963 mark_acc=0.90953072
[epoch 036] backbone=titantpp seed=42 train=1.62167579 nll=1.65212379 qty_mae=29.55269783 mark_acc=0.91110305
[epoch 037] backbone=titantpp seed=42 train=1.62490389 nll=1.60947828 qty_mae=29.75451886 mark_acc=0.91606193
[epoch 038] backbone=titantpp seed=42 train=1.61684196 nll=1.62198677 qty_mae=29.44016774 mark_acc=0.91340106
[epoch 039] backbone=titantpp seed=42 train=1.61958751 nll=1.63191567 qty_mae=35.55436941 mark_acc=0.91424770
[epoch 040] backbone=titantpp seed=42 train=1.61830513 nll=1.62517816 qty_mae=37.63481289 mark_acc=0.91376391
[epoch 041] backbone=titantpp seed=42 train=1.61022232 nll=1.61335625 qty_mae=30.09909298 mark_acc=0.91569908
[epoch 042] backbone=titantpp seed=42 train=1.60567825 nll=1.65498384 qty_mae=35.00633097 mark_acc=0.91533624
[epoch 043] backbone=titantpp seed=42 train=1.60894851 nll=1.67634053 qty_mae=35.13332818 mark_acc=0.90263667
[epoch 044] backbone=titantpp seed=42 train=1.59643326 nll=1.66528901 qty_mae=30.92494636 mark_acc=0.90602322
[epoch 045] backbone=titantpp seed=42 train=1.60634121 nll=1.62079198 qty_mae=34.92297886 mark_acc=0.91315917
[epoch 046] backbone=titantpp seed=42 train=1.62320642 nll=1.62950311 qty_mae=30.84083664 mark_acc=0.91267537
[epoch 047] backbone=titantpp seed=42 train=1.60158168 nll=1.64214401 qty_mae=32.73357310 mark_acc=0.91098210
[epoch 048] backbone=titantpp seed=42 train=1.60051930 nll=1.63582219 qty_mae=34.75915663 mark_acc=0.91231253
[epoch 049] backbone=titantpp seed=42 train=1.59632122 nll=1.62507511 qty_mae=29.97901751 mark_acc=0.91461055
[epoch 050] backbone=titantpp seed=42 train=1.60903634 nll=1.64583737 qty_mae=28.62624746 mark_acc=0.90723270
[epoch 051] backbone=titantpp seed=42 train=1.59620808 nll=1.65466912 qty_mae=37.05113752 mark_acc=0.91170779
[epoch 052] backbone=titantpp seed=42 train=1.59198742 nll=1.61564068 qty_mae=37.60692974 mark_acc=0.91207063
[epoch 053] backbone=titantpp seed=42 train=1.59075405 nll=1.62500485 qty_mae=31.27945291 mark_acc=0.91267537
[epoch 054] backbone=titantpp seed=42 train=1.58469899 nll=1.66939906 qty_mae=31.47871839 mark_acc=0.90928882
[epoch 055] backbone=titantpp seed=42 train=1.60235869 nll=1.66956582 qty_mae=32.32796529 mark_acc=0.91049831
[epoch 056] backbone=titantpp seed=42 train=1.59838117 nll=1.66952048 qty_mae=30.83864575 mark_acc=0.90820029
[epoch 057] backbone=titantpp seed=42 train=1.58338317 nll=1.62973590 qty_mae=32.73162271 mark_acc=0.91255443
[epoch 058] backbone=titantpp seed=42 train=1.57997520 nll=1.66505320 qty_mae=30.32560767 mark_acc=0.90602322
[epoch 059] backbone=titantpp seed=42 train=1.58666797 nll=1.65765053 qty_mae=30.20234808 mark_acc=0.90541848
[epoch 060] backbone=titantpp seed=42 train=1.58843131 nll=1.65809474 qty_mae=28.72489159 mark_acc=0.91013546
[epoch 061] backbone=titantpp seed=42 train=1.57627586 nll=1.66983605 qty_mae=30.75841828 mark_acc=0.91364296
[epoch 062] backbone=titantpp seed=42 train=1.57150774 nll=1.69385381 qty_mae=36.26047327 mark_acc=0.90723270
[epoch 063] backbone=titantpp seed=42 train=1.57303658 nll=1.62306449 qty_mae=33.46159211 mark_acc=0.91775520
[epoch 064] backbone=titantpp seed=42 train=1.56768926 nll=1.68034464 qty_mae=30.46718175 mark_acc=0.90578133
[epoch 065] backbone=titantpp seed=42 train=1.58794288 nll=1.65355023 qty_mae=41.98720234 mark_acc=0.91267537
[epoch 066] backbone=titantpp seed=42 train=1.59551518 nll=1.70115328 qty_mae=36.19219034 mark_acc=0.90735365
[epoch 067] backbone=titantpp seed=42 train=1.56654280 nll=1.66791291 qty_mae=39.29578406 mark_acc=0.91255443
[epoch 068] backbone=titantpp seed=42 train=1.56174682 nll=1.67067927 qty_mae=27.82491415 mark_acc=0.91122400
[epoch 069] backbone=titantpp seed=42 train=1.60738508 nll=1.68710273 qty_mae=30.76073527 mark_acc=0.90844219
[epoch 070] backbone=titantpp seed=42 train=1.56242091 nll=1.67235030 qty_mae=37.26796693 mark_acc=0.91340106
[epoch 071] backbone=titantpp seed=42 train=1.59475736 nll=1.70335924 qty_mae=35.17508276 mark_acc=0.91122400
[early-stop] backbone=titantpp seed=42 current_epoch=71 best_epoch=11
[epoch 001] backbone=titantpp seed=52 train=2.01108212 nll=1.59571028 qty_mae=74.78344621 mark_acc=0.90989357
[epoch 002] backbone=titantpp seed=52 train=1.73685795 nll=1.63598328 qty_mae=56.98845079 mark_acc=0.90699081
[epoch 003] backbone=titantpp seed=52 train=1.72075083 nll=1.57961378 qty_mae=56.91257918 mark_acc=0.91509434
[epoch 004] backbone=titantpp seed=52 train=1.71061383 nll=1.59527515 qty_mae=56.29331198 mark_acc=0.90953072
[epoch 005] backbone=titantpp seed=52 train=1.70401194 nll=1.58145130 qty_mae=35.87993644 mark_acc=0.91594098
[epoch 006] backbone=titantpp seed=52 train=1.68878642 nll=1.57994175 qty_mae=43.71927275 mark_acc=0.91981132
[epoch 007] backbone=titantpp seed=52 train=1.68982189 nll=1.59255120 qty_mae=34.42469758 mark_acc=0.91618287
[epoch 008] backbone=titantpp seed=52 train=1.68258875 nll=1.63194180 qty_mae=52.84020061 mark_acc=0.91074020
[epoch 009] backbone=titantpp seed=52 train=1.67332938 nll=1.60452194 qty_mae=38.36758159 mark_acc=0.91485244
[epoch 010] backbone=titantpp seed=52 train=1.66928471 nll=1.59369989 qty_mae=33.84038093 mark_acc=0.91315917
[epoch 011] backbone=titantpp seed=52 train=1.66446176 nll=1.64307885 qty_mae=41.99443341 mark_acc=0.89368650
[epoch 012] backbone=titantpp seed=52 train=1.66220139 nll=1.62747258 qty_mae=41.92868944 mark_acc=0.90481374
[epoch 013] backbone=titantpp seed=52 train=1.68599294 nll=1.60873336 qty_mae=31.05293415 mark_acc=0.91594098
[epoch 014] backbone=titantpp seed=52 train=1.66902105 nll=1.57734941 qty_mae=53.39552110 mark_acc=0.91920658
[epoch 015] backbone=titantpp seed=52 train=1.65657810 nll=1.59062900 qty_mae=32.21932656 mark_acc=0.92017417
[epoch 016] backbone=titantpp seed=52 train=1.64887194 nll=1.63018509 qty_mae=36.54478006 mark_acc=0.91170779
[epoch 017] backbone=titantpp seed=52 train=1.65388185 nll=1.61325704 qty_mae=52.95951927 mark_acc=0.91835994
[epoch 018] backbone=titantpp seed=52 train=1.65144294 nll=1.59240578 qty_mae=49.82471801 mark_acc=0.91666667
[epoch 019] backbone=titantpp seed=52 train=1.64551609 nll=1.62668993 qty_mae=34.04802429 mark_acc=0.91013546
[epoch 020] backbone=titantpp seed=52 train=1.64277135 nll=1.61665168 qty_mae=38.74263325 mark_acc=0.91182874
[epoch 021] backbone=titantpp seed=52 train=1.64027805 nll=1.58696568 qty_mae=34.36071567 mark_acc=0.91715046
[epoch 022] backbone=titantpp seed=52 train=1.64594075 nll=1.58991057 qty_mae=44.83033031 mark_acc=0.91860184
[epoch 023] backbone=titantpp seed=52 train=1.64412666 nll=1.57681637 qty_mae=43.67836818 mark_acc=0.92174649
[epoch 024] backbone=titantpp seed=52 train=1.65757532 nll=1.64099914 qty_mae=30.93446309 mark_acc=0.90880503
[epoch 025] backbone=titantpp seed=52 train=1.63316232 nll=1.60144658 qty_mae=35.19275667 mark_acc=0.91702951
[epoch 026] backbone=titantpp seed=52 train=1.63937454 nll=1.57889762 qty_mae=62.65840161 mark_acc=0.92343977
[epoch 027] backbone=titantpp seed=52 train=1.62838428 nll=1.59214956 qty_mae=35.91138596 mark_acc=0.91533624
[epoch 028] backbone=titantpp seed=52 train=1.63761211 nll=1.58215904 qty_mae=31.72348113 mark_acc=0.91666667
[epoch 029] backbone=titantpp seed=52 train=1.62226829 nll=1.59219424 qty_mae=48.59161074 mark_acc=0.91521529
[epoch 030] backbone=titantpp seed=52 train=1.61997638 nll=1.61911679 qty_mae=31.02750147 mark_acc=0.91485244
[epoch 031] backbone=titantpp seed=52 train=1.62844868 nll=1.62464587 qty_mae=32.82022756 mark_acc=0.91061925
[epoch 032] backbone=titantpp seed=52 train=1.61756107 nll=1.59270605 qty_mae=35.70935667 mark_acc=0.91799710
[epoch 033] backbone=titantpp seed=52 train=1.61868373 nll=1.60288169 qty_mae=29.36514161 mark_acc=0.91896468
[epoch 034] backbone=titantpp seed=52 train=1.61608136 nll=1.61662524 qty_mae=53.74990968 mark_acc=0.90965167
[epoch 035] backbone=titantpp seed=52 train=1.61591238 nll=1.60883931 qty_mae=30.49886908 mark_acc=0.91448960
[epoch 036] backbone=titantpp seed=52 train=1.61330345 nll=1.59081846 qty_mae=35.18589832 mark_acc=0.91944848
[epoch 037] backbone=titantpp seed=52 train=1.61247366 nll=1.61354283 qty_mae=31.08847692 mark_acc=0.91461055
[epoch 038] backbone=titantpp seed=52 train=1.61690887 nll=1.61692641 qty_mae=39.67234989 mark_acc=0.91630382
[epoch 039] backbone=titantpp seed=52 train=1.61262632 nll=1.60792624 qty_mae=27.33845174 mark_acc=0.91557813
[epoch 040] backbone=titantpp seed=52 train=1.61230954 nll=1.59927879 qty_mae=29.82652864 mark_acc=0.91739236
[epoch 041] backbone=titantpp seed=52 train=1.60932488 nll=1.60544950 qty_mae=29.38653350 mark_acc=0.91557813
[epoch 042] backbone=titantpp seed=52 train=1.60072084 nll=1.61534004 qty_mae=33.68995247 mark_acc=0.91763425
[epoch 043] backbone=titantpp seed=52 train=1.59629253 nll=1.60359904 qty_mae=30.53979994 mark_acc=0.91835994
[epoch 044] backbone=titantpp seed=52 train=1.59429943 nll=1.61328521 qty_mae=29.11626359 mark_acc=0.91702951
[epoch 045] backbone=titantpp seed=52 train=1.60043722 nll=1.60351398 qty_mae=32.83762958 mark_acc=0.91739236
[epoch 046] backbone=titantpp seed=52 train=1.59993400 nll=1.62316578 qty_mae=31.65333534 mark_acc=0.91775520
[epoch 047] backbone=titantpp seed=52 train=1.59484119 nll=1.60530023 qty_mae=34.43646190 mark_acc=0.91497339
[epoch 048] backbone=titantpp seed=52 train=1.59746135 nll=1.61598296 qty_mae=33.45493877 mark_acc=0.91497339
[epoch 049] backbone=titantpp seed=52 train=1.59634296 nll=1.59859759 qty_mae=50.90497433 mark_acc=0.91872279
[epoch 050] backbone=titantpp seed=52 train=1.58832691 nll=1.61530701 qty_mae=32.75514407 mark_acc=0.91279632
[epoch 051] backbone=titantpp seed=52 train=1.58498530 nll=1.62775522 qty_mae=31.15882008 mark_acc=0.91352201
[epoch 052] backbone=titantpp seed=52 train=1.58141043 nll=1.62376983 qty_mae=30.84498486 mark_acc=0.91267537
[epoch 053] backbone=titantpp seed=52 train=1.58577249 nll=1.60909634 qty_mae=32.16359976 mark_acc=0.91811805
[epoch 054] backbone=titantpp seed=52 train=1.59880513 nll=1.64037945 qty_mae=33.35705805 mark_acc=0.91545718
[epoch 055] backbone=titantpp seed=52 train=1.58113955 nll=1.60987160 qty_mae=32.40775279 mark_acc=0.91315917
[epoch 056] backbone=titantpp seed=52 train=1.57229396 nll=1.65159557 qty_mae=31.23859723 mark_acc=0.91352201
[epoch 057] backbone=titantpp seed=52 train=1.57736900 nll=1.64264017 qty_mae=33.82334550 mark_acc=0.91328012
[epoch 058] backbone=titantpp seed=52 train=1.57176464 nll=1.65915377 qty_mae=34.60316699 mark_acc=0.91388486
[epoch 059] backbone=titantpp seed=52 train=1.56834518 nll=1.63490687 qty_mae=30.68703554 mark_acc=0.91122400
[epoch 060] backbone=titantpp seed=52 train=1.59109616 nll=1.61229317 qty_mae=29.17479003 mark_acc=0.91678761
[epoch 061] backbone=titantpp seed=52 train=1.56451789 nll=1.61495123 qty_mae=29.23733575 mark_acc=0.92150460
[epoch 062] backbone=titantpp seed=52 train=1.56502821 nll=1.63149141 qty_mae=39.92564587 mark_acc=0.91485244
[epoch 063] backbone=titantpp seed=52 train=1.57940798 nll=1.65654850 qty_mae=39.50533420 mark_acc=0.91485244
[epoch 064] backbone=titantpp seed=52 train=1.56119535 nll=1.61403892 qty_mae=32.65073479 mark_acc=0.91569908
[epoch 065] backbone=titantpp seed=52 train=1.59135565 nll=1.67096872 qty_mae=34.62736313 mark_acc=0.91098210
[epoch 066] backbone=titantpp seed=52 train=1.58241100 nll=1.63282626 qty_mae=33.72501375 mark_acc=0.91424770
[epoch 067] backbone=titantpp seed=52 train=1.56842918 nll=1.63358192 qty_mae=35.16424152 mark_acc=0.91666667
[epoch 068] backbone=titantpp seed=52 train=1.57531975 nll=1.63738058 qty_mae=29.49581074 mark_acc=0.91775520
[epoch 069] backbone=titantpp seed=52 train=1.55629822 nll=1.67926214 qty_mae=32.28576900 mark_acc=0.91110305
[epoch 070] backbone=titantpp seed=52 train=1.54961305 nll=1.66119927 qty_mae=27.67826255 mark_acc=0.91219158
[epoch 071] backbone=titantpp seed=52 train=1.55583199 nll=1.68779456 qty_mae=28.59295021 mark_acc=0.91775520
[epoch 072] backbone=titantpp seed=52 train=1.54866658 nll=1.66692325 qty_mae=29.74345605 mark_acc=0.91098210
[epoch 073] backbone=titantpp seed=52 train=1.56396905 nll=1.65734495 qty_mae=29.18806858 mark_acc=0.91654572
[epoch 074] backbone=titantpp seed=52 train=1.55735908 nll=1.64509969 qty_mae=30.80770661 mark_acc=0.91606193
[epoch 075] backbone=titantpp seed=52 train=1.55708701 nll=1.65869854 qty_mae=28.58156024 mark_acc=0.91545718
[epoch 076] backbone=titantpp seed=52 train=1.55055623 nll=1.64706126 qty_mae=29.65350320 mark_acc=0.92247218
[epoch 077] backbone=titantpp seed=52 train=1.55507895 nll=1.67223352 qty_mae=46.24025195 mark_acc=0.91037736
[epoch 078] backbone=titantpp seed=52 train=1.55645153 nll=1.66982782 qty_mae=33.37946006 mark_acc=0.91436865
[epoch 079] backbone=titantpp seed=52 train=1.53845617 nll=1.70691972 qty_mae=36.89367993 mark_acc=0.91352201
[epoch 080] backbone=titantpp seed=52 train=1.55428656 nll=1.69141614 qty_mae=28.87659050 mark_acc=0.91219158
[epoch 081] backbone=titantpp seed=52 train=1.53564457 nll=1.67550840 qty_mae=37.21578125 mark_acc=0.91666667
[epoch 082] backbone=titantpp seed=52 train=1.54560754 nll=1.70025012 qty_mae=28.54868808 mark_acc=0.90856313
[epoch 083] backbone=titantpp seed=52 train=1.53368584 nll=1.67261447 qty_mae=31.02036697 mark_acc=0.91473149
[early-stop] backbone=titantpp seed=52 current_epoch=83 best_epoch=23
[epoch 001] backbone=titantpp seed=62 train=2.03551921 nll=1.63054046 qty_mae=92.44082136 mark_acc=0.91328012
[epoch 002] backbone=titantpp seed=62 train=1.75839443 nll=1.61270594 qty_mae=64.59576940 mark_acc=0.91243348
[epoch 003] backbone=titantpp seed=62 train=1.72793443 nll=1.60601832 qty_mae=46.44755354 mark_acc=0.91255443
[epoch 004] backbone=titantpp seed=62 train=1.70989329 nll=1.58070960 qty_mae=34.80097705 mark_acc=0.91630382
[epoch 005] backbone=titantpp seed=62 train=1.70090600 nll=1.58338681 qty_mae=41.06765334 mark_acc=0.92198839
[epoch 006] backbone=titantpp seed=62 train=1.69297821 nll=1.58112513 qty_mae=35.63252602 mark_acc=0.91376391
[epoch 007] backbone=titantpp seed=62 train=1.68729832 nll=1.64252396 qty_mae=70.64161195 mark_acc=0.90154814
[epoch 008] backbone=titantpp seed=62 train=1.67198694 nll=1.63157935 qty_mae=47.43385708 mark_acc=0.91509434
[epoch 009] backbone=titantpp seed=62 train=1.68183062 nll=1.64742926 qty_mae=43.95119194 mark_acc=0.89949202
[epoch 010] backbone=titantpp seed=62 train=1.66942276 nll=1.61900811 qty_mae=39.03619704 mark_acc=0.90904693
[epoch 011] backbone=titantpp seed=62 train=1.67304800 nll=1.57979524 qty_mae=36.09815397 mark_acc=0.91436865
[epoch 012] backbone=titantpp seed=62 train=1.66647155 nll=1.60532064 qty_mae=49.24665805 mark_acc=0.91340106
[epoch 013] backbone=titantpp seed=62 train=1.65593222 nll=1.62719632 qty_mae=38.38072682 mark_acc=0.90686986
[epoch 014] backbone=titantpp seed=62 train=1.66396449 nll=1.57957345 qty_mae=35.86214060 mark_acc=0.91860184
[epoch 015] backbone=titantpp seed=62 train=1.66056317 nll=1.60956448 qty_mae=32.33002900 mark_acc=0.91182874
[epoch 016] backbone=titantpp seed=62 train=1.66097608 nll=1.62530408 qty_mae=34.40898883 mark_acc=0.90953072
[epoch 017] backbone=titantpp seed=62 train=1.64919873 nll=1.63450051 qty_mae=44.28837127 mark_acc=0.90723270
[epoch 018] backbone=titantpp seed=62 train=1.65356644 nll=1.58592624 qty_mae=39.75947224 mark_acc=0.91775520
[epoch 019] backbone=titantpp seed=62 train=1.64465477 nll=1.61262662 qty_mae=33.13892487 mark_acc=0.91037736
[epoch 020] backbone=titantpp seed=62 train=1.64295247 nll=1.62640506 qty_mae=33.79560050 mark_acc=0.90578133
[epoch 021] backbone=titantpp seed=62 train=1.65318363 nll=1.57438781 qty_mae=39.79789731 mark_acc=0.91739236
[epoch 022] backbone=titantpp seed=62 train=1.63589812 nll=1.60396797 qty_mae=32.90815760 mark_acc=0.91473149
[epoch 023] backbone=titantpp seed=62 train=1.63655704 nll=1.59707098 qty_mae=37.67800652 mark_acc=0.91594098
[epoch 024] backbone=titantpp seed=62 train=1.64869310 nll=1.63659940 qty_mae=38.45011233 mark_acc=0.91303822
[epoch 025] backbone=titantpp seed=62 train=1.62994498 nll=1.59139260 qty_mae=40.05707444 mark_acc=0.91920658
[epoch 026] backbone=titantpp seed=62 train=1.62913722 nll=1.60276005 qty_mae=30.69057298 mark_acc=0.91533624
[epoch 027] backbone=titantpp seed=62 train=1.62418766 nll=1.61108219 qty_mae=43.83418311 mark_acc=0.91727141
[epoch 028] backbone=titantpp seed=62 train=1.62698920 nll=1.60297123 qty_mae=34.23521363 mark_acc=0.91763425
[epoch 029] backbone=titantpp seed=62 train=1.62282854 nll=1.61566502 qty_mae=30.35536709 mark_acc=0.91388486
[epoch 030] backbone=titantpp seed=62 train=1.62178459 nll=1.62486050 qty_mae=35.25796052 mark_acc=0.91074020
[epoch 031] backbone=titantpp seed=62 train=1.61784581 nll=1.63846825 qty_mae=46.18404131 mark_acc=0.91231253
[epoch 032] backbone=titantpp seed=62 train=1.61577101 nll=1.58774487 qty_mae=34.07267859 mark_acc=0.92174649
[epoch 033] backbone=titantpp seed=62 train=1.62585725 nll=1.62724474 qty_mae=53.07910041 mark_acc=0.90711176
[epoch 034] backbone=titantpp seed=62 train=1.60987465 nll=1.61474083 qty_mae=32.15508376 mark_acc=0.91352201
[epoch 035] backbone=titantpp seed=62 train=1.60284087 nll=1.61345616 qty_mae=37.94949219 mark_acc=0.91835994
[epoch 036] backbone=titantpp seed=62 train=1.61360340 nll=1.62065200 qty_mae=30.61691728 mark_acc=0.91618287
[epoch 037] backbone=titantpp seed=62 train=1.60945019 nll=1.61626676 qty_mae=31.63416338 mark_acc=0.91715046
[epoch 038] backbone=titantpp seed=62 train=1.60238480 nll=1.62279008 qty_mae=46.80990722 mark_acc=0.91654572
[epoch 039] backbone=titantpp seed=62 train=1.60710084 nll=1.62676016 qty_mae=30.83042671 mark_acc=0.91533624
[epoch 040] backbone=titantpp seed=62 train=1.60283091 nll=1.62657831 qty_mae=39.46628126 mark_acc=0.91243348
[epoch 041] backbone=titantpp seed=62 train=1.62456913 nll=1.62927216 qty_mae=32.66119450 mark_acc=0.91763425
[epoch 042] backbone=titantpp seed=62 train=1.59942917 nll=1.59807899 qty_mae=32.44157698 mark_acc=0.91823899
[epoch 043] backbone=titantpp seed=62 train=1.61494563 nll=1.61597990 qty_mae=53.70572458 mark_acc=0.91642477
[epoch 044] backbone=titantpp seed=62 train=1.59359282 nll=1.68110765 qty_mae=29.63541436 mark_acc=0.90735365
[epoch 045] backbone=titantpp seed=62 train=1.59703831 nll=1.61276231 qty_mae=38.08264294 mark_acc=0.91763425
[epoch 046] backbone=titantpp seed=62 train=1.59412413 nll=1.63058916 qty_mae=36.21477294 mark_acc=0.91666667
[epoch 047] backbone=titantpp seed=62 train=1.59371540 nll=1.63564449 qty_mae=29.97897576 mark_acc=0.91485244
[epoch 048] backbone=titantpp seed=62 train=1.59750345 nll=1.65064356 qty_mae=32.87407232 mark_acc=0.91400581
[epoch 049] backbone=titantpp seed=62 train=1.58695022 nll=1.63964382 qty_mae=32.65483072 mark_acc=0.91860184
[epoch 050] backbone=titantpp seed=62 train=1.58120849 nll=1.63194527 qty_mae=28.70627917 mark_acc=0.91654572
[epoch 051] backbone=titantpp seed=62 train=1.58675790 nll=1.65834228 qty_mae=33.45330046 mark_acc=0.91436865
[epoch 052] backbone=titantpp seed=62 train=1.58405426 nll=1.68078957 qty_mae=29.46918033 mark_acc=0.91207063
[epoch 053] backbone=titantpp seed=62 train=1.58345182 nll=1.65530603 qty_mae=33.39594746 mark_acc=0.90844219
[epoch 054] backbone=titantpp seed=62 train=1.58602622 nll=1.63732230 qty_mae=50.78619426 mark_acc=0.91932753
[epoch 055] backbone=titantpp seed=62 train=1.57846737 nll=1.65799172 qty_mae=58.23720534 mark_acc=0.91025641
[epoch 056] backbone=titantpp seed=62 train=1.59916313 nll=1.62685957 qty_mae=32.14438604 mark_acc=0.91872279
[epoch 057] backbone=titantpp seed=62 train=1.58878118 nll=1.62141456 qty_mae=31.34114032 mark_acc=0.91884373
[epoch 058] backbone=titantpp seed=62 train=1.57568027 nll=1.67474153 qty_mae=42.61245413 mark_acc=0.91775520
[epoch 059] backbone=titantpp seed=62 train=1.57289405 nll=1.64946409 qty_mae=28.30481739 mark_acc=0.91872279
[epoch 060] backbone=titantpp seed=62 train=1.58329172 nll=1.64416833 qty_mae=41.96805305 mark_acc=0.91207063
[epoch 061] backbone=titantpp seed=62 train=1.57775723 nll=1.65361239 qty_mae=27.59962522 mark_acc=0.91582003
[epoch 062] backbone=titantpp seed=62 train=1.56893222 nll=1.66352226 qty_mae=33.23308028 mark_acc=0.91606193
[epoch 063] backbone=titantpp seed=62 train=1.56323994 nll=1.68138135 qty_mae=57.43404257 mark_acc=0.91400581
[epoch 064] backbone=titantpp seed=62 train=1.58354020 nll=1.69504675 qty_mae=29.07325373 mark_acc=0.91328012
[epoch 065] backbone=titantpp seed=62 train=1.56112207 nll=1.66482082 qty_mae=28.18821984 mark_acc=0.91618287
[epoch 066] backbone=titantpp seed=62 train=1.59198125 nll=1.68794285 qty_mae=32.75835081 mark_acc=0.91025641
[epoch 067] backbone=titantpp seed=62 train=1.55974468 nll=1.69020557 qty_mae=34.70985113 mark_acc=0.91424770
[epoch 068] backbone=titantpp seed=62 train=1.58986638 nll=1.69561695 qty_mae=29.86263948 mark_acc=0.91485244
[epoch 069] backbone=titantpp seed=62 train=1.56155632 nll=1.69805708 qty_mae=26.46477366 mark_acc=0.91255443
[epoch 070] backbone=titantpp seed=62 train=1.57369095 nll=1.67078031 qty_mae=27.73116603 mark_acc=0.91182874
[epoch 071] backbone=titantpp seed=62 train=1.59066316 nll=1.69201703 qty_mae=28.12750901 mark_acc=0.91497339
[epoch 072] backbone=titantpp seed=62 train=1.59268449 nll=1.70000839 qty_mae=28.06179574 mark_acc=0.91376391
[epoch 073] backbone=titantpp seed=62 train=1.55125020 nll=1.67862601 qty_mae=26.28511058 mark_acc=0.91194969
[epoch 074] backbone=titantpp seed=62 train=1.56753010 nll=1.69324822 qty_mae=34.35208910 mark_acc=0.91690856
[epoch 075] backbone=titantpp seed=62 train=1.55489295 nll=1.70114933 qty_mae=28.62641421 mark_acc=0.91243348
[epoch 076] backbone=titantpp seed=62 train=1.54738656 nll=1.70943081 qty_mae=27.38998485 mark_acc=0.91424770
[epoch 077] backbone=titantpp seed=62 train=1.58662580 nll=1.69514676 qty_mae=28.24945315 mark_acc=0.91557813
[epoch 078] backbone=titantpp seed=62 train=1.54394588 nll=1.72403324 qty_mae=35.86711433 mark_acc=0.91134494
[epoch 079] backbone=titantpp seed=62 train=1.53102891 nll=1.73924317 qty_mae=43.68892410 mark_acc=0.90904693
[epoch 080] backbone=titantpp seed=62 train=1.60473703 nll=1.70434623 qty_mae=30.28594810 mark_acc=0.91231253
[epoch 081] backbone=titantpp seed=62 train=1.52594763 nll=1.74394644 qty_mae=30.19077754 mark_acc=0.91424770
[early-stop] backbone=titantpp seed=62 current_epoch=81 best_epoch=21
[complete] output_dir=search_artifacts/taxi_log_backbone_control_e300_20260811 new_runs=6
