{"phase": "profile_start", "backbone": "titantpp", "history_length": 16, "sequence_length": 17, "batch_size": 128}
{"phase": "cold_complete", "backbone": "titantpp", "history_length": 16, "seconds": 0.6345744989812374}
{"status": "PASS", "output": "/home/leekwanhyeong/workspace/paper_research_prior_prefix_c21aea5_5090/outputs/cuda/cuda_audit.json.workers/history016_titantpp.result.json", "cost_gate_pass": null, "worker": true}
{"phase": "profile_start", "backbone": "titantpp_titans_mac", "history_length": 16, "sequence_length": 17, "batch_size": 128}
{"phase": "cold_complete", "backbone": "titantpp_titans_mac", "history_length": 16, "seconds": 7.443530682940036}
{"status": "PASS", "output": "/home/leekwanhyeong/workspace/paper_research_prior_prefix_c21aea5_5090/outputs/cuda/cuda_audit.json.workers/history016_titantpp_titans_mac.result.json", "cost_gate_pass": null, "worker": true}
{"phase": "profile_start", "backbone": "titantpp_titans_mac_prior_prefix", "history_length": 16, "sequence_length": 17, "batch_size": 128}
{"phase": "cold_complete", "backbone": "titantpp_titans_mac_prior_prefix", "history_length": 16, "seconds": 3.471741065150127}
{"status": "PASS", "output": "/home/leekwanhyeong/workspace/paper_research_prior_prefix_c21aea5_5090/outputs/cuda/cuda_audit.json.workers/history016_titantpp_titans_mac_prior_prefix.result.json", "cost_gate_pass": null, "worker": true}
{"phase": "profile_start", "backbone": "titantpp", "history_length": 64, "sequence_length": 65, "batch_size": 128}
{"phase": "cold_complete", "backbone": "titantpp", "history_length": 64, "seconds": 0.6378155930433422}
{"status": "PASS", "output": "/home/leekwanhyeong/workspace/paper_research_prior_prefix_c21aea5_5090/outputs/cuda/cuda_audit.json.workers/history064_titantpp.result.json", "cost_gate_pass": null, "worker": true}
{"phase": "profile_start", "backbone": "titantpp_titans_mac", "history_length": 64, "sequence_length": 65, "batch_size": 128}
{"phase": "cold_complete", "backbone": "titantpp_titans_mac", "history_length": 64, "seconds": 8.450049353996292}
{"status": "PASS", "output": "/home/leekwanhyeong/workspace/paper_research_prior_prefix_c21aea5_5090/outputs/cuda/cuda_audit.json.workers/history064_titantpp_titans_mac.result.json", "cost_gate_pass": null, "worker": true}
{"phase": "profile_start", "backbone": "titantpp_titans_mac_prior_prefix", "history_length": 64, "sequence_length": 65, "batch_size": 128}
{"phase": "cold_complete", "backbone": "titantpp_titans_mac_prior_prefix", "history_length": 64, "seconds": 4.5532439718954265}
{"status": "PASS", "output": "/home/leekwanhyeong/workspace/paper_research_prior_prefix_c21aea5_5090/outputs/cuda/cuda_audit.json.workers/history064_titantpp_titans_mac_prior_prefix.result.json", "cost_gate_pass": null, "worker": true}
{"phase": "profile_start", "backbone": "titantpp", "history_length": 255, "sequence_length": 256, "batch_size": 128}
{"phase": "cold_complete", "backbone": "titantpp", "history_length": 255, "seconds": 0.6397595349699259}
{"status": "PASS", "output": "/home/leekwanhyeong/workspace/paper_research_prior_prefix_c21aea5_5090/outputs/cuda/cuda_audit.json.workers/history255_titantpp.result.json", "cost_gate_pass": null, "worker": true}
{"phase": "profile_start", "backbone": "titantpp_titans_mac", "history_length": 255, "sequence_length": 256, "batch_size": 128}
{"phase": "cold_complete", "backbone": "titantpp_titans_mac", "history_length": 255, "seconds": 3.1104925859253854}
{"status": "PASS", "output": "/home/leekwanhyeong/workspace/paper_research_prior_prefix_c21aea5_5090/outputs/cuda/cuda_audit.json.workers/history255_titantpp_titans_mac.result.json", "cost_gate_pass": null, "worker": true}
{"phase": "profile_start", "backbone": "titantpp_titans_mac_prior_prefix", "history_length": 255, "sequence_length": 256, "batch_size": 128}
{"phase": "cold_complete", "backbone": "titantpp_titans_mac_prior_prefix", "history_length": 255, "seconds": 3.5666207901667804}
{"status": "PASS", "output": "/home/leekwanhyeong/workspace/paper_research_prior_prefix_c21aea5_5090/outputs/cuda/cuda_audit.json.workers/history255_titantpp_titans_mac_prior_prefix.result.json", "cost_gate_pass": null, "worker": true}
{"status": "PASS", "output": "/home/leekwanhyeong/workspace/paper_research_prior_prefix_c21aea5_5090/outputs/cuda/cuda_audit.json", "cost_gate_pass": true, "worker": false}
