{
  "groups": [
    {
      "model": "titantpp_history_mlp",
      "endpoint": "selected",
      "n": 3,
      "qty_mae": {
        "mean": 3.991574299178903,
        "sample_sd": 0.002592049028596968
      },
      "qty_rmse": {
        "mean": 5.882742066966134,
        "sample_sd": 0.00477087963425493
      },
      "time_nll": {
        "mean": 2.807087277062449,
        "sample_sd": 0.004149487590785835
      }
    },
    {
      "model": "rmtpp",
      "endpoint": "selected",
      "n": 3,
      "qty_mae": {
        "mean": 3.9851840313115505,
        "sample_sd": 0.0051967143085474565
      },
      "qty_rmse": {
        "mean": 5.8775405927014095,
        "sample_sd": 0.021322223513311905
      },
      "time_nll": {
        "mean": 2.805147676954776,
        "sample_sd": 0.004839822870518819
      }
    },
    {
      "model": "thp",
      "endpoint": "selected",
      "n": 3,
      "qty_mae": {
        "mean": 4.001302713463153,
        "sample_sd": 0.002485497629084104
      },
      "qty_rmse": {
        "mean": 5.8581783561059755,
        "sample_sd": 0.025304102160425904
      },
      "time_nll": {
        "mean": 2.805648611727112,
        "sample_sd": 0.0015533508175068105
      }
    },
    {
      "model": "nhp",
      "endpoint": "selected",
      "n": 3,
      "qty_mae": {
        "mean": 4.492281565521571,
        "sample_sd": 0.030410272976951033
      },
      "qty_rmse": {
        "mean": 6.761279431728098,
        "sample_sd": 0.05381639641760841
      },
      "time_nll": {
        "mean": 2.813233604444489,
        "sample_sd": 0.008019810130985041
      }
    },
    {
      "model": "sahp",
      "endpoint": "selected",
      "n": 3,
      "qty_mae": {
        "mean": 3.9979097355783546,
        "sample_sd": 0.009944955510730435
      },
      "qty_rmse": {
        "mean": 5.877590832923105,
        "sample_sd": 0.0067289946645476256
      },
      "time_nll": {
        "mean": 2.8018487793187825,
        "sample_sd": 0.0012586094545948803
      }
    },
    {
      "model": "s2p2_matched_head",
      "endpoint": "selected",
      "n": 3,
      "qty_mae": {
        "mean": 3.998694583922654,
        "sample_sd": 0.006282428569241575
      },
      "qty_rmse": {
        "mean": 5.852253581764188,
        "sample_sd": 0.015040400010449352
      },
      "time_nll": {
        "mean": 2.7970408959400244,
        "sample_sd": 0.001357566177502243
      }
    },
    {
      "model": "attnhp_matched_head",
      "endpoint": "selected",
      "n": 3,
      "qty_mae": {
        "mean": 3.9957989396940525,
        "sample_sd": 0.0020798458409042537
      },
      "qty_rmse": {
        "mean": 5.864779420397895,
        "sample_sd": 0.019440936299076186
      },
      "time_nll": {
        "mean": 2.8079701698867168,
        "sample_sd": 0.0027791059290862576
      }
    }
  ],
  "paired": [
    {
      "comparator": "rmtpp",
      "seeds": [
        42,
        52,
        62
      ],
      "qty_mae": {
        "plain_wins": 0,
        "ties": 0,
        "comparator_wins": 3,
        "plain_minus_comparator_by_seed": [
          0.01225247460441281,
          0.005283777732277173,
          0.001634551265368156
        ],
        "paired_difference": {
          "mean": 0.006390267867352713,
          "sample_sd": 0.00539474877290147
        },
        "plain_reduction_percent": -0.1603506341775975
      },
      "qty_rmse": {
        "plain_wins": 1,
        "ties": 0,
        "comparator_wins": 2,
        "plain_minus_comparator_by_seed": [
          0.02060400263471962,
          0.007343483671283124,
          -0.012343063511828234
        ],
        "paired_difference": {
          "mean": 0.005201474264724837,
          "sample_sd": 0.016577648962973854
        },
        "plain_reduction_percent": -0.08849746220696296
      },
      "time_nll": {
        "plain_wins": 0,
        "ties": 0,
        "comparator_wins": 3,
        "plain_minus_comparator_by_seed": [
          0.0033417174301217933,
          0.0020788261874509217,
          0.0003982567054463537
        ],
        "paired_difference": {
          "mean": 0.001939600107673023,
          "sample_sd": 0.001476661161334738
        },
        "plain_reduction_percent": -0.06914431363480379
      }
    },
    {
      "comparator": "thp",
      "seeds": [
        42,
        52,
        62
      ],
      "qty_mae": {
        "plain_wins": 3,
        "ties": 0,
        "comparator_wins": 0,
        "plain_minus_comparator_by_seed": [
          -0.007089522914764945,
          -0.009270717450477584,
          -0.012825002487507398
        ],
        "paired_difference": {
          "mean": -0.009728414284249975,
          "sample_sd": 0.0028950036746212327
        },
        "plain_reduction_percent": 0.24313117454266323
      },
      "qty_rmse": {
        "plain_wins": 1,
        "ties": 0,
        "comparator_wins": 2,
        "plain_minus_comparator_by_seed": [
          0.02618142119526201,
          -0.004344274168212259,
          0.051853985553426796
        ],
        "paired_difference": {
          "mean": 0.02456371086015885,
          "sample_sd": 0.028134033464496774
        },
        "plain_reduction_percent": -0.4193062991084269
      },
      "time_nll": {
        "plain_wins": 1,
        "ties": 0,
        "comparator_wins": 2,
        "plain_minus_comparator_by_seed": [
          -0.001137281004799373,
          0.00409773725079754,
          0.0013555397600124586
        ],
        "paired_difference": {
          "mean": 0.001438665335336875,
          "sample_sd": 0.002618498888688517
        },
        "plain_reduction_percent": -0.051277459669165616
      }
    },
    {
      "comparator": "nhp",
      "seeds": [
        42,
        52,
        62
      ],
      "qty_mae": {
        "plain_wins": 3,
        "ties": 0,
        "comparator_wins": 0,
        "plain_minus_comparator_by_seed": [
          -0.5042630275729256,
          -0.4660777935376954,
          -0.5317809779173839
        ],
        "paired_difference": {
          "mean": -0.5007072663426683,
          "sample_sd": 0.03299560103790785
        },
        "plain_reduction_percent": 11.145945752501694
      },
      "qty_rmse": {
        "plain_wins": 3,
        "ties": 0,
        "comparator_wins": 0,
        "plain_minus_comparator_by_seed": [
          -0.8798870846199636,
          -0.8273647318061892,
          -0.9283602778597393
        ],
        "paired_difference": {
          "mean": -0.878537364761964,
          "sample_sd": 0.05051129961142357
        },
        "plain_reduction_percent": 12.993655618481373
      },
      "time_nll": {
        "plain_wins": 3,
        "ties": 0,
        "comparator_wins": 0,
        "plain_minus_comparator_by_seed": [
          -0.003455472514582336,
          -0.010704847041702603,
          -0.004278662589835669
        ],
        "paired_difference": {
          "mean": -0.0061463273820402025,
          "sample_sd": 0.003969192183637037
        },
        "plain_reduction_percent": 0.21847909723279388
      }
    },
    {
      "comparator": "sahp",
      "seeds": [
        42,
        52,
        62
      ],
      "qty_mae": {
        "plain_wins": 2,
        "ties": 0,
        "comparator_wins": 1,
        "plain_minus_comparator_by_seed": [
          -0.007682387395560042,
          -0.012954225656508278,
          0.001630303853713766
        ],
        "paired_difference": {
          "mean": -0.006335436399451518,
          "sample_sd": 0.007384973459537463
        },
        "plain_reduction_percent": 0.15846872036832405
      },
      "qty_rmse": {
        "plain_wins": 1,
        "ties": 0,
        "comparator_wins": 2,
        "plain_minus_comparator_by_seed": [
          -0.004907891132339692,
          0.002685977476971857,
          0.0176756157844542
        ],
        "paired_difference": {
          "mean": 0.005151234043028789,
          "sample_sd": 0.01149181507063112
        },
        "plain_reduction_percent": -0.08764192999238123
      },
      "time_nll": {
        "plain_wins": 0,
        "ties": 0,
        "comparator_wins": 3,
        "plain_minus_comparator_by_seed": [
          0.0028159236624127892,
          0.009016208817141713,
          0.0038833607514443536
        ],
        "paired_difference": {
          "mean": 0.005238497743666286,
          "sample_sd": 0.003314842560477676
        },
        "plain_reduction_percent": -0.18696575569436066
      }
    },
    {
      "comparator": "s2p2_matched_head",
      "seeds": [
        42,
        52,
        62
      ],
      "qty_mae": {
        "plain_wins": 2,
        "ties": 0,
        "comparator_wins": 1,
        "plain_minus_comparator_by_seed": [
          -0.014263712122593919,
          0.00044748066828281807,
          -0.007544622776942678
        ],
        "paired_difference": {
          "mean": -0.0071202847437512595,
          "sample_sd": 0.0073647705604041385
        },
        "plain_reduction_percent": 0.178065230897589
      },
      "qty_rmse": {
        "plain_wins": 0,
        "ties": 0,
        "comparator_wins": 3,
        "plain_minus_comparator_by_seed": [
          0.040675560829777524,
          0.013465603935284065,
          0.03732429084077715
        ],
        "paired_difference": {
          "mean": 0.030488485201946247,
          "sample_sd": 0.014837170134461366
        },
        "plain_reduction_percent": -0.5209699951647576
      },
      "time_nll": {
        "plain_wins": 0,
        "ties": 0,
        "comparator_wins": 3,
        "plain_minus_comparator_by_seed": [
          0.007070085537589144,
          0.012866115380651078,
          0.010202942449033525
        ],
        "paired_difference": {
          "mean": 0.010046381122424583,
          "sample_sd": 0.0029011849427705056
        },
        "plain_reduction_percent": -0.3591789142950075
      }
    },
    {
      "comparator": "attnhp_matched_head",
      "seeds": [
        42,
        52,
        62
      ],
      "qty_mae": {
        "plain_wins": 2,
        "ties": 0,
        "comparator_wins": 1,
        "plain_minus_comparator_by_seed": [
          -0.004488190251808799,
          0.000571690699176397,
          -0.008757421992816372
        ],
        "paired_difference": {
          "mean": -0.004224640515149591,
          "sample_sd": 0.004670137016485169
        },
        "plain_reduction_percent": 0.105727054311523
      },
      "qty_rmse": {
        "plain_wins": 0,
        "ties": 0,
        "comparator_wins": 3,
        "plain_minus_comparator_by_seed": [
          0.03108057504742856,
          0.020699023853984144,
          0.002108340803305353
        ],
        "paired_difference": {
          "mean": 0.017962646568239354,
          "sample_sd": 0.014678671934529411
        },
        "plain_reduction_percent": -0.30628000271868666
      },
      "time_nll": {
        "plain_wins": 2,
        "ties": 0,
        "comparator_wins": 1,
        "plain_minus_comparator_by_seed": [
          -0.007950833177264638,
          0.005322588342707935,
          -2.0433638246331043e-05
        ],
        "paired_difference": {
          "mean": -0.0008828928242676781,
          "sample_sd": 0.006678608133240204
        },
        "plain_reduction_percent": 0.03144238616691918
      }
    }
  ],
  "ranking": {
    "qty_mae": [
      "rmtpp",
      "titantpp_history_mlp",
      "attnhp_matched_head",
      "sahp",
      "s2p2_matched_head",
      "thp",
      "nhp"
    ],
    "qty_rmse": [
      "s2p2_matched_head",
      "thp",
      "attnhp_matched_head",
      "rmtpp",
      "sahp",
      "titantpp_history_mlp",
      "nhp"
    ],
    "time_nll": [
      "s2p2_matched_head",
      "sahp",
      "rmtpp",
      "thp",
      "titantpp_history_mlp",
      "attnhp_matched_head",
      "nhp"
    ]
  },
  "key_strata": [
    {
      "model": "titantpp_history_mlp",
      "partition": "quantity",
      "bin": 0,
      "boundaries": [
        8,
        20,
        25,
        35
      ],
      "count": 247651,
      "qty_mae": {
        "mean": 2.7183771765779086,
        "sample_sd": 0.02132504666082997
      },
      "qty_rmse": {
        "mean": 3.808143066671583,
        "sample_sd": 0.030749188626823878
      },
      "time_nll": {
        "mean": 2.796411970444124,
        "sample_sd": 0.006715191717938846
      },
      "mean_sse": 3591579.4197759684
    },
    {
      "model": "titantpp_history_mlp",
      "partition": "quantity",
      "bin": 1,
      "boundaries": [
        8,
        20,
        25,
        35
      ],
      "count": 202534,
      "qty_mae": {
        "mean": 3.6871200082136117,
        "sample_sd": 0.023888616438602826
      },
      "qty_rmse": {
        "mean": 4.674101762808872,
        "sample_sd": 0.03357849253126647
      },
      "time_nll": {
        "mean": 2.8098545382497,
        "sample_sd": 0.010063434051481818
      },
      "mean_sse": 4424958.571872865
    },
    {
      "model": "titantpp_history_mlp",
      "partition": "quantity",
      "bin": 2,
      "boundaries": [
        8,
        20,
        25,
        35
      ],
      "count": 27322,
      "qty_mae": {
        "mean": 7.987732247622369,
        "sample_sd": 0.049820365862609156
      },
      "qty_rmse": {
        "mean": 9.086580232472642,
        "sample_sd": 0.028077931940871426
      },
      "time_nll": {
        "mean": 2.8428119566490784,
        "sample_sd": 0.024890948489954046
      },
      "mean_sse": 2255880.981356337
    },
    {
      "model": "titantpp_history_mlp",
      "partition": "quantity",
      "bin": 3,
      "boundaries": [
        8,
        20,
        25,
        35
      ],
      "count": 20190,
      "qty_mae": {
        "mean": 11.84691648403961,
        "sample_sd": 0.1345397129258126
      },
      "qty_rmse": {
        "mean": 13.156064387208438,
        "sample_sd": 0.08361764188090574
      },
      "time_nll": {
        "mean": 2.8468159145106284,
        "sample_sd": 0.03359736975945485
      },
      "mean_sse": 3494620.300047008
    },
    {
      "model": "titantpp_history_mlp",
      "partition": "quantity",
      "bin": 4,
      "boundaries": [
        8,
        20,
        25,
        35
      ],
      "count": 6036,
      "qty_mae": {
        "mean": 22.081120322358668,
        "sample_sd": 0.3544800052370657
      },
      "qty_rmse": {
        "mean": 24.64185914327979,
        "sample_sd": 0.27067947401429254
      },
      "time_nll": {
        "mean": 2.857633167766739,
        "sample_sd": 0.043842902206169126
      },
      "mean_sse": 3665482.124144466
    },
    {
      "model": "s2p2_matched_head",
      "partition": "quantity",
      "bin": 0,
      "boundaries": [
        8,
        20,
        25,
        35
      ],
      "count": 247651,
      "qty_mae": {
        "mean": 2.872199503733128,
        "sample_sd": 0.08976991859292342
      },
      "qty_rmse": {
        "mean": 4.078250620079948,
        "sample_sd": 0.12915689135956793
      },
      "time_nll": {
        "mean": 2.7932277352389026,
        "sample_sd": 0.004246290409672552
      },
      "mean_sse": 4121717.288289207
    },
    {
      "model": "s2p2_matched_head",
      "partition": "quantity",
      "bin": 1,
      "boundaries": [
        8,
        20,
        25,
        35
      ],
      "count": 202534,
      "qty_mae": {
        "mean": 3.7604985673087508,
        "sample_sd": 0.04030504669401984
      },
      "qty_rmse": {
        "mean": 4.8145003446645696,
        "sample_sd": 0.03941833806703273
      },
      "time_nll": {
        "mean": 2.796321411238665,
        "sample_sd": 0.0013128424848219925
      },
      "mean_sse": 4694829.146683672
    },
    {
      "model": "s2p2_matched_head",
      "partition": "quantity",
      "bin": 2,
      "boundaries": [
        8,
        20,
        25,
        35
      ],
      "count": 27322,
      "qty_mae": {
        "mean": 7.4211206705522,
        "sample_sd": 0.17186816749928882
      },
      "qty_rmse": {
        "mean": 8.674856252749425,
        "sample_sd": 0.1739403916151137
      },
      "time_nll": {
        "mean": 2.818077911614142,
        "sample_sd": 0.004763830376349422
      },
      "mean_sse": 2056617.1348150775
    },
    {
      "model": "s2p2_matched_head",
      "partition": "quantity",
      "bin": 3,
      "boundaries": [
        8,
        20,
        25,
        35
      ],
      "count": 20190,
      "qty_mae": {
        "mean": 10.634086793910086,
        "sample_sd": 0.3128071545354942
      },
      "qty_rmse": {
        "mean": 12.29639977293887,
        "sample_sd": 0.26463675971132467
      },
      "time_nll": {
        "mean": 2.814305235055621,
        "sample_sd": 0.004887426667653606
      },
      "mean_sse": 3053699.8615124365
    },
    {
      "model": "s2p2_matched_head",
      "partition": "quantity",
      "bin": 4,
      "boundaries": [
        8,
        20,
        25,
        35
      ],
      "count": 6036,
      "qty_mae": {
        "mean": 20.52360029538025,
        "sample_sd": 0.6905332276067531
      },
      "qty_rmse": {
        "mean": 23.468648053066573,
        "sample_sd": 0.500231419346064
      },
      "time_nll": {
        "mean": 2.8246606484760703,
        "sample_sd": 0.00685503929000758
      },
      "mean_sse": 3325499.5679709804
    },
    {
      "model": "attnhp_matched_head",
      "partition": "quantity",
      "bin": 0,
      "boundaries": [
        8,
        20,
        25,
        35
      ],
      "count": 247651,
      "qty_mae": {
        "mean": 2.826808117696921,
        "sample_sd": 0.05836693742198535
      },
      "qty_rmse": {
        "mean": 3.921027630812501,
        "sample_sd": 0.08405080638049779
      },
      "time_nll": {
        "mean": 2.8013729782220245,
        "sample_sd": 0.004394273906671295
      },
      "mean_sse": 3808666.179246984
    },
    {
      "model": "attnhp_matched_head",
      "partition": "quantity",
      "bin": 1,
      "boundaries": [
        8,
        20,
        25,
        35
      ],
      "count": 202534,
      "qty_mae": {
        "mean": 3.621607869278747,
        "sample_sd": 0.05121373403264926
      },
      "qty_rmse": {
        "mean": 4.6208526036020725,
        "sample_sd": 0.06755818060237939
      },
      "time_nll": {
        "mean": 2.808528232374355,
        "sample_sd": 0.006111361058378046
      },
      "mean_sse": 4325178.6892839745
    },
    {
      "model": "attnhp_matched_head",
      "partition": "quantity",
      "bin": 2,
      "boundaries": [
        8,
        20,
        25,
        35
      ],
      "count": 27322,
      "qty_mae": {
        "mean": 7.850515106275369,
        "sample_sd": 0.20655707462652476
      },
      "qty_rmse": {
        "mean": 8.967886269415605,
        "sample_sd": 0.15318243515133656
      },
      "time_nll": {
        "mean": 2.834593194979343,
        "sample_sd": 0.013008299334543227
      },
      "mean_sse": 2197744.1772799715
    },
    {
      "model": "attnhp_matched_head",
      "partition": "quantity",
      "bin": 3,
      "boundaries": [
        8,
        20,
        25,
        35
      ],
      "count": 20190,
      "qty_mae": {
        "mean": 11.574063741273173,
        "sample_sd": 0.39070724671283036
      },
      "qty_rmse": {
        "mean": 12.968489686440408,
        "sample_sd": 0.266861787629076
      },
      "time_nll": {
        "mean": 2.8365646860363785,
        "sample_sd": 0.015822738305978003
      },
      "mean_sse": 3396547.57942457
    },
    {
      "model": "attnhp_matched_head",
      "partition": "quantity",
      "bin": 4,
      "boundaries": [
        8,
        20,
        25,
        35
      ],
      "count": 6036,
      "qty_mae": {
        "mean": 21.716878937488627,
        "sample_sd": 0.5594374924049528
      },
      "qty_rmse": {
        "mean": 24.413063510687547,
        "sample_sd": 0.43632952457649854
      },
      "time_nll": {
        "mean": 2.8437648869906833,
        "sample_sd": 0.020785012072996913
      },
      "mean_sse": 3598208.038999315
    }
  ],
  "cost_hours": 27.957990643315846
}
