{"phase": "profile_start", "backbone": "titantpp", "history_length": 16, "sequence_length": 17, "batch_size": 128}
{"phase": "cold_complete", "backbone": "titantpp", "history_length": 16, "seconds": 0.6360995899885893}
{"status": "PASS", "output": "/home/leekwanhyeong/workspace/paper_research_prior_prefix_add02ba_5090/outputs/cuda/cuda_audit.json.workers/history016_titantpp.result.json", "cost_gate_pass": null, "worker": true}
{"phase": "profile_start", "backbone": "titantpp_titans_mac", "history_length": 16, "sequence_length": 17, "batch_size": 128}
/opt/miniconda3/envs/ai_env/lib/python3.12/site-packages/torch/_inductor/compile_fx.py:322: UserWarning: TensorFloat32 tensor cores for float32 matrix multiplication available but not enabled. Consider setting `torch.set_float32_matmul_precision('high')` for better performance.
  warnings.warn(
{"phase": "cold_complete", "backbone": "titantpp_titans_mac", "history_length": 16, "seconds": 39.66716994997114}
{"status": "PASS", "output": "/home/leekwanhyeong/workspace/paper_research_prior_prefix_add02ba_5090/outputs/cuda/cuda_audit.json.workers/history016_titantpp_titans_mac.result.json", "cost_gate_pass": null, "worker": true}
{"phase": "profile_start", "backbone": "titantpp_titans_mac_prior_prefix", "history_length": 16, "sequence_length": 17, "batch_size": 128}
/opt/miniconda3/envs/ai_env/lib/python3.12/site-packages/torch/_inductor/compile_fx.py:322: UserWarning: TensorFloat32 tensor cores for float32 matrix multiplication available but not enabled. Consider setting `torch.set_float32_matmul_precision('high')` for better performance.
  warnings.warn(
{"phase": "cold_complete", "backbone": "titantpp_titans_mac_prior_prefix", "history_length": 16, "seconds": 67.71119374292903}
{"status": "PASS", "output": "/home/leekwanhyeong/workspace/paper_research_prior_prefix_add02ba_5090/outputs/cuda/cuda_audit.json.workers/history016_titantpp_titans_mac_prior_prefix.result.json", "cost_gate_pass": null, "worker": true}
{"phase": "profile_start", "backbone": "titantpp", "history_length": 64, "sequence_length": 65, "batch_size": 128}
{"phase": "cold_complete", "backbone": "titantpp", "history_length": 64, "seconds": 0.6524196369573474}
{"status": "PASS", "output": "/home/leekwanhyeong/workspace/paper_research_prior_prefix_add02ba_5090/outputs/cuda/cuda_audit.json.workers/history064_titantpp.result.json", "cost_gate_pass": null, "worker": true}
{"phase": "profile_start", "backbone": "titantpp_titans_mac", "history_length": 64, "sequence_length": 65, "batch_size": 128}
/opt/miniconda3/envs/ai_env/lib/python3.12/site-packages/torch/_inductor/compile_fx.py:322: UserWarning: TensorFloat32 tensor cores for float32 matrix multiplication available but not enabled. Consider setting `torch.set_float32_matmul_precision('high')` for better performance.
  warnings.warn(
{"phase": "cold_complete", "backbone": "titantpp_titans_mac", "history_length": 64, "seconds": 52.06243289494887}
{"status": "PASS", "output": "/home/leekwanhyeong/workspace/paper_research_prior_prefix_add02ba_5090/outputs/cuda/cuda_audit.json.workers/history064_titantpp_titans_mac.result.json", "cost_gate_pass": null, "worker": true}
{"phase": "profile_start", "backbone": "titantpp_titans_mac_prior_prefix", "history_length": 64, "sequence_length": 65, "batch_size": 128}
/opt/miniconda3/envs/ai_env/lib/python3.12/site-packages/torch/_inductor/compile_fx.py:322: UserWarning: TensorFloat32 tensor cores for float32 matrix multiplication available but not enabled. Consider setting `torch.set_float32_matmul_precision('high')` for better performance.
  warnings.warn(
{"phase": "cold_complete", "backbone": "titantpp_titans_mac_prior_prefix", "history_length": 64, "seconds": 60.89198280312121}
{"status": "PASS", "output": "/home/leekwanhyeong/workspace/paper_research_prior_prefix_add02ba_5090/outputs/cuda/cuda_audit.json.workers/history064_titantpp_titans_mac_prior_prefix.result.json", "cost_gate_pass": null, "worker": true}
{"phase": "profile_start", "backbone": "titantpp", "history_length": 255, "sequence_length": 256, "batch_size": 128}
{"phase": "cold_complete", "backbone": "titantpp", "history_length": 255, "seconds": 0.6483257319778204}
{"status": "PASS", "output": "/home/leekwanhyeong/workspace/paper_research_prior_prefix_add02ba_5090/outputs/cuda/cuda_audit.json.workers/history255_titantpp.result.json", "cost_gate_pass": null, "worker": true}
{"phase": "profile_start", "backbone": "titantpp_titans_mac", "history_length": 255, "sequence_length": 256, "batch_size": 128}
/opt/miniconda3/envs/ai_env/lib/python3.12/site-packages/torch/_inductor/compile_fx.py:322: UserWarning: TensorFloat32 tensor cores for float32 matrix multiplication available but not enabled. Consider setting `torch.set_float32_matmul_precision('high')` for better performance.
  warnings.warn(
{"phase": "cold_complete", "backbone": "titantpp_titans_mac", "history_length": 255, "seconds": 46.94497709302232}
{"status": "PASS", "output": "/home/leekwanhyeong/workspace/paper_research_prior_prefix_add02ba_5090/outputs/cuda/cuda_audit.json.workers/history255_titantpp_titans_mac.result.json", "cost_gate_pass": null, "worker": true}
{"phase": "profile_start", "backbone": "titantpp_titans_mac_prior_prefix", "history_length": 255, "sequence_length": 256, "batch_size": 128}
/opt/miniconda3/envs/ai_env/lib/python3.12/site-packages/torch/_inductor/compile_fx.py:322: UserWarning: TensorFloat32 tensor cores for float32 matrix multiplication available but not enabled. Consider setting `torch.set_float32_matmul_precision('high')` for better performance.
  warnings.warn(
{"phase": "cold_complete", "backbone": "titantpp_titans_mac_prior_prefix", "history_length": 255, "seconds": 59.94170148996636}
{"status": "PASS", "output": "/home/leekwanhyeong/workspace/paper_research_prior_prefix_add02ba_5090/outputs/cuda/cuda_audit.json.workers/history255_titantpp_titans_mac_prior_prefix.result.json", "cost_gate_pass": null, "worker": true}
{"status": "PASS", "output": "/home/leekwanhyeong/workspace/paper_research_prior_prefix_add02ba_5090/outputs/cuda/cuda_audit.json", "cost_gate_pass": true, "worker": false}
