Traceback (most recent call last):
  File "/home/leekwanhyeong/workspace/paper_research_thp_static_093629b_smoke_0904/paper/scripts/run_thp_static_hard_memory_smoke.py", line 20, in <module>
    from paper.scripts.count_aware_tpp_backbone.thp_static_contract import frozen_documents
  File "/home/leekwanhyeong/workspace/paper_research_thp_static_093629b_smoke_0904/paper/scripts/count_aware_tpp_backbone/__init__.py", line 3, in <module>
    from paper.scripts.count_aware_tpp_backbone.core import (
  File "/home/leekwanhyeong/workspace/paper_research_thp_static_093629b_smoke_0904/paper/scripts/count_aware_tpp_backbone/core.py", line 13, in <module>
    from paper.scripts.run_intermittent_log_backbone_control import (
  File "/home/leekwanhyeong/workspace/paper_research_thp_static_093629b_smoke_0904/paper/scripts/run_intermittent_log_backbone_control.py", line 29, in <module>
    from paper.scripts.run_taxi_log_backbone_control import (
  File "/home/leekwanhyeong/workspace/paper_research_thp_static_093629b_smoke_0904/paper/scripts/run_taxi_log_backbone_control.py", line 31, in <module>
    from paper.scripts.run_taxi_quantity_interface_ablation import (
  File "/home/leekwanhyeong/workspace/paper_research_thp_static_093629b_smoke_0904/paper/scripts/run_taxi_quantity_interface_ablation.py", line 39, in <module>
    from simple_lab_test.search.common.runner import (
  File "/home/leekwanhyeong/workspace/paper_research_thp_static_093629b_smoke_0904/simple_lab_test/search/common/runner.py", line 20, in <module>
    from simple_lab_test.search.common.models import (
  File "/home/leekwanhyeong/workspace/paper_research_thp_static_093629b_smoke_0904/simple_lab_test/search/common/models.py", line 13, in <module>
    from simple_lab_test.search.common.experiment_utils import (
  File "/home/leekwanhyeong/workspace/paper_research_thp_static_093629b_smoke_0904/simple_lab_test/search/common/experiment_utils.py", line 53, in <module>
    PROJECT_ROOT = ensure_project_root_on_path(THIS_FILE)
                   ^^^^^^^^^^^^^^^^^^^^^^^^^^^^^^^^^^^^^^
  File "/home/leekwanhyeong/workspace/paper_research_thp_static_093629b_smoke_0904/simple_lab_test/common/pathing.py", line 52, in ensure_project_root_on_path
    project_root = resolve_project_root(start)
                   ^^^^^^^^^^^^^^^^^^^^^^^^^^^
  File "/home/leekwanhyeong/workspace/paper_research_thp_static_093629b_smoke_0904/simple_lab_test/common/pathing.py", line 42, in resolve_project_root
    raise RuntimeError(
RuntimeError: Could not locate the paper_research project root. Checked:
/home/leekwanhyeong/workspace/paper_research_thp_static_093629b_smoke_0904/simple_lab_test/search/common
/home/leekwanhyeong/workspace/paper_research_thp_static_093629b_smoke_0904/simple_lab_test/search
/home/leekwanhyeong/workspace/paper_research_thp_static_093629b_smoke_0904/simple_lab_test
/home/leekwanhyeong/workspace/paper_research_thp_static_093629b_smoke_0904
/home/leekwanhyeong/workspace
/home/leekwanhyeong
/home
/
