[launch] variant=log_regression source_revision=19ee084161887a1247819c8d535aedb5b5e4aa38 data_sha=b47e98e9fdb75d4274a18e3f8a5d8f463418a1d56a6db4db7d9b834c9d89ca46
[launch] output_root=/home/leekwanhyeong/workspace/paper_research/search_artifacts/taxi_positive_regression_control_e300_20260811/log_regression
/opt/miniconda3/envs/ai_env/lib/python3.12/site-packages/torch/nn/modules/rnn.py:1364: UserWarning: dropout option adds dropout after all but last recurrent layer, so non-zero dropout expects num_layers greater than 1, but got dropout=0.1 and num_layers=1
  super().__init__("GRU", *args, **kwargs)
[epoch 001] variant=log_regression seed=42 train=2.26556438 nll=1.58678084 qty_mae=45.27647317 mark_acc=0.91352201
[epoch 002] variant=log_regression seed=42 train=1.72860887 nll=1.57060891 qty_mae=37.90401666 mark_acc=0.92210934
[epoch 003] variant=log_regression seed=42 train=1.69728973 nll=1.56255129 qty_mae=40.20084238 mark_acc=0.92440735
[epoch 004] variant=log_regression seed=42 train=1.67972789 nll=1.55355704 qty_mae=36.27992555 mark_acc=0.92368166
[epoch 005] variant=log_regression seed=42 train=1.66936118 nll=1.57240083 qty_mae=34.95332045 mark_acc=0.91932753
[epoch 006] variant=log_regression seed=42 train=1.66194239 nll=1.55617069 qty_mae=32.88123043 mark_acc=0.92271408
[epoch 007] variant=log_regression seed=42 train=1.65996616 nll=1.57813095 qty_mae=31.47405678 mark_acc=0.91702951
[epoch 008] variant=log_regression seed=42 train=1.65745896 nll=1.55257491 qty_mae=34.93997886 mark_acc=0.92561684
[epoch 009] variant=log_regression seed=42 train=1.65296268 nll=1.55459419 qty_mae=31.87011748 mark_acc=0.92247218
[epoch 010] variant=log_regression seed=42 train=1.64691828 nll=1.57025560 qty_mae=35.98434973 mark_acc=0.91920658
[epoch 011] variant=log_regression seed=42 train=1.64097865 nll=1.56320249 qty_mae=34.55800816 mark_acc=0.92162554
[epoch 012] variant=log_regression seed=42 train=1.64083457 nll=1.57269292 qty_mae=30.72466155 mark_acc=0.91920658
[epoch 013] variant=log_regression seed=42 train=1.63753630 nll=1.57238683 qty_mae=33.72120220 mark_acc=0.92029511
[epoch 014] variant=log_regression seed=42 train=1.63206774 nll=1.55989711 qty_mae=29.92861460 mark_acc=0.92380261
[epoch 015] variant=log_regression seed=42 train=1.63205140 nll=1.56520107 qty_mae=31.45093600 mark_acc=0.92186744
[epoch 016] variant=log_regression seed=42 train=1.62783020 nll=1.57515911 qty_mae=30.02866873 mark_acc=0.91981132
[epoch 017] variant=log_regression seed=42 train=1.62362919 nll=1.58639425 qty_mae=29.18012470 mark_acc=0.91908563
[epoch 018] variant=log_regression seed=42 train=1.62211196 nll=1.57425951 qty_mae=28.29447034 mark_acc=0.92029511
[epoch 019] variant=log_regression seed=42 train=1.62201206 nll=1.56851729 qty_mae=29.81776610 mark_acc=0.92380261
[epoch 020] variant=log_regression seed=42 train=1.61561784 nll=1.58434051 qty_mae=31.19156503 mark_acc=0.91981132
[epoch 021] variant=log_regression seed=42 train=1.61624853 nll=1.58362282 qty_mae=29.02245020 mark_acc=0.91823899
[epoch 022] variant=log_regression seed=42 train=1.61167310 nll=1.58389244 qty_mae=30.80193562 mark_acc=0.92259313
[epoch 023] variant=log_regression seed=42 train=1.61126751 nll=1.56444171 qty_mae=30.37674721 mark_acc=0.92356072
[epoch 024] variant=log_regression seed=42 train=1.60561505 nll=1.58133473 qty_mae=29.50405216 mark_acc=0.91848089
[epoch 025] variant=log_regression seed=42 train=1.60376159 nll=1.57674891 qty_mae=33.71191708 mark_acc=0.92053701
[epoch 026] variant=log_regression seed=42 train=1.60398125 nll=1.59614347 qty_mae=28.93242550 mark_acc=0.91654572
[epoch 027] variant=log_regression seed=42 train=1.60015789 nll=1.58963054 qty_mae=29.73712332 mark_acc=0.92102080
[epoch 028] variant=log_regression seed=42 train=1.59748378 nll=1.59189081 qty_mae=29.37716878 mark_acc=0.91787615
[epoch 029] variant=log_regression seed=42 train=1.59298761 nll=1.57846131 qty_mae=29.61971313 mark_acc=0.92198839
[epoch 030] variant=log_regression seed=42 train=1.59134751 nll=1.59773043 qty_mae=28.29937346 mark_acc=0.91872279
[epoch 031] variant=log_regression seed=42 train=1.58939802 nll=1.62322311 qty_mae=29.72242747 mark_acc=0.91872279
[epoch 032] variant=log_regression seed=42 train=1.58834401 nll=1.59682478 qty_mae=29.29051133 mark_acc=0.91908563
[epoch 033] variant=log_regression seed=42 train=1.58413771 nll=1.58952752 qty_mae=28.47399017 mark_acc=0.92114175
[epoch 034] variant=log_regression seed=42 train=1.58108111 nll=1.59801866 qty_mae=29.09664385 mark_acc=0.91811805
[epoch 035] variant=log_regression seed=42 train=1.57927536 nll=1.60506440 qty_mae=29.62526915 mark_acc=0.91787615
[epoch 036] variant=log_regression seed=42 train=1.57920677 nll=1.60901895 qty_mae=31.08227960 mark_acc=0.91654572
[epoch 037] variant=log_regression seed=42 train=1.57334673 nll=1.60426324 qty_mae=30.77559820 mark_acc=0.91932753
[epoch 038] variant=log_regression seed=42 train=1.57002709 nll=1.62007105 qty_mae=30.48546245 mark_acc=0.91557813
[epoch 039] variant=log_regression seed=42 train=1.56878027 nll=1.60105912 qty_mae=29.29445559 mark_acc=0.92041606
[epoch 040] variant=log_regression seed=42 train=1.56657635 nll=1.62865001 qty_mae=28.95177393 mark_acc=0.91485244
[epoch 041] variant=log_regression seed=42 train=1.56369216 nll=1.62883662 qty_mae=28.91910008 mark_acc=0.91436865
[epoch 042] variant=log_regression seed=42 train=1.55842669 nll=1.62506940 qty_mae=31.31233194 mark_acc=0.92029511
[epoch 043] variant=log_regression seed=42 train=1.55687623 nll=1.64719053 qty_mae=29.58712404 mark_acc=0.91219158
[epoch 044] variant=log_regression seed=42 train=1.55122396 nll=1.63975435 qty_mae=28.46703621 mark_acc=0.91473149
[epoch 045] variant=log_regression seed=42 train=1.55264069 nll=1.64735027 qty_mae=30.28166694 mark_acc=0.91352201
[epoch 046] variant=log_regression seed=42 train=1.54696186 nll=1.64075841 qty_mae=29.82559797 mark_acc=0.91666667
[epoch 047] variant=log_regression seed=42 train=1.54447360 nll=1.66038832 qty_mae=30.33754188 mark_acc=0.91158684
[epoch 048] variant=log_regression seed=42 train=1.54229524 nll=1.65747272 qty_mae=38.29681234 mark_acc=0.90940977
[epoch 049] variant=log_regression seed=42 train=1.54076619 nll=1.65381753 qty_mae=28.91609935 mark_acc=0.91255443
[epoch 050] variant=log_regression seed=42 train=1.53652037 nll=1.66985179 qty_mae=31.82604202 mark_acc=0.91098210
[epoch 051] variant=log_regression seed=42 train=1.53212890 nll=1.67137257 qty_mae=32.06773332 mark_acc=0.91340106
[epoch 052] variant=log_regression seed=42 train=1.53098447 nll=1.66759858 qty_mae=29.60819226 mark_acc=0.91291727
[epoch 053] variant=log_regression seed=42 train=1.52686505 nll=1.67337743 qty_mae=31.68381757 mark_acc=0.91255443
[epoch 054] variant=log_regression seed=42 train=1.52519556 nll=1.70593430 qty_mae=30.35028510 mark_acc=0.90965167
[epoch 055] variant=log_regression seed=42 train=1.52156090 nll=1.69362719 qty_mae=30.78804844 mark_acc=0.91122400
[epoch 056] variant=log_regression seed=42 train=1.51733123 nll=1.71857762 qty_mae=32.97608185 mark_acc=0.90686986
[epoch 057] variant=log_regression seed=42 train=1.51553876 nll=1.72284555 qty_mae=29.42548533 mark_acc=0.90783745
[epoch 058] variant=log_regression seed=42 train=1.51113462 nll=1.72927248 qty_mae=30.69271693 mark_acc=0.90928882
[epoch 059] variant=log_regression seed=42 train=1.50966344 nll=1.71982383 qty_mae=33.35190707 mark_acc=0.90747460
[epoch 060] variant=log_regression seed=42 train=1.50896262 nll=1.73711092 qty_mae=30.33761004 mark_acc=0.90953072
[epoch 061] variant=log_regression seed=42 train=1.50564297 nll=1.73900773 qty_mae=29.95599361 mark_acc=0.90771650
[epoch 062] variant=log_regression seed=42 train=1.50322391 nll=1.75485636 qty_mae=31.05608426 mark_acc=0.90396710
[epoch 063] variant=log_regression seed=42 train=1.50144847 nll=1.75666471 qty_mae=29.07919160 mark_acc=0.91098210
[epoch 064] variant=log_regression seed=42 train=1.50065355 nll=1.77028777 qty_mae=31.03873344 mark_acc=0.90324141
[epoch 065] variant=log_regression seed=42 train=1.49924575 nll=1.76369766 qty_mae=29.57062521 mark_acc=0.91170779
[epoch 066] variant=log_regression seed=42 train=1.50006432 nll=1.77694345 qty_mae=29.57120075 mark_acc=0.91061925
[epoch 067] variant=log_regression seed=42 train=1.49653979 nll=1.78840036 qty_mae=30.90872420 mark_acc=0.90674891
[epoch 068] variant=log_regression seed=42 train=1.49569595 nll=1.80015495 qty_mae=30.37447768 mark_acc=0.90650701
[early-stop] variant=log_regression seed=42 current_epoch=68 best_epoch=8 patience=60
[epoch 001] variant=log_regression seed=52 train=2.22069604 nll=1.58773296 qty_mae=38.57259908 mark_acc=0.91219158
[epoch 002] variant=log_regression seed=52 train=1.72396043 nll=1.56424719 qty_mae=35.62037754 mark_acc=0.92174649
[epoch 003] variant=log_regression seed=52 train=1.69426957 nll=1.55288946 qty_mae=34.32187745 mark_acc=0.92368166
[epoch 004] variant=log_regression seed=52 train=1.67639447 nll=1.55494185 qty_mae=32.65713361 mark_acc=0.92404451
[epoch 005] variant=log_regression seed=52 train=1.66714903 nll=1.56183910 qty_mae=37.74180408 mark_acc=0.92041606
[epoch 006] variant=log_regression seed=52 train=1.66042077 nll=1.56091879 qty_mae=33.53166751 mark_acc=0.92295597
[epoch 007] variant=log_regression seed=52 train=1.65600169 nll=1.56785902 qty_mae=31.52860754 mark_acc=0.92089985
[epoch 008] variant=log_regression seed=52 train=1.65210651 nll=1.57319773 qty_mae=35.00153225 mark_acc=0.92331882
[epoch 009] variant=log_regression seed=52 train=1.64756487 nll=1.56893400 qty_mae=31.27905607 mark_acc=0.92259313
[epoch 010] variant=log_regression seed=52 train=1.64231780 nll=1.56495055 qty_mae=32.58889157 mark_acc=0.91956942
[epoch 011] variant=log_regression seed=52 train=1.63842232 nll=1.57419813 qty_mae=31.10760931 mark_acc=0.91727141
[epoch 012] variant=log_regression seed=52 train=1.63558824 nll=1.58889073 qty_mae=33.91591973 mark_acc=0.91533624
[epoch 013] variant=log_regression seed=52 train=1.63842490 nll=1.58696370 qty_mae=31.65345349 mark_acc=0.92210934
[epoch 014] variant=log_regression seed=52 train=1.63029315 nll=1.57175064 qty_mae=30.63022162 mark_acc=0.92210934
[epoch 015] variant=log_regression seed=52 train=1.62678048 nll=1.57719901 qty_mae=32.03680361 mark_acc=0.92223029
[epoch 016] variant=log_regression seed=52 train=1.62313631 nll=1.59019318 qty_mae=31.47075904 mark_acc=0.91678761
[epoch 017] variant=log_regression seed=52 train=1.62201123 nll=1.57958207 qty_mae=31.84320299 mark_acc=0.92198839
[epoch 018] variant=log_regression seed=52 train=1.61990403 nll=1.58462894 qty_mae=34.20518004 mark_acc=0.92005322
[epoch 019] variant=log_regression seed=52 train=1.61806157 nll=1.58214466 qty_mae=34.26179650 mark_acc=0.92077891
[epoch 020] variant=log_regression seed=52 train=1.61332962 nll=1.59317745 qty_mae=32.05765760 mark_acc=0.91944848
[epoch 021] variant=log_regression seed=52 train=1.60993937 nll=1.57539260 qty_mae=30.44441628 mark_acc=0.92343977
[epoch 022] variant=log_regression seed=52 train=1.60849819 nll=1.58883174 qty_mae=31.25483348 mark_acc=0.91775520
[epoch 023] variant=log_regression seed=52 train=1.60453418 nll=1.58809484 qty_mae=30.76272953 mark_acc=0.92259313
[epoch 024] variant=log_regression seed=52 train=1.60493715 nll=1.59633980 qty_mae=31.88884999 mark_acc=0.91860184
[epoch 025] variant=log_regression seed=52 train=1.60164360 nll=1.58871346 qty_mae=29.84190797 mark_acc=0.92174649
[epoch 026] variant=log_regression seed=52 train=1.60075543 nll=1.58850290 qty_mae=31.31314172 mark_acc=0.91993227
[epoch 027] variant=log_regression seed=52 train=1.59419297 nll=1.59914027 qty_mae=30.07269587 mark_acc=0.92029511
[epoch 028] variant=log_regression seed=52 train=1.59286722 nll=1.58410100 qty_mae=31.25624289 mark_acc=0.92077891
[epoch 029] variant=log_regression seed=52 train=1.58910852 nll=1.58520266 qty_mae=30.71119667 mark_acc=0.92017417
[epoch 030] variant=log_regression seed=52 train=1.58645327 nll=1.59684731 qty_mae=31.92114701 mark_acc=0.91896468
[epoch 031] variant=log_regression seed=52 train=1.58618830 nll=1.60850366 qty_mae=29.62493884 mark_acc=0.91219158
[epoch 032] variant=log_regression seed=52 train=1.58246275 nll=1.59620279 qty_mae=30.75274272 mark_acc=0.91920658
[epoch 033] variant=log_regression seed=52 train=1.58028742 nll=1.60327234 qty_mae=29.96874774 mark_acc=0.91799710
[epoch 034] variant=log_regression seed=52 train=1.57598951 nll=1.61159302 qty_mae=30.70952822 mark_acc=0.91823899
[epoch 035] variant=log_regression seed=52 train=1.57171931 nll=1.61917392 qty_mae=30.45217467 mark_acc=0.91376391
[epoch 036] variant=log_regression seed=52 train=1.57309737 nll=1.60885954 qty_mae=33.11656858 mark_acc=0.92283503
[epoch 037] variant=log_regression seed=52 train=1.56751535 nll=1.61634944 qty_mae=30.13823061 mark_acc=0.91811805
[epoch 038] variant=log_regression seed=52 train=1.57181685 nll=1.61717062 qty_mae=30.95675323 mark_acc=0.91860184
[epoch 039] variant=log_regression seed=52 train=1.56344645 nll=1.63335468 qty_mae=32.50513147 mark_acc=0.91461055
[epoch 040] variant=log_regression seed=52 train=1.56259203 nll=1.62552380 qty_mae=28.65634092 mark_acc=0.91993227
[epoch 041] variant=log_regression seed=52 train=1.55672550 nll=1.62586604 qty_mae=30.48208715 mark_acc=0.91799710
[epoch 042] variant=log_regression seed=52 train=1.55233253 nll=1.63957302 qty_mae=28.63714878 mark_acc=0.91799710
[epoch 043] variant=log_regression seed=52 train=1.54993104 nll=1.63986824 qty_mae=31.08348005 mark_acc=0.91642477
[epoch 044] variant=log_regression seed=52 train=1.55272307 nll=1.66418245 qty_mae=29.92113170 mark_acc=0.91219158
[epoch 045] variant=log_regression seed=52 train=1.54419125 nll=1.64806165 qty_mae=31.16363273 mark_acc=0.91642477
[epoch 046] variant=log_regression seed=52 train=1.54333161 nll=1.67613288 qty_mae=29.86965623 mark_acc=0.91388486
[epoch 047] variant=log_regression seed=52 train=1.54367725 nll=1.66633175 qty_mae=28.96023220 mark_acc=0.91170779
[epoch 048] variant=log_regression seed=52 train=1.53940573 nll=1.67253308 qty_mae=32.49157214 mark_acc=0.91666667
[epoch 049] variant=log_regression seed=52 train=1.53318674 nll=1.66805876 qty_mae=29.41323374 mark_acc=0.91303822
[epoch 050] variant=log_regression seed=52 train=1.53119857 nll=1.68140105 qty_mae=30.06449427 mark_acc=0.91279632
[epoch 051] variant=log_regression seed=52 train=1.52844658 nll=1.70928982 qty_mae=29.77964743 mark_acc=0.91146589
[epoch 052] variant=log_regression seed=52 train=1.52520340 nll=1.70492873 qty_mae=29.76184253 mark_acc=0.91013546
[epoch 053] variant=log_regression seed=52 train=1.52845341 nll=1.72860262 qty_mae=29.63687166 mark_acc=0.90953072
[epoch 054] variant=log_regression seed=52 train=1.51914428 nll=1.72389777 qty_mae=29.79882655 mark_acc=0.91436865
[epoch 055] variant=log_regression seed=52 train=1.52012108 nll=1.70962099 qty_mae=29.11392770 mark_acc=0.91461055
[epoch 056] variant=log_regression seed=52 train=1.51777149 nll=1.74562616 qty_mae=29.20151602 mark_acc=0.90832124
[epoch 057] variant=log_regression seed=52 train=1.52207687 nll=1.76251352 qty_mae=29.16294669 mark_acc=0.90759555
[epoch 058] variant=log_regression seed=52 train=1.51369879 nll=1.76582653 qty_mae=38.66610586 mark_acc=0.90892598
[epoch 059] variant=log_regression seed=52 train=1.50331373 nll=1.75752347 qty_mae=29.55692461 mark_acc=0.90711176
[epoch 060] variant=log_regression seed=52 train=1.51322364 nll=1.76125348 qty_mae=30.03269949 mark_acc=0.91267537
[epoch 061] variant=log_regression seed=52 train=1.50740997 nll=1.78312381 qty_mae=30.37199624 mark_acc=0.90807934
[epoch 062] variant=log_regression seed=52 train=1.50300259 nll=1.80651524 qty_mae=29.76011386 mark_acc=0.90686986
[epoch 063] variant=log_regression seed=52 train=1.50300188 nll=1.82346272 qty_mae=29.68900294 mark_acc=0.90771650
[early-stop] variant=log_regression seed=52 current_epoch=63 best_epoch=3 patience=60
[epoch 001] variant=log_regression seed=62 train=2.26265143 nll=1.60943867 qty_mae=50.62690339 mark_acc=0.91243348
[epoch 002] variant=log_regression seed=62 train=1.74410492 nll=1.56596240 qty_mae=39.62600926 mark_acc=0.92053701
[epoch 003] variant=log_regression seed=62 train=1.70590860 nll=1.55725387 qty_mae=41.69270554 mark_acc=0.92283503
[epoch 004] variant=log_regression seed=62 train=1.68883727 nll=1.55970716 qty_mae=38.59332248 mark_acc=0.92077891
[epoch 005] variant=log_regression seed=62 train=1.67483725 nll=1.55296693 qty_mae=33.93573200 mark_acc=0.92404451
[epoch 006] variant=log_regression seed=62 train=1.66827435 nll=1.55420156 qty_mae=34.37787990 mark_acc=0.92223029
[epoch 007] variant=log_regression seed=62 train=1.66365334 nll=1.58137000 qty_mae=33.85778318 mark_acc=0.91715046
[epoch 008] variant=log_regression seed=62 train=1.65481515 nll=1.57069616 qty_mae=32.17694274 mark_acc=0.92077891
[epoch 009] variant=log_regression seed=62 train=1.65233142 nll=1.57312883 qty_mae=32.37723957 mark_acc=0.91654572
[epoch 010] variant=log_regression seed=62 train=1.64789329 nll=1.56544862 qty_mae=31.92227969 mark_acc=0.92247218
[epoch 011] variant=log_regression seed=62 train=1.64135273 nll=1.55402304 qty_mae=34.00940278 mark_acc=0.92452830
[epoch 012] variant=log_regression seed=62 train=1.63668164 nll=1.56700027 qty_mae=31.88960065 mark_acc=0.92017417
[epoch 013] variant=log_regression seed=62 train=1.63723251 nll=1.58097377 qty_mae=31.24129380 mark_acc=0.91981132
[epoch 014] variant=log_regression seed=62 train=1.63109775 nll=1.56683181 qty_mae=32.03245817 mark_acc=0.91751330
[epoch 015] variant=log_regression seed=62 train=1.63030542 nll=1.58288413 qty_mae=33.00303147 mark_acc=0.91956942
[epoch 016] variant=log_regression seed=62 train=1.62828433 nll=1.57251376 qty_mae=33.98740061 mark_acc=0.92223029
[epoch 017] variant=log_regression seed=62 train=1.62506334 nll=1.59898205 qty_mae=32.63800256 mark_acc=0.91690856
[epoch 018] variant=log_regression seed=62 train=1.62156318 nll=1.57040760 qty_mae=29.66760590 mark_acc=0.92235123
[epoch 019] variant=log_regression seed=62 train=1.61700621 nll=1.59698378 qty_mae=31.75599302 mark_acc=0.91231253
[epoch 020] variant=log_regression seed=62 train=1.61567813 nll=1.57056344 qty_mae=30.04681050 mark_acc=0.92210934
[epoch 021] variant=log_regression seed=62 train=1.61499412 nll=1.57615639 qty_mae=35.59805260 mark_acc=0.92295597
[epoch 022] variant=log_regression seed=62 train=1.60993650 nll=1.58633161 qty_mae=37.19559533 mark_acc=0.92005322
[epoch 023] variant=log_regression seed=62 train=1.60647813 nll=1.57294093 qty_mae=29.74222319 mark_acc=0.92065796
[epoch 024] variant=log_regression seed=62 train=1.60946826 nll=1.59453399 qty_mae=31.82776839 mark_acc=0.91981132
[epoch 025] variant=log_regression seed=62 train=1.60401709 nll=1.57341846 qty_mae=30.92138470 mark_acc=0.92102080
[epoch 026] variant=log_regression seed=62 train=1.59981994 nll=1.57927879 qty_mae=30.08996189 mark_acc=0.92283503
[epoch 027] variant=log_regression seed=62 train=1.59717290 nll=1.59192603 qty_mae=35.62249843 mark_acc=0.91956942
[epoch 028] variant=log_regression seed=62 train=1.59391004 nll=1.58486792 qty_mae=33.64725221 mark_acc=0.92126270
[epoch 029] variant=log_regression seed=62 train=1.59294214 nll=1.59495982 qty_mae=32.58051555 mark_acc=0.91642477
[epoch 030] variant=log_regression seed=62 train=1.59026734 nll=1.59281781 qty_mae=29.57749325 mark_acc=0.91981132
[epoch 031] variant=log_regression seed=62 train=1.58776198 nll=1.60100449 qty_mae=30.79385046 mark_acc=0.91751330
[epoch 032] variant=log_regression seed=62 train=1.58677146 nll=1.58870509 qty_mae=29.17515281 mark_acc=0.91848089
[epoch 033] variant=log_regression seed=62 train=1.58055747 nll=1.61384578 qty_mae=31.35863852 mark_acc=0.91606193
[epoch 034] variant=log_regression seed=62 train=1.58003915 nll=1.59331857 qty_mae=28.92269090 mark_acc=0.91956942
[epoch 035] variant=log_regression seed=62 train=1.57478613 nll=1.60697673 qty_mae=30.78637438 mark_acc=0.91860184
[epoch 036] variant=log_regression seed=62 train=1.57702135 nll=1.61264422 qty_mae=29.06872031 mark_acc=0.91654572
[epoch 037] variant=log_regression seed=62 train=1.57243695 nll=1.62373472 qty_mae=31.81438513 mark_acc=0.91666667
[epoch 038] variant=log_regression seed=62 train=1.56833517 nll=1.62296017 qty_mae=29.15180150 mark_acc=0.91606193
[epoch 039] variant=log_regression seed=62 train=1.56657485 nll=1.61243786 qty_mae=32.89498469 mark_acc=0.91702951
[epoch 040] variant=log_regression seed=62 train=1.56178609 nll=1.62640950 qty_mae=30.40356899 mark_acc=0.91473149
[epoch 041] variant=log_regression seed=62 train=1.56132272 nll=1.62806699 qty_mae=29.07161551 mark_acc=0.91473149
[epoch 042] variant=log_regression seed=62 train=1.55911576 nll=1.63225111 qty_mae=30.07247301 mark_acc=0.91702951
[epoch 043] variant=log_regression seed=62 train=1.55540738 nll=1.62966043 qty_mae=28.92314608 mark_acc=0.91497339
[epoch 044] variant=log_regression seed=62 train=1.55206837 nll=1.63880184 qty_mae=30.09392294 mark_acc=0.91436865
[epoch 045] variant=log_regression seed=62 train=1.55010278 nll=1.63063550 qty_mae=28.42360652 mark_acc=0.91739236
[epoch 046] variant=log_regression seed=62 train=1.55009342 nll=1.65097697 qty_mae=30.97954553 mark_acc=0.91666667
[epoch 047] variant=log_regression seed=62 train=1.54294904 nll=1.66395337 qty_mae=32.05793604 mark_acc=0.91194969
[epoch 048] variant=log_regression seed=62 train=1.54064624 nll=1.65383669 qty_mae=31.90333390 mark_acc=0.91533624
[epoch 049] variant=log_regression seed=62 train=1.53974951 nll=1.66176173 qty_mae=29.01431521 mark_acc=0.91497339
[epoch 050] variant=log_regression seed=62 train=1.53293737 nll=1.65263552 qty_mae=29.83179987 mark_acc=0.91606193
[epoch 051] variant=log_regression seed=62 train=1.53027359 nll=1.68102348 qty_mae=29.45625104 mark_acc=0.91340106
[epoch 052] variant=log_regression seed=62 train=1.53121258 nll=1.69396668 qty_mae=30.54983252 mark_acc=0.91473149
[epoch 053] variant=log_regression seed=62 train=1.52518236 nll=1.67894361 qty_mae=29.33202257 mark_acc=0.91182874
[epoch 054] variant=log_regression seed=62 train=1.52623956 nll=1.69433342 qty_mae=29.21533853 mark_acc=0.91412675
[epoch 055] variant=log_regression seed=62 train=1.52388709 nll=1.71191743 qty_mae=29.71143890 mark_acc=0.91086115
[epoch 056] variant=log_regression seed=62 train=1.52484987 nll=1.73543451 qty_mae=29.53810343 mark_acc=0.91376391
[epoch 057] variant=log_regression seed=62 train=1.52659006 nll=1.72819176 qty_mae=31.04158511 mark_acc=0.91086115
[epoch 058] variant=log_regression seed=62 train=1.52139317 nll=1.72885059 qty_mae=30.46858435 mark_acc=0.91291727
[epoch 059] variant=log_regression seed=62 train=1.51615986 nll=1.74689965 qty_mae=29.34349415 mark_acc=0.90940977
[epoch 060] variant=log_regression seed=62 train=1.51286795 nll=1.76971424 qty_mae=30.54628926 mark_acc=0.90674891
[epoch 061] variant=log_regression seed=62 train=1.51952835 nll=1.77022227 qty_mae=29.79683578 mark_acc=0.90904693
[epoch 062] variant=log_regression seed=62 train=1.51014658 nll=1.79266476 qty_mae=29.42062419 mark_acc=0.90384615
[epoch 063] variant=log_regression seed=62 train=1.50268139 nll=1.83350547 qty_mae=31.92749553 mark_acc=0.91061925
[epoch 064] variant=log_regression seed=62 train=1.50151398 nll=1.88251074 qty_mae=29.86548396 mark_acc=0.90723270
[epoch 065] variant=log_regression seed=62 train=1.49487335 nll=1.82358830 qty_mae=31.82549389 mark_acc=0.90965167
[early-stop] variant=log_regression seed=62 current_epoch=65 best_epoch=5 patience=60
[complete] output_dir=/home/leekwanhyeong/workspace/paper_research/search_artifacts/taxi_positive_regression_control_e300_20260811/log_regression runs=3
