{
  "status": "passed",
  "step_limit": 1.25,
  "peak_limit": 1.1,
  "aggregation": "ratio_of_medians_over_three_independent_paired_repeats",
  "lengths": [
    {
      "sequence_length": 8,
      "models": {
        "titantpp": {
          "step_seconds": 0.003237235127016902,
          "peak_allocated_bytes": 49142784
        },
        "titantpp_hard_memory_value_norm": {
          "step_seconds": 0.0035707568749785423,
          "peak_allocated_bytes": 49439744
        }
      },
      "candidate_over_B_step": 1.1030267295625755,
      "candidate_over_B_peak_allocated": 1.0060427996916088,
      "step_passed": true,
      "peak_passed": true
    },
    {
      "sequence_length": 64,
      "models": {
        "titantpp": {
          "step_seconds": 0.003290467895567417,
          "peak_allocated_bytes": 273086464
        },
        "titantpp_hard_memory_value_norm": {
          "step_seconds": 0.0037220090162009,
          "peak_allocated_bytes": 275185664
        }
      },
      "candidate_over_B_step": 1.131148862207351,
      "candidate_over_B_peak_allocated": 1.0076869426966546,
      "step_passed": true,
      "peak_passed": true
    },
    {
      "sequence_length": 256,
      "models": {
        "titantpp": {
          "step_seconds": 0.009422554867342114,
          "peak_allocated_bytes": 1485002752
        },
        "titantpp_hard_memory_value_norm": {
          "step_seconds": 0.010713543044403195,
          "peak_allocated_bytes": 1492344832
        }
      },
      "candidate_over_B_step": 1.1370104175817062,
      "candidate_over_B_peak_allocated": 1.0049441524536649,
      "step_passed": true,
      "peak_passed": true
    }
  ]
}
