[launch] variant=minmax_sigmoid source_revision=19ee084161887a1247819c8d535aedb5b5e4aa38 data_sha=b47e98e9fdb75d4274a18e3f8a5d8f463418a1d56a6db4db7d9b834c9d89ca46
[launch] output_root=/home/leekwanhyeong/workspace/paper_research/search_artifacts/taxi_positive_regression_control_e300_20260811/minmax_sigmoid
/opt/miniconda3/envs/ai_env/lib/python3.12/site-packages/torch/nn/modules/rnn.py:1364: UserWarning: dropout option adds dropout after all but last recurrent layer, so non-zero dropout expects num_layers greater than 1, but got dropout=0.1 and num_layers=1
  super().__init__("GRU", *args, **kwargs)
[epoch 001] variant=minmax_sigmoid seed=42 train=1.73817001 nll=1.59543548 qty_mae=95.31547518 mark_acc=0.91485244
[epoch 002] variant=minmax_sigmoid seed=42 train=1.57515232 nll=1.57517761 qty_mae=55.15163502 mark_acc=0.92223029
[epoch 003] variant=minmax_sigmoid seed=42 train=1.54805753 nll=1.56838232 qty_mae=52.03179555 mark_acc=0.92634253
[epoch 004] variant=minmax_sigmoid seed=42 train=1.53382960 nll=1.55465470 qty_mae=53.36103919 mark_acc=0.92368166
[epoch 005] variant=minmax_sigmoid seed=42 train=1.52387139 nll=1.55990271 qty_mae=55.02485683 mark_acc=0.92138365
[epoch 006] variant=minmax_sigmoid seed=42 train=1.51790754 nll=1.55249440 qty_mae=50.22551450 mark_acc=0.92259313
[epoch 007] variant=minmax_sigmoid seed=42 train=1.51701994 nll=1.57296967 qty_mae=49.25390489 mark_acc=0.91860184
[epoch 008] variant=minmax_sigmoid seed=42 train=1.51405592 nll=1.54993369 qty_mae=50.17471272 mark_acc=0.92561684
[epoch 009] variant=minmax_sigmoid seed=42 train=1.51173331 nll=1.54723249 qty_mae=46.12495320 mark_acc=0.92295597
[epoch 010] variant=minmax_sigmoid seed=42 train=1.50827552 nll=1.55585486 qty_mae=45.69599210 mark_acc=0.92162554
[epoch 011] variant=minmax_sigmoid seed=42 train=1.50337155 nll=1.55506818 qty_mae=43.45204904 mark_acc=0.92114175
[epoch 012] variant=minmax_sigmoid seed=42 train=1.50295644 nll=1.55978119 qty_mae=44.41038393 mark_acc=0.91908563
[epoch 013] variant=minmax_sigmoid seed=42 train=1.50204751 nll=1.55990569 qty_mae=44.81940437 mark_acc=0.92331882
[epoch 014] variant=minmax_sigmoid seed=42 train=1.49772295 nll=1.55146827 qty_mae=43.43322369 mark_acc=0.92319787
[epoch 015] variant=minmax_sigmoid seed=42 train=1.49659142 nll=1.55305221 qty_mae=45.09183094 mark_acc=0.92440735
[epoch 016] variant=minmax_sigmoid seed=42 train=1.49364797 nll=1.55905749 qty_mae=51.28623214 mark_acc=0.92102080
[epoch 017] variant=minmax_sigmoid seed=42 train=1.49355453 nll=1.56096687 qty_mae=41.64019566 mark_acc=0.92017417
[epoch 018] variant=minmax_sigmoid seed=42 train=1.49020524 nll=1.56393974 qty_mae=47.18742818 mark_acc=0.92368166
[epoch 019] variant=minmax_sigmoid seed=42 train=1.49060503 nll=1.55442329 qty_mae=54.21307772 mark_acc=0.92356072
[epoch 020] variant=minmax_sigmoid seed=42 train=1.48460345 nll=1.57416796 qty_mae=44.14479009 mark_acc=0.91533624
[epoch 021] variant=minmax_sigmoid seed=42 train=1.48620615 nll=1.55946381 qty_mae=47.35807024 mark_acc=0.92126270
[epoch 022] variant=minmax_sigmoid seed=42 train=1.48202494 nll=1.56657902 qty_mae=47.29804361 mark_acc=0.91908563
[epoch 023] variant=minmax_sigmoid seed=42 train=1.48401973 nll=1.55673866 qty_mae=46.96753232 mark_acc=0.92198839
[epoch 024] variant=minmax_sigmoid seed=42 train=1.47752227 nll=1.57440225 qty_mae=43.01103424 mark_acc=0.91521529
[epoch 025] variant=minmax_sigmoid seed=42 train=1.47562150 nll=1.55535338 qty_mae=46.48881022 mark_acc=0.92307692
[epoch 026] variant=minmax_sigmoid seed=42 train=1.47468617 nll=1.57286799 qty_mae=43.65205330 mark_acc=0.91545718
[epoch 027] variant=minmax_sigmoid seed=42 train=1.47138340 nll=1.57086865 qty_mae=45.49987104 mark_acc=0.92029511
[epoch 028] variant=minmax_sigmoid seed=42 train=1.46921685 nll=1.57068235 qty_mae=42.26602236 mark_acc=0.91630382
[epoch 029] variant=minmax_sigmoid seed=42 train=1.46511708 nll=1.56433196 qty_mae=41.29243296 mark_acc=0.92150460
[epoch 030] variant=minmax_sigmoid seed=42 train=1.46288078 nll=1.57852367 qty_mae=44.85425334 mark_acc=0.91702951
[epoch 031] variant=minmax_sigmoid seed=42 train=1.46306666 nll=1.59056310 qty_mae=44.43546469 mark_acc=0.91956942
[epoch 032] variant=minmax_sigmoid seed=42 train=1.45874588 nll=1.57954822 qty_mae=49.11051023 mark_acc=0.91702951
[epoch 033] variant=minmax_sigmoid seed=42 train=1.45581498 nll=1.57773359 qty_mae=41.92902062 mark_acc=0.91896468
[epoch 034] variant=minmax_sigmoid seed=42 train=1.45143268 nll=1.58990600 qty_mae=45.27757366 mark_acc=0.91823899
[epoch 035] variant=minmax_sigmoid seed=42 train=1.45148821 nll=1.58847769 qty_mae=45.20281034 mark_acc=0.92053701
[epoch 036] variant=minmax_sigmoid seed=42 train=1.44844992 nll=1.60160264 qty_mae=45.51199777 mark_acc=0.91702951
[epoch 037] variant=minmax_sigmoid seed=42 train=1.44533613 nll=1.58355406 qty_mae=43.46303309 mark_acc=0.92077891
[epoch 038] variant=minmax_sigmoid seed=42 train=1.44267630 nll=1.60738027 qty_mae=44.16508050 mark_acc=0.91823899
[epoch 039] variant=minmax_sigmoid seed=42 train=1.43976228 nll=1.59549061 qty_mae=41.37829926 mark_acc=0.91969037
[epoch 040] variant=minmax_sigmoid seed=42 train=1.43993818 nll=1.61388629 qty_mae=44.73697009 mark_acc=0.91678761
[epoch 041] variant=minmax_sigmoid seed=42 train=1.43509408 nll=1.61562169 qty_mae=43.87339489 mark_acc=0.91763425
[epoch 042] variant=minmax_sigmoid seed=42 train=1.43206923 nll=1.61546006 qty_mae=46.90053095 mark_acc=0.91932753
[epoch 043] variant=minmax_sigmoid seed=42 train=1.42953602 nll=1.63728180 qty_mae=46.24002051 mark_acc=0.91787615
[epoch 044] variant=minmax_sigmoid seed=42 train=1.42290598 nll=1.62044113 qty_mae=46.52447437 mark_acc=0.92029511
[epoch 045] variant=minmax_sigmoid seed=42 train=1.42502879 nll=1.64405386 qty_mae=46.63815349 mark_acc=0.91654572
[epoch 046] variant=minmax_sigmoid seed=42 train=1.42032363 nll=1.63090023 qty_mae=44.07296757 mark_acc=0.91956942
[epoch 047] variant=minmax_sigmoid seed=42 train=1.41838500 nll=1.65702095 qty_mae=45.62472968 mark_acc=0.91255443
[epoch 048] variant=minmax_sigmoid seed=42 train=1.41704954 nll=1.65048350 qty_mae=44.52702073 mark_acc=0.91533624
[epoch 049] variant=minmax_sigmoid seed=42 train=1.41466834 nll=1.66332971 qty_mae=46.46770404 mark_acc=0.91715046
[epoch 050] variant=minmax_sigmoid seed=42 train=1.41506368 nll=1.65423021 qty_mae=45.50377113 mark_acc=0.91497339
[epoch 051] variant=minmax_sigmoid seed=42 train=1.40661885 nll=1.66570200 qty_mae=45.89301349 mark_acc=0.91690856
[epoch 052] variant=minmax_sigmoid seed=42 train=1.41042739 nll=1.65394721 qty_mae=45.71861840 mark_acc=0.91557813
[epoch 053] variant=minmax_sigmoid seed=42 train=1.40080202 nll=1.65809234 qty_mae=44.31017356 mark_acc=0.91715046
[epoch 054] variant=minmax_sigmoid seed=42 train=1.40609590 nll=1.69502396 qty_mae=43.76576621 mark_acc=0.91715046
[epoch 055] variant=minmax_sigmoid seed=42 train=1.41089829 nll=1.68466574 qty_mae=45.74462056 mark_acc=0.91642477
[epoch 056] variant=minmax_sigmoid seed=42 train=1.40238281 nll=1.72607159 qty_mae=44.27637539 mark_acc=0.91255443
[epoch 057] variant=minmax_sigmoid seed=42 train=1.41165209 nll=1.71093070 qty_mae=46.19189908 mark_acc=0.91521529
[epoch 058] variant=minmax_sigmoid seed=42 train=1.40050571 nll=1.73122343 qty_mae=43.87377193 mark_acc=0.91436865
[epoch 059] variant=minmax_sigmoid seed=42 train=1.39659897 nll=1.69252488 qty_mae=43.79955881 mark_acc=0.91727141
[epoch 060] variant=minmax_sigmoid seed=42 train=1.38794973 nll=1.76086790 qty_mae=47.29979663 mark_acc=0.91255443
[epoch 061] variant=minmax_sigmoid seed=42 train=1.38539156 nll=1.78308590 qty_mae=46.76581598 mark_acc=0.91074020
[epoch 062] variant=minmax_sigmoid seed=42 train=1.37819121 nll=1.76093413 qty_mae=43.47739249 mark_acc=0.91158684
[epoch 063] variant=minmax_sigmoid seed=42 train=1.36899314 nll=1.80913337 qty_mae=45.15165154 mark_acc=0.91884373
[epoch 064] variant=minmax_sigmoid seed=42 train=1.37298944 nll=1.83768894 qty_mae=44.76496092 mark_acc=0.91037736
[epoch 065] variant=minmax_sigmoid seed=42 train=1.36371487 nll=1.85937990 qty_mae=45.56224036 mark_acc=0.91582003
[epoch 066] variant=minmax_sigmoid seed=42 train=1.36098319 nll=1.89295283 qty_mae=44.59762668 mark_acc=0.91110305
[epoch 067] variant=minmax_sigmoid seed=42 train=1.35230717 nll=1.88443044 qty_mae=45.75594645 mark_acc=0.91134494
[epoch 068] variant=minmax_sigmoid seed=42 train=1.35173350 nll=1.96583890 qty_mae=46.53485673 mark_acc=0.91243348
[epoch 069] variant=minmax_sigmoid seed=42 train=1.34669823 nll=1.99463408 qty_mae=45.03613409 mark_acc=0.90928882
[early-stop] variant=minmax_sigmoid seed=42 current_epoch=69 best_epoch=9 patience=60
[epoch 001] variant=minmax_sigmoid seed=52 train=1.72806262 nll=1.60616974 qty_mae=66.77893406 mark_acc=0.90856313
[epoch 002] variant=minmax_sigmoid seed=52 train=1.56560196 nll=1.56348191 qty_mae=63.18771138 mark_acc=0.92005322
[epoch 003] variant=minmax_sigmoid seed=52 train=1.54121644 nll=1.55267571 qty_mae=54.13287601 mark_acc=0.92646347
[epoch 004] variant=minmax_sigmoid seed=52 train=1.52629036 nll=1.55203758 qty_mae=51.99829956 mark_acc=0.92537494
[epoch 005] variant=minmax_sigmoid seed=52 train=1.52384106 nll=1.55743053 qty_mae=58.43909959 mark_acc=0.92259313
[epoch 006] variant=minmax_sigmoid seed=52 train=1.51699962 nll=1.55361605 qty_mae=48.62208143 mark_acc=0.92247218
[epoch 007] variant=minmax_sigmoid seed=52 train=1.51435139 nll=1.56406740 qty_mae=43.49092140 mark_acc=0.91872279
[epoch 008] variant=minmax_sigmoid seed=52 train=1.51353096 nll=1.56518263 qty_mae=52.44313430 mark_acc=0.92138365
[epoch 009] variant=minmax_sigmoid seed=52 train=1.51115846 nll=1.55904040 qty_mae=45.04281503 mark_acc=0.92126270
[epoch 010] variant=minmax_sigmoid seed=52 train=1.50598237 nll=1.56386643 qty_mae=42.69600809 mark_acc=0.91509434
[epoch 011] variant=minmax_sigmoid seed=52 train=1.50461599 nll=1.57220157 qty_mae=42.76633617 mark_acc=0.91461055
[epoch 012] variant=minmax_sigmoid seed=52 train=1.50249104 nll=1.56627771 qty_mae=44.27055933 mark_acc=0.91956942
[epoch 013] variant=minmax_sigmoid seed=52 train=1.50361206 nll=1.57301562 qty_mae=45.45826422 mark_acc=0.92162554
[epoch 014] variant=minmax_sigmoid seed=52 train=1.49787190 nll=1.54887190 qty_mae=44.43328237 mark_acc=0.92452830
[epoch 015] variant=minmax_sigmoid seed=52 train=1.49640868 nll=1.56458677 qty_mae=43.68063778 mark_acc=0.92089985
[epoch 016] variant=minmax_sigmoid seed=52 train=1.49303830 nll=1.56945070 qty_mae=44.64586223 mark_acc=0.91727141
[epoch 017] variant=minmax_sigmoid seed=52 train=1.49193558 nll=1.56218521 qty_mae=42.00227845 mark_acc=0.92440735
[epoch 018] variant=minmax_sigmoid seed=52 train=1.49087536 nll=1.56245717 qty_mae=41.48518218 mark_acc=0.91908563
[epoch 019] variant=minmax_sigmoid seed=52 train=1.48976340 nll=1.55520300 qty_mae=42.23658638 mark_acc=0.92077891
[epoch 020] variant=minmax_sigmoid seed=52 train=1.48741738 nll=1.57094418 qty_mae=43.97070891 mark_acc=0.91751330
[epoch 021] variant=minmax_sigmoid seed=52 train=1.48429212 nll=1.55512870 qty_mae=41.25891422 mark_acc=0.92440735
[epoch 022] variant=minmax_sigmoid seed=52 train=1.48280467 nll=1.56533815 qty_mae=40.66057398 mark_acc=0.91739236
[epoch 023] variant=minmax_sigmoid seed=52 train=1.48054577 nll=1.56049696 qty_mae=42.10034774 mark_acc=0.92247218
[epoch 024] variant=minmax_sigmoid seed=52 train=1.48013217 nll=1.57515538 qty_mae=40.64293563 mark_acc=0.91618287
[epoch 025] variant=minmax_sigmoid seed=52 train=1.47770163 nll=1.55933907 qty_mae=38.75934496 mark_acc=0.92198839
[epoch 026] variant=minmax_sigmoid seed=52 train=1.47402437 nll=1.56716754 qty_mae=39.96205838 mark_acc=0.91666667
[epoch 027] variant=minmax_sigmoid seed=52 train=1.47060215 nll=1.57452391 qty_mae=39.64854747 mark_acc=0.91896468
[epoch 028] variant=minmax_sigmoid seed=52 train=1.47020602 nll=1.56135245 qty_mae=41.46905204 mark_acc=0.91932753
[epoch 029] variant=minmax_sigmoid seed=52 train=1.46612068 nll=1.55991102 qty_mae=40.43179493 mark_acc=0.91956942
[epoch 030] variant=minmax_sigmoid seed=52 train=1.46537152 nll=1.57542428 qty_mae=39.63232495 mark_acc=0.91751330
[epoch 031] variant=minmax_sigmoid seed=52 train=1.46372192 nll=1.58163926 qty_mae=42.17900848 mark_acc=0.91291727
[epoch 032] variant=minmax_sigmoid seed=52 train=1.46024133 nll=1.57595516 qty_mae=41.52003201 mark_acc=0.91860184
[epoch 033] variant=minmax_sigmoid seed=52 train=1.45839189 nll=1.57531814 qty_mae=40.80435126 mark_acc=0.91920658
[epoch 034] variant=minmax_sigmoid seed=52 train=1.45558678 nll=1.58074223 qty_mae=39.52056940 mark_acc=0.91835994
[epoch 035] variant=minmax_sigmoid seed=52 train=1.45165660 nll=1.58403034 qty_mae=41.07123936 mark_acc=0.91618287
[epoch 036] variant=minmax_sigmoid seed=52 train=1.45057336 nll=1.58083930 qty_mae=41.11328265 mark_acc=0.91739236
[epoch 037] variant=minmax_sigmoid seed=52 train=1.44726128 nll=1.58556873 qty_mae=42.77843026 mark_acc=0.91630382
[epoch 038] variant=minmax_sigmoid seed=52 train=1.44758755 nll=1.58825236 qty_mae=40.12101544 mark_acc=0.91545718
[epoch 039] variant=minmax_sigmoid seed=52 train=1.44515413 nll=1.59827338 qty_mae=41.25592185 mark_acc=0.91424770
[epoch 040] variant=minmax_sigmoid seed=52 train=1.44325872 nll=1.59710739 qty_mae=42.53761740 mark_acc=0.91594098
[epoch 041] variant=minmax_sigmoid seed=52 train=1.43792561 nll=1.59360420 qty_mae=42.72433974 mark_acc=0.91582003
[epoch 042] variant=minmax_sigmoid seed=52 train=1.43675565 nll=1.59144055 qty_mae=44.06788999 mark_acc=0.91835994
[epoch 043] variant=minmax_sigmoid seed=52 train=1.43162763 nll=1.59755948 qty_mae=45.29931894 mark_acc=0.91594098
[epoch 044] variant=minmax_sigmoid seed=52 train=1.42910793 nll=1.60945415 qty_mae=43.08111829 mark_acc=0.91678761
[epoch 045] variant=minmax_sigmoid seed=52 train=1.42854343 nll=1.60316765 qty_mae=41.02981032 mark_acc=0.91569908
[epoch 046] variant=minmax_sigmoid seed=52 train=1.42371500 nll=1.61563275 qty_mae=44.99925591 mark_acc=0.91751330
[epoch 047] variant=minmax_sigmoid seed=52 train=1.42337187 nll=1.61818222 qty_mae=42.63329737 mark_acc=0.91412675
[epoch 048] variant=minmax_sigmoid seed=52 train=1.41922369 nll=1.62735131 qty_mae=42.97714615 mark_acc=0.91569908
[epoch 049] variant=minmax_sigmoid seed=52 train=1.41594561 nll=1.62677682 qty_mae=40.48059115 mark_acc=0.91533624
[epoch 050] variant=minmax_sigmoid seed=52 train=1.41195004 nll=1.63950361 qty_mae=50.90241368 mark_acc=0.91122400
[epoch 051] variant=minmax_sigmoid seed=52 train=1.40899539 nll=1.64918586 qty_mae=41.53275626 mark_acc=0.91134494
[epoch 052] variant=minmax_sigmoid seed=52 train=1.40711890 nll=1.62950367 qty_mae=40.98010932 mark_acc=0.91630382
[epoch 053] variant=minmax_sigmoid seed=52 train=1.40682493 nll=1.66042806 qty_mae=42.04747384 mark_acc=0.91412675
[epoch 054] variant=minmax_sigmoid seed=52 train=1.40419701 nll=1.68396263 qty_mae=41.71200040 mark_acc=0.91533624
[epoch 055] variant=minmax_sigmoid seed=52 train=1.40430932 nll=1.68786911 qty_mae=42.77489020 mark_acc=0.90856313
[epoch 056] variant=minmax_sigmoid seed=52 train=1.39824132 nll=1.69289300 qty_mae=43.19143327 mark_acc=0.91328012
[epoch 057] variant=minmax_sigmoid seed=52 train=1.39979609 nll=1.70414146 qty_mae=43.20527850 mark_acc=0.91267537
[epoch 058] variant=minmax_sigmoid seed=52 train=1.40539669 nll=1.73131738 qty_mae=44.22284601 mark_acc=0.91110305
[epoch 059] variant=minmax_sigmoid seed=52 train=1.39203228 nll=1.72843989 qty_mae=42.35588767 mark_acc=0.90856313
[epoch 060] variant=minmax_sigmoid seed=52 train=1.38911937 nll=1.72253097 qty_mae=42.25563070 mark_acc=0.91049831
[epoch 061] variant=minmax_sigmoid seed=52 train=1.37929417 nll=1.78511594 qty_mae=42.23693640 mark_acc=0.91194969
[epoch 062] variant=minmax_sigmoid seed=52 train=1.37807764 nll=1.81716232 qty_mae=42.64906893 mark_acc=0.90686986
[epoch 063] variant=minmax_sigmoid seed=52 train=1.36929028 nll=1.83630405 qty_mae=41.92595282 mark_acc=0.91207063
[epoch 064] variant=minmax_sigmoid seed=52 train=1.36141580 nll=1.91315329 qty_mae=45.12307785 mark_acc=0.91170779
[epoch 065] variant=minmax_sigmoid seed=52 train=1.35785414 nll=1.88336856 qty_mae=43.83480112 mark_acc=0.90553943
[epoch 066] variant=minmax_sigmoid seed=52 train=1.35615410 nll=1.85525446 qty_mae=43.23577435 mark_acc=0.90348331
[epoch 067] variant=minmax_sigmoid seed=52 train=1.34977146 nll=1.88542877 qty_mae=43.93604492 mark_acc=0.90820029
[epoch 068] variant=minmax_sigmoid seed=52 train=1.34583125 nll=1.98961299 qty_mae=44.18034612 mark_acc=0.90626512
[epoch 069] variant=minmax_sigmoid seed=52 train=1.34351503 nll=1.99822558 qty_mae=44.24568447 mark_acc=0.90191098
[epoch 070] variant=minmax_sigmoid seed=52 train=1.33519808 nll=2.32510074 qty_mae=42.97061358 mark_acc=0.90263667
[epoch 071] variant=minmax_sigmoid seed=52 train=1.33346111 nll=3.31107594 qty_mae=43.09489403 mark_acc=0.90553943
[epoch 072] variant=minmax_sigmoid seed=52 train=1.33112066 nll=2.46210326 qty_mae=42.80021601 mark_acc=0.90940977
[epoch 073] variant=minmax_sigmoid seed=52 train=1.32466118 nll=2.88555270 qty_mae=44.16001974 mark_acc=0.90094340
[epoch 074] variant=minmax_sigmoid seed=52 train=1.32289514 nll=2.14259987 qty_mae=48.66366371 mark_acc=0.90686986
[early-stop] variant=minmax_sigmoid seed=52 current_epoch=74 best_epoch=14 patience=60
[epoch 001] variant=minmax_sigmoid seed=62 train=1.72934783 nll=1.61742135 qty_mae=90.04857961 mark_acc=0.91255443
[epoch 002] variant=minmax_sigmoid seed=62 train=1.58008897 nll=1.58672793 qty_mae=87.80603388 mark_acc=0.91582003
[epoch 003] variant=minmax_sigmoid seed=62 train=1.55343832 nll=1.56025733 qty_mae=67.71501586 mark_acc=0.92513304
[epoch 004] variant=minmax_sigmoid seed=62 train=1.53774407 nll=1.55523540 qty_mae=75.38842979 mark_acc=0.92549589
[epoch 005] variant=minmax_sigmoid seed=62 train=1.52710654 nll=1.55328639 qty_mae=58.13170582 mark_acc=0.92271408
[epoch 006] variant=minmax_sigmoid seed=62 train=1.52428323 nll=1.54916864 qty_mae=62.79987037 mark_acc=0.92307692
[epoch 007] variant=minmax_sigmoid seed=62 train=1.51952872 nll=1.56566362 qty_mae=49.04313086 mark_acc=0.91993227
[epoch 008] variant=minmax_sigmoid seed=62 train=1.51168256 nll=1.55922257 qty_mae=47.43741792 mark_acc=0.92537494
[epoch 009] variant=minmax_sigmoid seed=62 train=1.50958039 nll=1.55106404 qty_mae=46.98145624 mark_acc=0.92525399
[epoch 010] variant=minmax_sigmoid seed=62 train=1.50761837 nll=1.55223330 qty_mae=46.03876431 mark_acc=0.92356072
[epoch 011] variant=minmax_sigmoid seed=62 train=1.50255574 nll=1.54468693 qty_mae=43.46473922 mark_acc=0.92646347
[epoch 012] variant=minmax_sigmoid seed=62 train=1.50012615 nll=1.55541375 qty_mae=43.98638310 mark_acc=0.92065796
[epoch 013] variant=minmax_sigmoid seed=62 train=1.50001384 nll=1.55899834 qty_mae=41.91743214 mark_acc=0.92210934
[epoch 014] variant=minmax_sigmoid seed=62 train=1.49632794 nll=1.54549969 qty_mae=42.44423686 mark_acc=0.92356072
[epoch 015] variant=minmax_sigmoid seed=62 train=1.49626361 nll=1.55466393 qty_mae=48.96814437 mark_acc=0.92513304
[epoch 016] variant=minmax_sigmoid seed=62 train=1.49585657 nll=1.56251317 qty_mae=42.74475943 mark_acc=0.92319787
[epoch 017] variant=minmax_sigmoid seed=62 train=1.49240059 nll=1.56987934 qty_mae=42.64045956 mark_acc=0.92041606
[epoch 018] variant=minmax_sigmoid seed=62 train=1.48965171 nll=1.55131807 qty_mae=51.78241402 mark_acc=0.92259313
[epoch 019] variant=minmax_sigmoid seed=62 train=1.48577083 nll=1.57564431 qty_mae=43.93827432 mark_acc=0.91521529
[epoch 020] variant=minmax_sigmoid seed=62 train=1.48474048 nll=1.54825318 qty_mae=43.04166057 mark_acc=0.92404451
[epoch 021] variant=minmax_sigmoid seed=62 train=1.48408081 nll=1.55643552 qty_mae=42.79339772 mark_acc=0.92077891
[epoch 022] variant=minmax_sigmoid seed=62 train=1.47963533 nll=1.56053709 qty_mae=43.46165770 mark_acc=0.92138365
[epoch 023] variant=minmax_sigmoid seed=62 train=1.47725401 nll=1.55478086 qty_mae=48.93840724 mark_acc=0.92356072
[epoch 024] variant=minmax_sigmoid seed=62 train=1.47783290 nll=1.57372939 qty_mae=40.24306028 mark_acc=0.91594098
[epoch 025] variant=minmax_sigmoid seed=62 train=1.47546917 nll=1.55990408 qty_mae=41.95238126 mark_acc=0.92065796
[epoch 026] variant=minmax_sigmoid seed=62 train=1.47190670 nll=1.56154264 qty_mae=39.52098036 mark_acc=0.92150460
[epoch 027] variant=minmax_sigmoid seed=62 train=1.46986150 nll=1.56187753 qty_mae=39.22584615 mark_acc=0.92416546
[epoch 028] variant=minmax_sigmoid seed=62 train=1.46719637 nll=1.56109683 qty_mae=41.12231411 mark_acc=0.92452830
[epoch 029] variant=minmax_sigmoid seed=62 train=1.46685817 nll=1.57473185 qty_mae=48.55722104 mark_acc=0.92065796
[epoch 030] variant=minmax_sigmoid seed=62 train=1.46294686 nll=1.57160470 qty_mae=41.36856667 mark_acc=0.92271408
[epoch 031] variant=minmax_sigmoid seed=62 train=1.46021764 nll=1.57219049 qty_mae=40.07188323 mark_acc=0.92114175
[epoch 032] variant=minmax_sigmoid seed=62 train=1.45983164 nll=1.56231144 qty_mae=41.01939630 mark_acc=0.92537494
[epoch 033] variant=minmax_sigmoid seed=62 train=1.45483779 nll=1.58830884 qty_mae=40.49984228 mark_acc=0.91823899
[epoch 034] variant=minmax_sigmoid seed=62 train=1.45127382 nll=1.57738710 qty_mae=38.04906217 mark_acc=0.92331882
[epoch 035] variant=minmax_sigmoid seed=62 train=1.44822566 nll=1.58571610 qty_mae=40.92068527 mark_acc=0.91835994
[epoch 036] variant=minmax_sigmoid seed=62 train=1.45079131 nll=1.59582890 qty_mae=38.86749297 mark_acc=0.91702951
[epoch 037] variant=minmax_sigmoid seed=62 train=1.44566663 nll=1.59405052 qty_mae=42.53343926 mark_acc=0.91896468
[epoch 038] variant=minmax_sigmoid seed=62 train=1.44187581 nll=1.62014161 qty_mae=40.02104868 mark_acc=0.91557813
[epoch 039] variant=minmax_sigmoid seed=62 train=1.43990038 nll=1.59454733 qty_mae=41.09392253 mark_acc=0.91715046
[epoch 040] variant=minmax_sigmoid seed=62 train=1.43657480 nll=1.60116166 qty_mae=48.03321221 mark_acc=0.91702951
[epoch 041] variant=minmax_sigmoid seed=62 train=1.43578864 nll=1.60168705 qty_mae=40.21547548 mark_acc=0.91811805
[epoch 042] variant=minmax_sigmoid seed=62 train=1.43256891 nll=1.59977336 qty_mae=40.00771905 mark_acc=0.91775520
[epoch 043] variant=minmax_sigmoid seed=62 train=1.43358326 nll=1.62048686 qty_mae=41.32861499 mark_acc=0.91485244
[epoch 044] variant=minmax_sigmoid seed=62 train=1.42748204 nll=1.61671631 qty_mae=42.47744434 mark_acc=0.91823899
[epoch 045] variant=minmax_sigmoid seed=62 train=1.42721742 nll=1.61941328 qty_mae=42.58671187 mark_acc=0.91715046
[epoch 046] variant=minmax_sigmoid seed=62 train=1.42775011 nll=1.63002371 qty_mae=41.22552521 mark_acc=0.91606193
[epoch 047] variant=minmax_sigmoid seed=62 train=1.41811820 nll=1.65256621 qty_mae=41.06326191 mark_acc=0.91376391
[epoch 048] variant=minmax_sigmoid seed=62 train=1.42163409 nll=1.63994790 qty_mae=40.88275502 mark_acc=0.91702951
[epoch 049] variant=minmax_sigmoid seed=62 train=1.42208596 nll=1.64238715 qty_mae=41.39784054 mark_acc=0.91848089
[epoch 050] variant=minmax_sigmoid seed=62 train=1.41322986 nll=1.63557998 qty_mae=40.68819887 mark_acc=0.91848089
[epoch 051] variant=minmax_sigmoid seed=62 train=1.41135582 nll=1.66975154 qty_mae=42.04285128 mark_acc=0.91509434
[epoch 052] variant=minmax_sigmoid seed=62 train=1.41033861 nll=1.66514697 qty_mae=41.75923259 mark_acc=0.91497339
[epoch 053] variant=minmax_sigmoid seed=62 train=1.41726175 nll=1.66706005 qty_mae=38.64344129 mark_acc=0.91364296
[epoch 054] variant=minmax_sigmoid seed=62 train=1.41750866 nll=1.67891304 qty_mae=44.31706830 mark_acc=0.91582003
[epoch 055] variant=minmax_sigmoid seed=62 train=1.40984377 nll=1.69046143 qty_mae=39.92402304 mark_acc=0.91146589
[epoch 056] variant=minmax_sigmoid seed=62 train=1.41022776 nll=1.70229617 qty_mae=41.93920564 mark_acc=0.91461055
[epoch 057] variant=minmax_sigmoid seed=62 train=1.43737163 nll=1.69888312 qty_mae=41.45747648 mark_acc=0.91279632
[epoch 058] variant=minmax_sigmoid seed=62 train=1.42425371 nll=1.69968383 qty_mae=43.90602929 mark_acc=0.91388486
[epoch 059] variant=minmax_sigmoid seed=62 train=1.40320963 nll=1.73906695 qty_mae=42.08497508 mark_acc=0.91086115
[epoch 060] variant=minmax_sigmoid seed=62 train=1.42630146 nll=1.76812152 qty_mae=41.97161397 mark_acc=0.90977262
[epoch 061] variant=minmax_sigmoid seed=62 train=1.39882121 nll=1.77425051 qty_mae=42.54312375 mark_acc=0.90868408
[epoch 062] variant=minmax_sigmoid seed=62 train=1.38522763 nll=1.78469390 qty_mae=41.81192439 mark_acc=0.90820029
[epoch 063] variant=minmax_sigmoid seed=62 train=1.37924821 nll=1.83160912 qty_mae=44.10614412 mark_acc=0.91340106
[epoch 064] variant=minmax_sigmoid seed=62 train=1.37225133 nll=1.86228312 qty_mae=43.55803962 mark_acc=0.90856313
[epoch 065] variant=minmax_sigmoid seed=62 train=1.36833944 nll=1.80682349 qty_mae=42.38685455 mark_acc=0.91376391
[epoch 066] variant=minmax_sigmoid seed=62 train=1.36656374 nll=1.89743537 qty_mae=41.54877864 mark_acc=0.90771650
[epoch 067] variant=minmax_sigmoid seed=62 train=1.35893736 nll=1.93115360 qty_mae=43.89316591 mark_acc=0.90940977
[epoch 068] variant=minmax_sigmoid seed=62 train=1.35144469 nll=1.87850391 qty_mae=44.04527536 mark_acc=0.91086115
[epoch 069] variant=minmax_sigmoid seed=62 train=1.34619894 nll=1.92986797 qty_mae=42.43124011 mark_acc=0.90735365
[epoch 070] variant=minmax_sigmoid seed=62 train=1.33593629 nll=2.03518543 qty_mae=42.73953550 mark_acc=0.90336236
[epoch 071] variant=minmax_sigmoid seed=62 train=1.34067129 nll=2.27725196 qty_mae=43.56682049 mark_acc=0.90965167
[early-stop] variant=minmax_sigmoid seed=62 current_epoch=71 best_epoch=11 patience=60
[complete] output_dir=/home/leekwanhyeong/workspace/paper_research/search_artifacts/taxi_positive_regression_control_e300_20260811/minmax_sigmoid runs=3
